Scanning 7 Kaggle dataset folders...
  CT Scan Images for Lung Cancer (Dishan rathi20): 2274 files
  CT Scan Images of Lung Cancer Patients.(MD. NAFEES IMTIAZ): 1535 files
  Chest CT-Scan images Dataset (Mohamed Hany): 1000 files
  IQ-OTHNCCD - Lung Cancer Dataset (Aditya Mahimkar): 1294 files
  IQ-OTHNCCD Lung Cancer Dataset (Augmented) (Subhajeet Das): 3609 files
  Lung cancer dataset (IQ-OTHNCCD)(Waseim Nagah Hennes): 2073 files
  The IQ-OTHNCCD lung cancer dataset ( Hamdalla F. Al-Yasriy ): 1097 files
Total raw files: 12882

Fingerprinting (MD5 + perceptual hash)...
  fingerprinted 2000/12882
  fingerprinted 4000/12882
  fingerprinted 6000/12882
  fingerprinted 8000/12882
  fingerprinted 10000/12882
  fingerprinted 12000/12882

After excluding synthetic-augmented (3609) and unlabeled/corrupt (394 unlabeled): 8879 remain
Files in label-conflicting groups (dropped): 0

=== Kaggle canonical pool ===
Total raw files (7 datasets): 12882
Excluded synthetic-augmented: 3609
Excluded unlabeled/corrupt: 394
Excluded (label-conflict groups): 0
Final canonical pool: 1627
canonical_label
Malignant    1192
Normal        342
Benign         93
Name: count, dtype: int64

Saved: D:\skripsi\Kodingan\outputs\manifests\kaggle_canonical_pool.csv
