Held-out test: 226 images
Loaded 10 models: ['efficientnet_b0_fold0', 'efficientnet_b0_fold1', 'efficientnet_b0_fold2', 'efficientnet_b0_fold3', 'efficientnet_b0_fold4', 'resnet50_fold0', 'resnet50_fold1', 'resnet50_fold2', 'resnet50_fold3', 'resnet50_fold4']
  efficientnet_b0_fold0: {'accuracy': 0.6637168141592921, 'macro_f1': 0.6776948839638425, 'cancer_recall': 0.514018691588785, 'benign_recall': 0.6666666666666666, 'roc_auc': 0.8645335597072537}
  efficientnet_b0_fold1: {'accuracy': 0.6769911504424779, 'macro_f1': 0.6873724841466776, 'cancer_recall': 0.5420560747663551, 'benign_recall': 0.6666666666666666, 'roc_auc': 0.8702044296562428}
  efficientnet_b0_fold2: {'accuracy': 0.7123893805309734, 'macro_f1': 0.7186224036925261, 'cancer_recall': 0.5981308411214953, 'benign_recall': 0.6862745098039216, 'roc_auc': 0.8641049951271175}
  efficientnet_b0_fold3: {'accuracy': 0.6946902654867256, 'macro_f1': 0.7002117697344135, 'cancer_recall': 0.5700934579439252, 'benign_recall': 0.6274509803921569, 'roc_auc': 0.8715223994089137}
  efficientnet_b0_fold4: {'accuracy': 0.7079646017699115, 'macro_f1': 0.7043269629476526, 'cancer_recall': 0.6448598130841121, 'benign_recall': 0.5490196078431373, 'roc_auc': 0.8729054259820573}
  resnet50_fold0: {'accuracy': 0.6858407079646017, 'macro_f1': 0.6799704865194262, 'cancer_recall': 0.5607476635514018, 'benign_recall': 0.5490196078431373, 'roc_auc': 0.8564922707124571}
  resnet50_fold1: {'accuracy': 0.7345132743362832, 'macro_f1': 0.7241989353929652, 'cancer_recall': 0.6915887850467289, 'benign_recall': 0.5294117647058824, 'roc_auc': 0.8611670738724134}
  resnet50_fold2: {'accuracy': 0.7168141592920354, 'macro_f1': 0.7159010023107387, 'cancer_recall': 0.6542056074766355, 'benign_recall': 0.5882352941176471, 'roc_auc': 0.8645805488092946}
  resnet50_fold3: {'accuracy': 0.6991150442477876, 'macro_f1': 0.7005363042643103, 'cancer_recall': 0.5700934579439252, 'benign_recall': 0.6078431372549019, 'roc_auc': 0.8604136780703054}
  resnet50_fold4: {'accuracy': 0.7212389380530974, 'macro_f1': 0.7205563143677138, 'cancer_recall': 0.6074766355140186, 'benign_recall': 0.6274509803921569, 'roc_auc': 0.8736207362001546}
  EfficientNet-B0 (5-fold): {'accuracy': 0.6991150442477876, 'macro_f1': 0.703777401117371, 'cancer_recall': 0.5887850467289719, 'benign_recall': 0.6274509803921569, 'roc_auc': 0.8756263860487215}
  ResNet50 (5-fold): {'accuracy': 0.7168141592920354, 'macro_f1': 0.7137249060208025, 'cancer_recall': 0.616822429906542, 'benign_recall': 0.5882352941176471, 'roc_auc': 0.8669535724696441}
  Ensemble 10-model (bobot setara): {'accuracy': 0.7212389380530974, 'macro_f1': 0.722493979856507, 'cancer_recall': 0.6074766355140186, 'benign_recall': 0.6274509803921569, 'roc_auc': 0.877032007487328}
  Ensemble 10-model (bobot tertimbang): {'accuracy': 0.7212389380530974, 'macro_f1': 0.722493979856507, 'cancer_recall': 0.6074766355140186, 'benign_recall': 0.6274509803921569, 'roc_auc': 0.876856435700981}

Final ensemble selected: Ensemble 10-model (bobot tertimbang)
       class  support  precision    recall        f1
0     Benign       51   0.438356  0.627451  0.516129
1  Malignant      107   0.755814  0.607477  0.673575
2     Normal       68   0.985075  0.970588  0.977778

=== SUMMARY ===
{
  "final_ensemble_config": "Ensemble 10-model (bobot tertimbang)",
  "final_metrics": {
    "accuracy": 0.7212389380530974,
    "macro_f1": 0.722493979856507,
    "cancer_recall": 0.6074766355140186,
    "benign_recall": 0.6274509803921569,
    "roc_auc": 0.876856435700981
  },
  "per_class_auc": {
    "Benign": 0.7929411764705883,
    "Malignant": 0.8383727322704783,
    "Normal": 0.9992553983618765
  },
  "n_test": 226,
  "n_misclassified": 63
}
