Held-out test: 522 images
Loaded 10 models: ['efficientnet_b0_fold0', 'efficientnet_b0_fold1', 'efficientnet_b0_fold2', 'efficientnet_b0_fold3', 'efficientnet_b0_fold4', 'resnet50_fold0', 'resnet50_fold1', 'resnet50_fold2', 'resnet50_fold3', 'resnet50_fold4']
  efficientnet_b0_fold0: {'accuracy': 0.7471264367816092, 'macro_f1': 0.673259791598892, 'cancer_recall': 0.7325227963525835, 'benign_recall': 0.4857142857142857, 'roc_auc': 0.892027000967587}
  efficientnet_b0_fold1: {'accuracy': 0.7394636015325671, 'macro_f1': 0.6813268050704208, 'cancer_recall': 0.6930091185410334, 'benign_recall': 0.5714285714285714, 'roc_auc': 0.9020036104864763}
  efficientnet_b0_fold2: {'accuracy': 0.7413793103448276, 'macro_f1': 0.680112020406637, 'cancer_recall': 0.7112462006079028, 'benign_recall': 0.5714285714285714, 'roc_auc': 0.9053468216208672}
  efficientnet_b0_fold3: {'accuracy': 0.6762452107279694, 'macro_f1': 0.6203147758738113, 'cancer_recall': 0.6474164133738601, 'benign_recall': 0.5428571428571428, 'roc_auc': 0.8477877695683764}
  efficientnet_b0_fold4: {'accuracy': 0.7413793103448276, 'macro_f1': 0.6815357677650397, 'cancer_recall': 0.7021276595744681, 'benign_recall': 0.5714285714285714, 'roc_auc': 0.9052829877297511}
  resnet50_fold0: {'accuracy': 0.7260536398467433, 'macro_f1': 0.6732504337767495, 'cancer_recall': 0.7021276595744681, 'benign_recall': 0.6571428571428571, 'roc_auc': 0.8980156250147798}
  resnet50_fold1: {'accuracy': 0.7796934865900383, 'macro_f1': 0.7193960620679022, 'cancer_recall': 0.78419452887538, 'benign_recall': 0.6571428571428571, 'roc_auc': 0.9272060723671064}
  resnet50_fold2: {'accuracy': 0.7681992337164751, 'macro_f1': 0.7166505608683386, 'cancer_recall': 0.7446808510638298, 'benign_recall': 0.7142857142857143, 'roc_auc': 0.9153757584543637}
  resnet50_fold3: {'accuracy': 0.6781609195402298, 'macro_f1': 0.63357084926428, 'cancer_recall': 0.6291793313069909, 'benign_recall': 0.6428571428571429, 'roc_auc': 0.8744020364952739}
  resnet50_fold4: {'accuracy': 0.6839080459770115, 'macro_f1': 0.6422426190902952, 'cancer_recall': 0.6474164133738601, 'benign_recall': 0.7, 'roc_auc': 0.878971607832078}
  EfficientNet-B0 (5-fold): {'accuracy': 0.7394636015325671, 'macro_f1': 0.6800197747246823, 'cancer_recall': 0.6960486322188449, 'benign_recall': 0.5571428571428572, 'roc_auc': 0.898178447772687}
  ResNet50 (5-fold): {'accuracy': 0.7509578544061303, 'macro_f1': 0.7052674143342225, 'cancer_recall': 0.7142857142857143, 'benign_recall': 0.7142857142857143, 'roc_auc': 0.9096655150238663}
  Ensemble 10-model (bobot setara): {'accuracy': 0.7567049808429118, 'macro_f1': 0.7080311027998897, 'cancer_recall': 0.7112462006079028, 'benign_recall': 0.6714285714285714, 'roc_auc': 0.9129176721524471}
  Ensemble 10-model (bobot tertimbang): {'accuracy': 0.7567049808429118, 'macro_f1': 0.7080311027998897, 'cancer_recall': 0.7112462006079028, 'benign_recall': 0.6714285714285714, 'roc_auc': 0.9129877113293134}

Final ensemble selected: Ensemble 10-model (bobot tertimbang)
       class  support  precision    recall        f1
0     Benign       70   0.364341  0.671429  0.472362
1  Malignant      329   0.966942  0.711246  0.819615
2     Normal      123   0.754967  0.926829  0.832117

=== SUMMARY ===
{
  "final_ensemble_config": "Ensemble 10-model (bobot tertimbang)",
  "final_metrics": {
    "accuracy": 0.7567049808429118,
    "macro_f1": 0.7080311027998897,
    "cancer_recall": 0.7112462006079028,
    "benign_recall": 0.6714285714285714,
    "roc_auc": 0.9129877113293134
  },
  "per_class_auc": {
    "Benign": 0.8470922882427308,
    "Malignant": 0.937146636848985,
    "Normal": 0.9547242088962243
  },
  "n_test": 522,
  "n_misclassified": 127
}
