Total series to process: 1308
  [50/1308] new_ok=0 skipped_existing=50 fail=0
  [100/1308] new_ok=0 skipped_existing=100 fail=0
  [150/1308] new_ok=0 skipped_existing=150 fail=0
  [200/1308] new_ok=0 skipped_existing=200 fail=0
  [250/1308] new_ok=0 skipped_existing=250 fail=0
  [300/1308] new_ok=0 skipped_existing=300 fail=0
  [350/1308] new_ok=0 skipped_existing=350 fail=0
  [400/1308] new_ok=0 skipped_existing=400 fail=0
  [450/1308] new_ok=0 skipped_existing=450 fail=0
  [500/1308] new_ok=0 skipped_existing=500 fail=0
  [550/1308] new_ok=0 skipped_existing=550 fail=0
  [600/1308] new_ok=19 skipped_existing=581 fail=0
  [650/1308] new_ok=69 skipped_existing=581 fail=0
  [700/1308] new_ok=119 skipped_existing=581 fail=0
  [750/1308] new_ok=169 skipped_existing=581 fail=0
  [800/1308] new_ok=219 skipped_existing=581 fail=0
  [850/1308] new_ok=269 skipped_existing=581 fail=0
  [900/1308] new_ok=319 skipped_existing=581 fail=0
  [950/1308] new_ok=369 skipped_existing=581 fail=0
  [1000/1308] new_ok=419 skipped_existing=581 fail=0
  [1050/1308] new_ok=469 skipped_existing=581 fail=0
  [1100/1308] new_ok=519 skipped_existing=581 fail=0
  [1150/1308] new_ok=569 skipped_existing=581 fail=0
  [1200/1308] new_ok=619 skipped_existing=581 fail=0
  [1250/1308] new_ok=669 skipped_existing=581 fail=0
  [1300/1308] new_ok=719 skipped_existing=581 fail=0
  [1308/1308] new_ok=727 skipped_existing=581 fail=0

=== Final image counts ===
canonical_label
Normal       651
Malignant    436
Benign       221
Name: count, dtype: int64
Unique patients (split_group): 1010
Saved manifest: D:\skripsi\Kodingan\outputs\manifests\lidc_canonical_pool.csv
