Device: cuda

=== efficientnet_b0 fold 0 === train=715 val=179 class_weights=[1.6319999694824219, 0.8190000057220459, 0.8569999933242798]
  [A-head] epoch 1/12 lr=1.0e-03 train_loss=0.9046 train_acc=0.575 val_loss=0.9199 val_acc=0.620 val_macroF1=0.615 val_cancerRecall=0.616 (65.2s)
  [A-head] epoch 2/12 lr=1.0e-03 train_loss=0.7669 train_acc=0.638 val_loss=0.7938 val_acc=0.626 val_macroF1=0.584 val_cancerRecall=0.781 (20.3s)
  [A-head] epoch 3/12 lr=1.0e-03 train_loss=0.7060 train_acc=0.657 val_loss=0.8262 val_acc=0.559 val_macroF1=0.562 val_cancerRecall=0.438 (19.8s)
  [A-head] epoch 4/12 lr=1.0e-03 train_loss=0.7237 train_acc=0.674 val_loss=0.7774 val_acc=0.620 val_macroF1=0.603 val_cancerRecall=0.658 (19.7s)
  [A-head] epoch 5/12 lr=1.0e-03 train_loss=0.7080 train_acc=0.690 val_loss=0.7821 val_acc=0.587 val_macroF1=0.588 val_cancerRecall=0.452 (19.6s)
  [A-head] epoch 6/12 lr=1.0e-03 train_loss=0.7067 train_acc=0.660 val_loss=0.7730 val_acc=0.609 val_macroF1=0.595 val_cancerRecall=0.616 (19.5s)
  [A-head] epoch 7/12 lr=1.0e-03 train_loss=0.6979 train_acc=0.664 val_loss=0.7491 val_acc=0.609 val_macroF1=0.593 val_cancerRecall=0.589 (19.6s)
  [A-head] early stopping at epoch 7 (no val macro-F1 improvement for 6 epochs)
  [B-finetune] epoch 1/25 lr=1.0e-05 train_loss=0.6805 train_acc=0.690 val_loss=0.7640 val_acc=0.615 val_macroF1=0.604 val_cancerRecall=0.562 (22.9s)
  [B-finetune] epoch 2/25 lr=1.0e-05 train_loss=0.6756 train_acc=0.683 val_loss=0.7484 val_acc=0.631 val_macroF1=0.616 val_cancerRecall=0.616 (19.6s)
  [B-finetune] epoch 3/25 lr=1.0e-05 train_loss=0.6820 train_acc=0.691 val_loss=0.7459 val_acc=0.620 val_macroF1=0.602 val_cancerRecall=0.616 (19.6s)
  [B-finetune] epoch 4/25 lr=1.0e-05 train_loss=0.6615 train_acc=0.708 val_loss=0.7521 val_acc=0.615 val_macroF1=0.591 val_cancerRecall=0.644 (20.1s)
  [B-finetune] epoch 5/25 lr=1.0e-05 train_loss=0.6615 train_acc=0.701 val_loss=0.7376 val_acc=0.642 val_macroF1=0.620 val_cancerRecall=0.671 (19.6s)
  [B-finetune] epoch 6/25 lr=1.0e-05 train_loss=0.6748 train_acc=0.690 val_loss=0.7362 val_acc=0.642 val_macroF1=0.613 val_cancerRecall=0.699 (19.7s)
  [B-finetune] epoch 7/25 lr=1.0e-05 train_loss=0.6662 train_acc=0.701 val_loss=0.7357 val_acc=0.637 val_macroF1=0.612 val_cancerRecall=0.671 (19.9s)
  [B-finetune] epoch 8/25 lr=1.0e-05 train_loss=0.6588 train_acc=0.702 val_loss=0.7376 val_acc=0.631 val_macroF1=0.614 val_cancerRecall=0.630 (19.7s)
  [B-finetune] epoch 9/25 lr=1.0e-05 train_loss=0.6518 train_acc=0.703 val_loss=0.7248 val_acc=0.654 val_macroF1=0.622 val_cancerRecall=0.726 (19.7s)
  [B-finetune] epoch 10/25 lr=1.0e-05 train_loss=0.6376 train_acc=0.719 val_loss=0.7338 val_acc=0.637 val_macroF1=0.601 val_cancerRecall=0.712 (19.6s)
  [B-finetune] epoch 11/25 lr=1.0e-05 train_loss=0.6507 train_acc=0.705 val_loss=0.7314 val_acc=0.626 val_macroF1=0.593 val_cancerRecall=0.685 (19.6s)
  [B-finetune] epoch 12/25 lr=1.0e-05 train_loss=0.6336 train_acc=0.708 val_loss=0.7215 val_acc=0.659 val_macroF1=0.630 val_cancerRecall=0.712 (19.7s)
  [B-finetune] epoch 13/25 lr=1.0e-05 train_loss=0.6661 train_acc=0.698 val_loss=0.7204 val_acc=0.654 val_macroF1=0.626 val_cancerRecall=0.699 (19.6s)
  [B-finetune] epoch 14/25 lr=1.0e-05 train_loss=0.6325 train_acc=0.712 val_loss=0.7295 val_acc=0.637 val_macroF1=0.609 val_cancerRecall=0.671 (19.5s)
  [B-finetune] epoch 15/25 lr=1.0e-05 train_loss=0.6307 train_acc=0.727 val_loss=0.7127 val_acc=0.654 val_macroF1=0.626 val_cancerRecall=0.699 (19.8s)
  [B-finetune] epoch 16/25 lr=5.0e-06 train_loss=0.6230 train_acc=0.709 val_loss=0.7200 val_acc=0.642 val_macroF1=0.613 val_cancerRecall=0.685 (19.7s)
  [B-finetune] epoch 17/25 lr=5.0e-06 train_loss=0.6193 train_acc=0.726 val_loss=0.7174 val_acc=0.637 val_macroF1=0.609 val_cancerRecall=0.671 (19.5s)
  [B-finetune] epoch 18/25 lr=5.0e-06 train_loss=0.6250 train_acc=0.722 val_loss=0.7150 val_acc=0.654 val_macroF1=0.626 val_cancerRecall=0.685 (19.8s)
  [B-finetune] early stopping at epoch 18 (no val macro-F1 improvement for 6 epochs)
=== efficientnet_b0 fold 0 DONE -- best val macro-F1 = 0.6299 ===

=== efficientnet_b0 fold 1 === train=714 val=180 class_weights=[1.6410000324249268, 0.8180000185966492, 0.8560000061988831]
  [A-head] epoch 1/12 lr=1.0e-03 train_loss=0.9301 train_acc=0.556 val_loss=0.8988 val_acc=0.500 val_macroF1=0.483 val_cancerRecall=0.123 (19.5s)
  [A-head] epoch 2/12 lr=1.0e-03 train_loss=0.7840 train_acc=0.620 val_loss=0.7521 val_acc=0.611 val_macroF1=0.607 val_cancerRecall=0.507 (19.6s)
  [A-head] epoch 3/12 lr=1.0e-03 train_loss=0.7491 train_acc=0.640 val_loss=0.7041 val_acc=0.661 val_macroF1=0.646 val_cancerRecall=0.616 (19.5s)
  [A-head] epoch 4/12 lr=1.0e-03 train_loss=0.7493 train_acc=0.662 val_loss=0.6636 val_acc=0.689 val_macroF1=0.637 val_cancerRecall=0.795 (19.6s)
  [A-head] epoch 5/12 lr=1.0e-03 train_loss=0.7371 train_acc=0.630 val_loss=0.6631 val_acc=0.667 val_macroF1=0.636 val_cancerRecall=0.671 (19.6s)
  [A-head] epoch 6/12 lr=1.0e-03 train_loss=0.7397 train_acc=0.668 val_loss=0.6879 val_acc=0.644 val_macroF1=0.630 val_cancerRecall=0.562 (19.6s)
  [A-head] epoch 7/12 lr=1.0e-03 train_loss=0.7336 train_acc=0.651 val_loss=0.6496 val_acc=0.667 val_macroF1=0.619 val_cancerRecall=0.726 (19.8s)
  [A-head] epoch 8/12 lr=1.0e-03 train_loss=0.7413 train_acc=0.643 val_loss=0.6382 val_acc=0.683 val_macroF1=0.627 val_cancerRecall=0.781 (19.6s)
  [A-head] epoch 9/12 lr=1.0e-03 train_loss=0.7067 train_acc=0.688 val_loss=0.6274 val_acc=0.683 val_macroF1=0.603 val_cancerRecall=0.836 (19.5s)
  [A-head] early stopping at epoch 9 (no val macro-F1 improvement for 6 epochs)
  [B-finetune] epoch 1/25 lr=1.0e-05 train_loss=0.7079 train_acc=0.683 val_loss=0.6269 val_acc=0.689 val_macroF1=0.614 val_cancerRecall=0.836 (19.8s)
  [B-finetune] epoch 2/25 lr=1.0e-05 train_loss=0.7112 train_acc=0.676 val_loss=0.6270 val_acc=0.683 val_macroF1=0.622 val_cancerRecall=0.795 (19.8s)
  [B-finetune] epoch 3/25 lr=1.0e-05 train_loss=0.6931 train_acc=0.699 val_loss=0.6264 val_acc=0.706 val_macroF1=0.656 val_cancerRecall=0.808 (19.7s)
  [B-finetune] epoch 4/25 lr=1.0e-05 train_loss=0.6934 train_acc=0.678 val_loss=0.6261 val_acc=0.689 val_macroF1=0.632 val_cancerRecall=0.795 (19.9s)
  [B-finetune] epoch 5/25 lr=1.0e-05 train_loss=0.6615 train_acc=0.728 val_loss=0.6176 val_acc=0.672 val_macroF1=0.628 val_cancerRecall=0.726 (19.6s)
  [B-finetune] epoch 6/25 lr=1.0e-05 train_loss=0.6780 train_acc=0.686 val_loss=0.6206 val_acc=0.672 val_macroF1=0.633 val_cancerRecall=0.712 (19.6s)
  [B-finetune] epoch 7/25 lr=5.0e-06 train_loss=0.7106 train_acc=0.674 val_loss=0.6142 val_acc=0.700 val_macroF1=0.651 val_cancerRecall=0.781 (19.6s)
  [B-finetune] epoch 8/25 lr=5.0e-06 train_loss=0.6730 train_acc=0.681 val_loss=0.6196 val_acc=0.656 val_macroF1=0.623 val_cancerRecall=0.644 (19.7s)
  [B-finetune] epoch 9/25 lr=5.0e-06 train_loss=0.6726 train_acc=0.679 val_loss=0.6191 val_acc=0.667 val_macroF1=0.632 val_cancerRecall=0.671 (19.5s)
  [B-finetune] early stopping at epoch 9 (no val macro-F1 improvement for 6 epochs)
=== efficientnet_b0 fold 1 DONE -- best val macro-F1 = 0.6559 ===

=== efficientnet_b0 fold 2 === train=716 val=178 class_weights=[1.6349999904632568, 0.8199999928474426, 0.8550000190734863]
  [A-head] epoch 1/12 lr=1.0e-03 train_loss=0.8945 train_acc=0.608 val_loss=0.9738 val_acc=0.483 val_macroF1=0.479 val_cancerRecall=0.164 (19.8s)
  [A-head] epoch 2/12 lr=1.0e-03 train_loss=0.7537 train_acc=0.673 val_loss=0.8796 val_acc=0.494 val_macroF1=0.466 val_cancerRecall=0.082 (19.7s)
  [A-head] epoch 3/12 lr=1.0e-03 train_loss=0.7202 train_acc=0.662 val_loss=0.8858 val_acc=0.511 val_macroF1=0.512 val_cancerRecall=0.315 (19.6s)
  [A-head] epoch 4/12 lr=1.0e-03 train_loss=0.7101 train_acc=0.675 val_loss=0.8262 val_acc=0.579 val_macroF1=0.541 val_cancerRecall=0.603 (19.8s)
  [A-head] epoch 5/12 lr=1.0e-03 train_loss=0.7077 train_acc=0.701 val_loss=0.8491 val_acc=0.551 val_macroF1=0.540 val_cancerRecall=0.466 (19.8s)
  [A-head] epoch 6/12 lr=1.0e-03 train_loss=0.6876 train_acc=0.675 val_loss=0.7964 val_acc=0.618 val_macroF1=0.556 val_cancerRecall=0.726 (19.7s)
  [A-head] epoch 7/12 lr=1.0e-03 train_loss=0.6683 train_acc=0.696 val_loss=0.8240 val_acc=0.612 val_macroF1=0.549 val_cancerRecall=0.726 (19.7s)
  [A-head] epoch 8/12 lr=1.0e-03 train_loss=0.6631 train_acc=0.708 val_loss=0.8189 val_acc=0.601 val_macroF1=0.527 val_cancerRecall=0.726 (19.7s)
  [A-head] epoch 9/12 lr=1.0e-03 train_loss=0.6481 train_acc=0.722 val_loss=0.8355 val_acc=0.590 val_macroF1=0.539 val_cancerRecall=0.658 (19.6s)
  [A-head] epoch 10/12 lr=1.0e-03 train_loss=0.6642 train_acc=0.698 val_loss=0.8663 val_acc=0.584 val_macroF1=0.557 val_cancerRecall=0.575 (19.6s)
  [A-head] epoch 11/12 lr=1.0e-03 train_loss=0.6887 train_acc=0.719 val_loss=0.8425 val_acc=0.584 val_macroF1=0.553 val_cancerRecall=0.589 (19.7s)
  [A-head] epoch 12/12 lr=1.0e-03 train_loss=0.6583 train_acc=0.691 val_loss=0.8335 val_acc=0.607 val_macroF1=0.564 val_cancerRecall=0.658 (19.6s)
  [B-finetune] epoch 1/25 lr=1.0e-05 train_loss=0.6362 train_acc=0.721 val_loss=0.8360 val_acc=0.601 val_macroF1=0.561 val_cancerRecall=0.644 (19.8s)
  [B-finetune] epoch 2/25 lr=1.0e-05 train_loss=0.6620 train_acc=0.705 val_loss=0.8311 val_acc=0.601 val_macroF1=0.560 val_cancerRecall=0.644 (19.7s)
  [B-finetune] epoch 3/25 lr=1.0e-05 train_loss=0.6097 train_acc=0.740 val_loss=0.8384 val_acc=0.596 val_macroF1=0.553 val_cancerRecall=0.644 (19.7s)
  [B-finetune] epoch 4/25 lr=1.0e-05 train_loss=0.6728 train_acc=0.693 val_loss=0.8318 val_acc=0.601 val_macroF1=0.561 val_cancerRecall=0.644 (19.9s)
  [B-finetune] epoch 5/25 lr=5.0e-06 train_loss=0.6129 train_acc=0.716 val_loss=0.8343 val_acc=0.596 val_macroF1=0.561 val_cancerRecall=0.616 (19.7s)
  [B-finetune] epoch 6/25 lr=5.0e-06 train_loss=0.6109 train_acc=0.732 val_loss=0.8382 val_acc=0.596 val_macroF1=0.565 val_cancerRecall=0.603 (19.7s)
  [B-finetune] epoch 7/25 lr=5.0e-06 train_loss=0.6326 train_acc=0.723 val_loss=0.8233 val_acc=0.601 val_macroF1=0.560 val_cancerRecall=0.644 (19.9s)
  [B-finetune] epoch 8/25 lr=5.0e-06 train_loss=0.6275 train_acc=0.723 val_loss=0.8310 val_acc=0.607 val_macroF1=0.571 val_cancerRecall=0.644 (19.7s)
  [B-finetune] epoch 9/25 lr=5.0e-06 train_loss=0.5959 train_acc=0.739 val_loss=0.8414 val_acc=0.601 val_macroF1=0.565 val_cancerRecall=0.630 (19.7s)
  [B-finetune] epoch 10/25 lr=5.0e-06 train_loss=0.6232 train_acc=0.696 val_loss=0.8356 val_acc=0.601 val_macroF1=0.566 val_cancerRecall=0.630 (19.7s)
  [B-finetune] epoch 11/25 lr=5.0e-06 train_loss=0.6292 train_acc=0.726 val_loss=0.8365 val_acc=0.601 val_macroF1=0.566 val_cancerRecall=0.630 (19.6s)
  [B-finetune] epoch 12/25 lr=2.5e-06 train_loss=0.6176 train_acc=0.732 val_loss=0.8379 val_acc=0.596 val_macroF1=0.561 val_cancerRecall=0.616 (19.7s)
  [B-finetune] epoch 13/25 lr=2.5e-06 train_loss=0.6130 train_acc=0.725 val_loss=0.8287 val_acc=0.590 val_macroF1=0.553 val_cancerRecall=0.616 (19.6s)
  [B-finetune] epoch 14/25 lr=2.5e-06 train_loss=0.6341 train_acc=0.732 val_loss=0.8238 val_acc=0.601 val_macroF1=0.561 val_cancerRecall=0.644 (19.6s)
  [B-finetune] early stopping at epoch 14 (no val macro-F1 improvement for 6 epochs)
=== efficientnet_b0 fold 2 DONE -- best val macro-F1 = 0.5707 ===

=== efficientnet_b0 fold 3 === train=715 val=179 class_weights=[1.6440000534057617, 0.8159999847412109, 0.8569999933242798]
  [A-head] epoch 1/12 lr=1.0e-03 train_loss=0.9206 train_acc=0.580 val_loss=0.8354 val_acc=0.542 val_macroF1=0.513 val_cancerRecall=0.125 (19.7s)
  [A-head] epoch 2/12 lr=1.0e-03 train_loss=0.7903 train_acc=0.627 val_loss=0.7422 val_acc=0.581 val_macroF1=0.570 val_cancerRecall=0.264 (19.7s)
  [A-head] epoch 3/12 lr=1.0e-03 train_loss=0.7602 train_acc=0.613 val_loss=0.6549 val_acc=0.721 val_macroF1=0.691 val_cancerRecall=0.722 (19.7s)
  [A-head] epoch 4/12 lr=1.0e-03 train_loss=0.7442 train_acc=0.655 val_loss=0.6201 val_acc=0.732 val_macroF1=0.652 val_cancerRecall=0.875 (19.6s)
  [A-head] epoch 5/12 lr=1.0e-03 train_loss=0.7347 train_acc=0.648 val_loss=0.6145 val_acc=0.765 val_macroF1=0.705 val_cancerRecall=0.889 (19.8s)
  [A-head] epoch 6/12 lr=1.0e-03 train_loss=0.7347 train_acc=0.687 val_loss=0.6513 val_acc=0.665 val_macroF1=0.641 val_cancerRecall=0.514 (19.5s)
  [A-head] epoch 7/12 lr=1.0e-03 train_loss=0.7104 train_acc=0.662 val_loss=0.6357 val_acc=0.693 val_macroF1=0.662 val_cancerRecall=0.611 (19.9s)
  [A-head] epoch 8/12 lr=1.0e-03 train_loss=0.7242 train_acc=0.684 val_loss=0.6273 val_acc=0.732 val_macroF1=0.688 val_cancerRecall=0.764 (19.7s)
  [A-head] epoch 9/12 lr=1.0e-03 train_loss=0.7120 train_acc=0.643 val_loss=0.6250 val_acc=0.732 val_macroF1=0.695 val_cancerRecall=0.736 (19.7s)
  [A-head] epoch 10/12 lr=1.0e-03 train_loss=0.6805 train_acc=0.698 val_loss=0.6728 val_acc=0.670 val_macroF1=0.652 val_cancerRecall=0.444 (19.7s)
  [A-head] epoch 11/12 lr=1.0e-03 train_loss=0.7380 train_acc=0.666 val_loss=0.6249 val_acc=0.737 val_macroF1=0.710 val_cancerRecall=0.667 (19.8s)
  [A-head] epoch 12/12 lr=1.0e-03 train_loss=0.6951 train_acc=0.666 val_loss=0.6150 val_acc=0.777 val_macroF1=0.741 val_cancerRecall=0.792 (20.1s)
  [B-finetune] epoch 1/25 lr=1.0e-05 train_loss=0.7027 train_acc=0.664 val_loss=0.6218 val_acc=0.782 val_macroF1=0.752 val_cancerRecall=0.778 (19.7s)
  [B-finetune] epoch 2/25 lr=1.0e-05 train_loss=0.6892 train_acc=0.691 val_loss=0.6165 val_acc=0.782 val_macroF1=0.752 val_cancerRecall=0.778 (19.8s)
  [B-finetune] epoch 3/25 lr=1.0e-05 train_loss=0.6761 train_acc=0.697 val_loss=0.6186 val_acc=0.777 val_macroF1=0.749 val_cancerRecall=0.750 (19.7s)
  [B-finetune] epoch 4/25 lr=1.0e-05 train_loss=0.6938 train_acc=0.664 val_loss=0.6207 val_acc=0.777 val_macroF1=0.748 val_cancerRecall=0.750 (20.0s)
  [B-finetune] epoch 5/25 lr=5.0e-06 train_loss=0.6705 train_acc=0.708 val_loss=0.6189 val_acc=0.760 val_macroF1=0.733 val_cancerRecall=0.708 (19.6s)
  [B-finetune] epoch 6/25 lr=5.0e-06 train_loss=0.6834 train_acc=0.692 val_loss=0.6208 val_acc=0.771 val_macroF1=0.743 val_cancerRecall=0.736 (19.9s)
  [B-finetune] epoch 7/25 lr=5.0e-06 train_loss=0.6751 train_acc=0.690 val_loss=0.6191 val_acc=0.777 val_macroF1=0.746 val_cancerRecall=0.764 (19.7s)
  [B-finetune] early stopping at epoch 7 (no val macro-F1 improvement for 6 epochs)
=== efficientnet_b0 fold 3 DONE -- best val macro-F1 = 0.7517 ===

=== efficientnet_b0 fold 4 === train=716 val=178 class_weights=[1.6349999904632568, 0.8199999928474426, 0.8550000190734863]
  [A-head] epoch 1/12 lr=1.0e-03 train_loss=0.9324 train_acc=0.520 val_loss=0.7817 val_acc=0.685 val_macroF1=0.619 val_cancerRecall=0.836 (19.7s)
  [A-head] epoch 2/12 lr=1.0e-03 train_loss=0.7896 train_acc=0.633 val_loss=0.6753 val_acc=0.708 val_macroF1=0.670 val_cancerRecall=0.740 (19.8s)
  [A-head] epoch 3/12 lr=1.0e-03 train_loss=0.7540 train_acc=0.634 val_loss=0.6269 val_acc=0.702 val_macroF1=0.678 val_cancerRecall=0.658 (19.7s)
  [A-head] epoch 4/12 lr=1.0e-03 train_loss=0.7457 train_acc=0.635 val_loss=0.6286 val_acc=0.680 val_macroF1=0.661 val_cancerRecall=0.589 (19.6s)
  [A-head] epoch 5/12 lr=1.0e-03 train_loss=0.7286 train_acc=0.666 val_loss=0.6105 val_acc=0.685 val_macroF1=0.659 val_cancerRecall=0.644 (19.7s)
  [A-head] epoch 6/12 lr=1.0e-03 train_loss=0.7254 train_acc=0.647 val_loss=0.5952 val_acc=0.736 val_macroF1=0.698 val_cancerRecall=0.753 (19.6s)
  [A-head] epoch 7/12 lr=1.0e-03 train_loss=0.6982 train_acc=0.677 val_loss=0.5894 val_acc=0.725 val_macroF1=0.676 val_cancerRecall=0.795 (20.0s)
  [A-head] epoch 8/12 lr=1.0e-03 train_loss=0.6980 train_acc=0.672 val_loss=0.5829 val_acc=0.747 val_macroF1=0.703 val_cancerRecall=0.822 (19.6s)
  [A-head] epoch 9/12 lr=1.0e-03 train_loss=0.7116 train_acc=0.623 val_loss=0.5724 val_acc=0.747 val_macroF1=0.700 val_cancerRecall=0.836 (20.0s)
  [A-head] epoch 10/12 lr=1.0e-03 train_loss=0.7177 train_acc=0.647 val_loss=0.5639 val_acc=0.747 val_macroF1=0.696 val_cancerRecall=0.849 (19.6s)
  [A-head] epoch 11/12 lr=1.0e-03 train_loss=0.7169 train_acc=0.677 val_loss=0.6068 val_acc=0.691 val_macroF1=0.680 val_cancerRecall=0.548 (19.7s)
  [A-head] epoch 12/12 lr=1.0e-03 train_loss=0.7076 train_acc=0.665 val_loss=0.5792 val_acc=0.730 val_macroF1=0.705 val_cancerRecall=0.712 (19.8s)
  [B-finetune] epoch 1/25 lr=1.0e-05 train_loss=0.7030 train_acc=0.663 val_loss=0.5789 val_acc=0.730 val_macroF1=0.705 val_cancerRecall=0.712 (19.7s)
  [B-finetune] epoch 2/25 lr=1.0e-05 train_loss=0.6943 train_acc=0.682 val_loss=0.5701 val_acc=0.742 val_macroF1=0.712 val_cancerRecall=0.753 (20.1s)
  [B-finetune] epoch 3/25 lr=1.0e-05 train_loss=0.6892 train_acc=0.686 val_loss=0.5794 val_acc=0.730 val_macroF1=0.703 val_cancerRecall=0.726 (19.9s)
  [B-finetune] epoch 4/25 lr=1.0e-05 train_loss=0.6806 train_acc=0.676 val_loss=0.5667 val_acc=0.725 val_macroF1=0.698 val_cancerRecall=0.712 (19.6s)
  [B-finetune] epoch 5/25 lr=1.0e-05 train_loss=0.6770 train_acc=0.707 val_loss=0.5701 val_acc=0.736 val_macroF1=0.710 val_cancerRecall=0.726 (19.8s)
  [B-finetune] epoch 6/25 lr=5.0e-06 train_loss=0.6885 train_acc=0.679 val_loss=0.5653 val_acc=0.725 val_macroF1=0.705 val_cancerRecall=0.671 (19.9s)
  [B-finetune] epoch 7/25 lr=5.0e-06 train_loss=0.6730 train_acc=0.690 val_loss=0.5611 val_acc=0.725 val_macroF1=0.698 val_cancerRecall=0.712 (19.7s)
  [B-finetune] epoch 8/25 lr=5.0e-06 train_loss=0.6763 train_acc=0.687 val_loss=0.5702 val_acc=0.725 val_macroF1=0.700 val_cancerRecall=0.699 (19.8s)
  [B-finetune] early stopping at epoch 8 (no val macro-F1 improvement for 6 epochs)
=== efficientnet_b0 fold 4 DONE -- best val macro-F1 = 0.7123 ===

=== resnet50 fold 0 === train=715 val=179 class_weights=[1.6319999694824219, 0.8190000057220459, 0.8569999933242798]
  [A-head] epoch 1/12 lr=1.0e-03 train_loss=0.9059 train_acc=0.565 val_loss=0.8168 val_acc=0.642 val_macroF1=0.482 val_cancerRecall=1.000 (20.0s)
  [A-head] epoch 2/12 lr=1.0e-03 train_loss=0.7584 train_acc=0.622 val_loss=0.8037 val_acc=0.620 val_macroF1=0.557 val_cancerRecall=0.836 (19.9s)
  [A-head] epoch 3/12 lr=1.0e-03 train_loss=0.7306 train_acc=0.656 val_loss=0.8320 val_acc=0.469 val_macroF1=0.464 val_cancerRecall=0.151 (19.7s)
  [A-head] epoch 4/12 lr=1.0e-03 train_loss=0.7146 train_acc=0.645 val_loss=0.8286 val_acc=0.525 val_macroF1=0.532 val_cancerRecall=0.342 (19.7s)
  [A-head] epoch 5/12 lr=1.0e-03 train_loss=0.7060 train_acc=0.683 val_loss=0.7972 val_acc=0.592 val_macroF1=0.591 val_cancerRecall=0.534 (20.0s)
  [A-head] epoch 6/12 lr=1.0e-03 train_loss=0.6925 train_acc=0.663 val_loss=0.7920 val_acc=0.648 val_macroF1=0.627 val_cancerRecall=0.726 (19.8s)
  [A-head] epoch 7/12 lr=1.0e-03 train_loss=0.6963 train_acc=0.643 val_loss=0.7959 val_acc=0.592 val_macroF1=0.593 val_cancerRecall=0.521 (19.3s)
  [A-head] epoch 8/12 lr=1.0e-03 train_loss=0.7110 train_acc=0.670 val_loss=0.8039 val_acc=0.547 val_macroF1=0.554 val_cancerRecall=0.384 (19.4s)
  [A-head] epoch 9/12 lr=1.0e-03 train_loss=0.6871 train_acc=0.643 val_loss=0.7610 val_acc=0.648 val_macroF1=0.610 val_cancerRecall=0.795 (19.5s)
  [A-head] epoch 10/12 lr=1.0e-03 train_loss=0.6874 train_acc=0.657 val_loss=0.7675 val_acc=0.637 val_macroF1=0.616 val_cancerRecall=0.699 (19.5s)
  [A-head] epoch 11/12 lr=1.0e-03 train_loss=0.6862 train_acc=0.657 val_loss=0.7595 val_acc=0.642 val_macroF1=0.614 val_cancerRecall=0.740 (19.2s)
  [A-head] epoch 12/12 lr=1.0e-03 train_loss=0.6813 train_acc=0.676 val_loss=0.7428 val_acc=0.642 val_macroF1=0.612 val_cancerRecall=0.726 (19.5s)
  [A-head] early stopping at epoch 12 (no val macro-F1 improvement for 6 epochs)
  [B-finetune] epoch 1/25 lr=1.0e-05 train_loss=0.6558 train_acc=0.699 val_loss=0.7322 val_acc=0.670 val_macroF1=0.630 val_cancerRecall=0.781 (20.0s)
  [B-finetune] epoch 2/25 lr=1.0e-05 train_loss=0.6532 train_acc=0.702 val_loss=0.7281 val_acc=0.665 val_macroF1=0.637 val_cancerRecall=0.726 (19.8s)
  [B-finetune] epoch 3/25 lr=1.0e-05 train_loss=0.6580 train_acc=0.673 val_loss=0.7334 val_acc=0.648 val_macroF1=0.624 val_cancerRecall=0.671 (20.0s)
  [B-finetune] epoch 4/25 lr=1.0e-05 train_loss=0.6434 train_acc=0.698 val_loss=0.7351 val_acc=0.642 val_macroF1=0.620 val_cancerRecall=0.658 (19.9s)
  [B-finetune] epoch 5/25 lr=1.0e-05 train_loss=0.6192 train_acc=0.730 val_loss=0.7340 val_acc=0.631 val_macroF1=0.614 val_cancerRecall=0.630 (19.7s)
  [B-finetune] epoch 6/25 lr=5.0e-06 train_loss=0.6359 train_acc=0.697 val_loss=0.7222 val_acc=0.637 val_macroF1=0.617 val_cancerRecall=0.630 (19.7s)
  [B-finetune] epoch 7/25 lr=5.0e-06 train_loss=0.6223 train_acc=0.736 val_loss=0.7149 val_acc=0.648 val_macroF1=0.627 val_cancerRecall=0.658 (20.1s)
  [B-finetune] epoch 8/25 lr=5.0e-06 train_loss=0.6356 train_acc=0.726 val_loss=0.7124 val_acc=0.654 val_macroF1=0.625 val_cancerRecall=0.685 (19.9s)
  [B-finetune] early stopping at epoch 8 (no val macro-F1 improvement for 6 epochs)
=== resnet50 fold 0 DONE -- best val macro-F1 = 0.6367 ===

=== resnet50 fold 1 === train=714 val=180 class_weights=[1.6410000324249268, 0.8180000185966492, 0.8560000061988831]
  [A-head] epoch 1/12 lr=1.0e-03 train_loss=0.8962 train_acc=0.623 val_loss=0.8086 val_acc=0.628 val_macroF1=0.625 val_cancerRecall=0.493 (19.9s)
  [A-head] epoch 2/12 lr=1.0e-03 train_loss=0.7747 train_acc=0.584 val_loss=0.7100 val_acc=0.650 val_macroF1=0.602 val_cancerRecall=0.753 (19.7s)
  [A-head] epoch 3/12 lr=1.0e-03 train_loss=0.7587 train_acc=0.678 val_loss=0.6777 val_acc=0.717 val_macroF1=0.666 val_cancerRecall=0.904 (20.1s)
  [A-head] epoch 4/12 lr=1.0e-03 train_loss=0.7398 train_acc=0.627 val_loss=0.6828 val_acc=0.717 val_macroF1=0.671 val_cancerRecall=0.877 (19.9s)
  [A-head] epoch 5/12 lr=1.0e-03 train_loss=0.7276 train_acc=0.689 val_loss=0.6976 val_acc=0.617 val_macroF1=0.614 val_cancerRecall=0.466 (19.8s)
  [A-head] epoch 6/12 lr=1.0e-03 train_loss=0.7129 train_acc=0.648 val_loss=0.6711 val_acc=0.644 val_macroF1=0.636 val_cancerRecall=0.548 (20.0s)
  [A-head] epoch 7/12 lr=1.0e-03 train_loss=0.7280 train_acc=0.608 val_loss=0.6506 val_acc=0.717 val_macroF1=0.660 val_cancerRecall=0.890 (19.7s)
  [A-head] epoch 8/12 lr=1.0e-03 train_loss=0.7123 train_acc=0.692 val_loss=0.6814 val_acc=0.622 val_macroF1=0.618 val_cancerRecall=0.438 (19.7s)
  [A-head] epoch 9/12 lr=1.0e-03 train_loss=0.7056 train_acc=0.672 val_loss=0.6814 val_acc=0.628 val_macroF1=0.623 val_cancerRecall=0.479 (19.6s)
  [A-head] epoch 10/12 lr=1.0e-03 train_loss=0.6994 train_acc=0.668 val_loss=0.6590 val_acc=0.667 val_macroF1=0.645 val_cancerRecall=0.658 (19.8s)
  [A-head] early stopping at epoch 10 (no val macro-F1 improvement for 6 epochs)
  [B-finetune] epoch 1/25 lr=1.0e-05 train_loss=0.6989 train_acc=0.678 val_loss=0.6616 val_acc=0.650 val_macroF1=0.638 val_cancerRecall=0.589 (19.7s)
  [B-finetune] epoch 2/25 lr=1.0e-05 train_loss=0.6910 train_acc=0.690 val_loss=0.6562 val_acc=0.667 val_macroF1=0.655 val_cancerRecall=0.575 (19.8s)
  [B-finetune] epoch 3/25 lr=1.0e-05 train_loss=0.6727 train_acc=0.706 val_loss=0.6486 val_acc=0.661 val_macroF1=0.652 val_cancerRecall=0.534 (19.7s)
  [B-finetune] epoch 4/25 lr=1.0e-05 train_loss=0.6845 train_acc=0.688 val_loss=0.6448 val_acc=0.656 val_macroF1=0.643 val_cancerRecall=0.534 (19.7s)
  [B-finetune] epoch 5/25 lr=1.0e-05 train_loss=0.6781 train_acc=0.681 val_loss=0.6551 val_acc=0.633 val_macroF1=0.626 val_cancerRecall=0.466 (19.7s)
  [B-finetune] epoch 6/25 lr=5.0e-06 train_loss=0.6679 train_acc=0.697 val_loss=0.6476 val_acc=0.656 val_macroF1=0.645 val_cancerRecall=0.521 (19.7s)
  [B-finetune] epoch 7/25 lr=5.0e-06 train_loss=0.6567 train_acc=0.692 val_loss=0.6492 val_acc=0.667 val_macroF1=0.654 val_cancerRecall=0.521 (19.6s)
  [B-finetune] epoch 8/25 lr=5.0e-06 train_loss=0.6540 train_acc=0.713 val_loss=0.6409 val_acc=0.661 val_macroF1=0.648 val_cancerRecall=0.493 (20.0s)
  [B-finetune] early stopping at epoch 8 (no val macro-F1 improvement for 6 epochs)
=== resnet50 fold 1 DONE -- best val macro-F1 = 0.6706 ===

=== resnet50 fold 2 === train=716 val=178 class_weights=[1.6349999904632568, 0.8199999928474426, 0.8550000190734863]
  [A-head] epoch 1/12 lr=1.0e-03 train_loss=0.9135 train_acc=0.571 val_loss=0.8902 val_acc=0.534 val_macroF1=0.540 val_cancerRecall=0.370 (19.9s)
  [A-head] epoch 2/12 lr=1.0e-03 train_loss=0.7698 train_acc=0.647 val_loss=0.8308 val_acc=0.489 val_macroF1=0.494 val_cancerRecall=0.260 (20.1s)
  [A-head] epoch 3/12 lr=1.0e-03 train_loss=0.7406 train_acc=0.654 val_loss=0.8572 val_acc=0.494 val_macroF1=0.492 val_cancerRecall=0.192 (19.7s)
  [A-head] epoch 4/12 lr=1.0e-03 train_loss=0.7168 train_acc=0.670 val_loss=0.8295 val_acc=0.511 val_macroF1=0.514 val_cancerRecall=0.329 (19.7s)
  [A-head] epoch 5/12 lr=1.0e-03 train_loss=0.6926 train_acc=0.640 val_loss=0.7965 val_acc=0.579 val_macroF1=0.564 val_cancerRecall=0.562 (19.7s)
  [A-head] epoch 6/12 lr=1.0e-03 train_loss=0.7081 train_acc=0.687 val_loss=0.8137 val_acc=0.539 val_macroF1=0.539 val_cancerRecall=0.411 (19.9s)
  [A-head] epoch 7/12 lr=1.0e-03 train_loss=0.6967 train_acc=0.665 val_loss=0.8048 val_acc=0.545 val_macroF1=0.533 val_cancerRecall=0.507 (19.9s)
  [A-head] epoch 8/12 lr=1.0e-03 train_loss=0.6895 train_acc=0.707 val_loss=0.8144 val_acc=0.539 val_macroF1=0.534 val_cancerRecall=0.452 (20.1s)
  [A-head] epoch 9/12 lr=1.0e-03 train_loss=0.6748 train_acc=0.680 val_loss=0.8074 val_acc=0.534 val_macroF1=0.532 val_cancerRecall=0.411 (19.9s)
  [A-head] epoch 10/12 lr=1.0e-03 train_loss=0.6656 train_acc=0.663 val_loss=0.7997 val_acc=0.579 val_macroF1=0.550 val_cancerRecall=0.616 (20.0s)
  [A-head] epoch 11/12 lr=1.0e-03 train_loss=0.6622 train_acc=0.728 val_loss=0.8099 val_acc=0.562 val_macroF1=0.555 val_cancerRecall=0.493 (20.1s)
  [A-head] early stopping at epoch 11 (no val macro-F1 improvement for 6 epochs)
  [B-finetune] epoch 1/25 lr=1.0e-05 train_loss=0.6718 train_acc=0.697 val_loss=0.8075 val_acc=0.567 val_macroF1=0.552 val_cancerRecall=0.548 (19.8s)
  [B-finetune] epoch 2/25 lr=1.0e-05 train_loss=0.6487 train_acc=0.697 val_loss=0.8054 val_acc=0.567 val_macroF1=0.549 val_cancerRecall=0.562 (19.8s)
  [B-finetune] epoch 3/25 lr=1.0e-05 train_loss=0.6345 train_acc=0.716 val_loss=0.8005 val_acc=0.573 val_macroF1=0.553 val_cancerRecall=0.562 (19.9s)
  [B-finetune] epoch 4/25 lr=1.0e-05 train_loss=0.6252 train_acc=0.709 val_loss=0.7980 val_acc=0.573 val_macroF1=0.557 val_cancerRecall=0.534 (19.9s)
  [B-finetune] epoch 5/25 lr=1.0e-05 train_loss=0.6253 train_acc=0.719 val_loss=0.7879 val_acc=0.607 val_macroF1=0.582 val_cancerRecall=0.603 (20.2s)
  [B-finetune] epoch 6/25 lr=1.0e-05 train_loss=0.6069 train_acc=0.728 val_loss=0.8012 val_acc=0.601 val_macroF1=0.584 val_cancerRecall=0.562 (19.8s)
  [B-finetune] epoch 7/25 lr=1.0e-05 train_loss=0.6302 train_acc=0.725 val_loss=0.8055 val_acc=0.584 val_macroF1=0.564 val_cancerRecall=0.548 (19.5s)
  [B-finetune] epoch 8/25 lr=1.0e-05 train_loss=0.6149 train_acc=0.735 val_loss=0.8113 val_acc=0.573 val_macroF1=0.548 val_cancerRecall=0.548 (19.3s)
  [B-finetune] epoch 9/25 lr=1.0e-05 train_loss=0.6206 train_acc=0.730 val_loss=0.8059 val_acc=0.567 val_macroF1=0.543 val_cancerRecall=0.534 (19.3s)
  [B-finetune] epoch 10/25 lr=5.0e-06 train_loss=0.6136 train_acc=0.715 val_loss=0.7953 val_acc=0.590 val_macroF1=0.552 val_cancerRecall=0.616 (19.5s)
  [B-finetune] epoch 11/25 lr=5.0e-06 train_loss=0.5907 train_acc=0.733 val_loss=0.8026 val_acc=0.590 val_macroF1=0.553 val_cancerRecall=0.616 (19.3s)
  [B-finetune] epoch 12/25 lr=5.0e-06 train_loss=0.5996 train_acc=0.722 val_loss=0.8049 val_acc=0.584 val_macroF1=0.553 val_cancerRecall=0.589 (19.4s)
  [B-finetune] early stopping at epoch 12 (no val macro-F1 improvement for 6 epochs)
=== resnet50 fold 2 DONE -- best val macro-F1 = 0.5838 ===

=== resnet50 fold 3 === train=715 val=179 class_weights=[1.6440000534057617, 0.8159999847412109, 0.8569999933242798]
  [A-head] epoch 1/12 lr=1.0e-03 train_loss=0.9219 train_acc=0.558 val_loss=0.8011 val_acc=0.687 val_macroF1=0.680 val_cancerRecall=0.583 (19.2s)
  [A-head] epoch 2/12 lr=1.0e-03 train_loss=0.7831 train_acc=0.618 val_loss=0.6881 val_acc=0.693 val_macroF1=0.667 val_cancerRecall=0.722 (19.3s)
  [A-head] epoch 3/12 lr=1.0e-03 train_loss=0.7588 train_acc=0.627 val_loss=0.7079 val_acc=0.631 val_macroF1=0.625 val_cancerRecall=0.361 (19.3s)
  [A-head] epoch 4/12 lr=1.0e-03 train_loss=0.7481 train_acc=0.641 val_loss=0.7001 val_acc=0.648 val_macroF1=0.642 val_cancerRecall=0.431 (19.2s)
  [A-head] epoch 5/12 lr=1.0e-03 train_loss=0.7338 train_acc=0.636 val_loss=0.6817 val_acc=0.709 val_macroF1=0.699 val_cancerRecall=0.625 (19.3s)
  [A-head] epoch 6/12 lr=1.0e-03 train_loss=0.7307 train_acc=0.627 val_loss=0.6524 val_acc=0.732 val_macroF1=0.697 val_cancerRecall=0.792 (19.3s)
  [A-head] epoch 7/12 lr=1.0e-03 train_loss=0.7372 train_acc=0.678 val_loss=0.6632 val_acc=0.693 val_macroF1=0.678 val_cancerRecall=0.583 (19.3s)
  [A-head] epoch 8/12 lr=1.0e-03 train_loss=0.7206 train_acc=0.649 val_loss=0.6590 val_acc=0.698 val_macroF1=0.684 val_cancerRecall=0.597 (19.3s)
  [A-head] epoch 9/12 lr=1.0e-03 train_loss=0.7082 train_acc=0.646 val_loss=0.6550 val_acc=0.704 val_macroF1=0.685 val_cancerRecall=0.653 (19.3s)
  [A-head] epoch 10/12 lr=1.0e-03 train_loss=0.6802 train_acc=0.705 val_loss=0.6587 val_acc=0.709 val_macroF1=0.697 val_cancerRecall=0.639 (19.2s)
  [A-head] epoch 11/12 lr=1.0e-03 train_loss=0.7058 train_acc=0.652 val_loss=0.6437 val_acc=0.721 val_macroF1=0.691 val_cancerRecall=0.750 (19.3s)
  [A-head] early stopping at epoch 11 (no val macro-F1 improvement for 6 epochs)
  [B-finetune] epoch 1/25 lr=1.0e-05 train_loss=0.7009 train_acc=0.681 val_loss=0.6399 val_acc=0.715 val_macroF1=0.686 val_cancerRecall=0.736 (19.4s)
  [B-finetune] epoch 2/25 lr=1.0e-05 train_loss=0.6719 train_acc=0.684 val_loss=0.6411 val_acc=0.704 val_macroF1=0.683 val_cancerRecall=0.653 (19.8s)
  [B-finetune] epoch 3/25 lr=1.0e-05 train_loss=0.6962 train_acc=0.681 val_loss=0.6381 val_acc=0.709 val_macroF1=0.687 val_cancerRecall=0.653 (19.3s)
  [B-finetune] epoch 4/25 lr=1.0e-05 train_loss=0.6834 train_acc=0.684 val_loss=0.6369 val_acc=0.704 val_macroF1=0.679 val_cancerRecall=0.639 (19.4s)
  [B-finetune] epoch 5/25 lr=1.0e-05 train_loss=0.6663 train_acc=0.678 val_loss=0.6315 val_acc=0.709 val_macroF1=0.686 val_cancerRecall=0.639 (19.4s)
  [B-finetune] epoch 6/25 lr=1.0e-05 train_loss=0.6605 train_acc=0.702 val_loss=0.6204 val_acc=0.726 val_macroF1=0.693 val_cancerRecall=0.722 (19.5s)
  [B-finetune] epoch 7/25 lr=1.0e-05 train_loss=0.6507 train_acc=0.717 val_loss=0.6202 val_acc=0.709 val_macroF1=0.671 val_cancerRecall=0.708 (19.6s)
  [B-finetune] epoch 8/25 lr=1.0e-05 train_loss=0.6523 train_acc=0.690 val_loss=0.6214 val_acc=0.721 val_macroF1=0.686 val_cancerRecall=0.722 (19.4s)
  [B-finetune] epoch 9/25 lr=1.0e-05 train_loss=0.6557 train_acc=0.698 val_loss=0.6174 val_acc=0.715 val_macroF1=0.682 val_cancerRecall=0.694 (19.8s)
  [B-finetune] epoch 10/25 lr=5.0e-06 train_loss=0.6275 train_acc=0.712 val_loss=0.6158 val_acc=0.709 val_macroF1=0.675 val_cancerRecall=0.694 (19.4s)
  [B-finetune] epoch 11/25 lr=5.0e-06 train_loss=0.6314 train_acc=0.717 val_loss=0.6158 val_acc=0.715 val_macroF1=0.679 val_cancerRecall=0.708 (19.7s)
  [B-finetune] epoch 12/25 lr=5.0e-06 train_loss=0.6250 train_acc=0.708 val_loss=0.6159 val_acc=0.721 val_macroF1=0.684 val_cancerRecall=0.708 (19.7s)
  [B-finetune] early stopping at epoch 12 (no val macro-F1 improvement for 6 epochs)
=== resnet50 fold 3 DONE -- best val macro-F1 = 0.6986 ===

=== resnet50 fold 4 === train=716 val=178 class_weights=[1.6349999904632568, 0.8199999928474426, 0.8550000190734863]
  [A-head] epoch 1/12 lr=1.0e-03 train_loss=0.9272 train_acc=0.599 val_loss=0.7920 val_acc=0.556 val_macroF1=0.538 val_cancerRecall=0.178 (19.6s)
  [A-head] epoch 2/12 lr=1.0e-03 train_loss=0.7991 train_acc=0.556 val_loss=0.6672 val_acc=0.713 val_macroF1=0.569 val_cancerRecall=0.986 (19.3s)
  [A-head] epoch 3/12 lr=1.0e-03 train_loss=0.7865 train_acc=0.640 val_loss=0.6515 val_acc=0.719 val_macroF1=0.644 val_cancerRecall=0.890 (19.5s)
  [A-head] epoch 4/12 lr=1.0e-03 train_loss=0.7664 train_acc=0.631 val_loss=0.6646 val_acc=0.702 val_macroF1=0.676 val_cancerRecall=0.726 (19.3s)
  [A-head] epoch 5/12 lr=1.0e-03 train_loss=0.7553 train_acc=0.615 val_loss=0.6668 val_acc=0.680 val_macroF1=0.667 val_cancerRecall=0.616 (19.4s)
  [A-head] epoch 6/12 lr=1.0e-03 train_loss=0.7170 train_acc=0.656 val_loss=0.6454 val_acc=0.702 val_macroF1=0.673 val_cancerRecall=0.726 (19.3s)
  [A-head] epoch 7/12 lr=1.0e-03 train_loss=0.7245 train_acc=0.666 val_loss=0.6414 val_acc=0.713 val_macroF1=0.682 val_cancerRecall=0.740 (19.3s)
  [A-head] epoch 8/12 lr=1.0e-03 train_loss=0.7169 train_acc=0.651 val_loss=0.6336 val_acc=0.719 val_macroF1=0.680 val_cancerRecall=0.767 (19.3s)
  [A-head] epoch 9/12 lr=1.0e-03 train_loss=0.7049 train_acc=0.696 val_loss=0.6284 val_acc=0.713 val_macroF1=0.675 val_cancerRecall=0.753 (19.2s)
  [A-head] epoch 10/12 lr=1.0e-03 train_loss=0.7110 train_acc=0.677 val_loss=0.6171 val_acc=0.713 val_macroF1=0.667 val_cancerRecall=0.781 (19.5s)
  [A-head] epoch 11/12 lr=1.0e-03 train_loss=0.7045 train_acc=0.679 val_loss=0.6506 val_acc=0.635 val_macroF1=0.630 val_cancerRecall=0.384 (19.9s)
  [A-head] epoch 12/12 lr=1.0e-03 train_loss=0.6976 train_acc=0.644 val_loss=0.6131 val_acc=0.719 val_macroF1=0.680 val_cancerRecall=0.767 (19.9s)
  [B-finetune] epoch 1/25 lr=1.0e-05 train_loss=0.6905 train_acc=0.680 val_loss=0.6066 val_acc=0.713 val_macroF1=0.666 val_cancerRecall=0.781 (19.8s)
  [B-finetune] epoch 2/25 lr=1.0e-05 train_loss=0.6782 train_acc=0.701 val_loss=0.5960 val_acc=0.708 val_macroF1=0.653 val_cancerRecall=0.795 (19.7s)
  [B-finetune] epoch 3/25 lr=1.0e-05 train_loss=0.6834 train_acc=0.687 val_loss=0.5873 val_acc=0.719 val_macroF1=0.661 val_cancerRecall=0.822 (19.7s)
  [B-finetune] epoch 4/25 lr=1.0e-05 train_loss=0.6646 train_acc=0.691 val_loss=0.5823 val_acc=0.730 val_macroF1=0.680 val_cancerRecall=0.822 (19.6s)
  [B-finetune] epoch 5/25 lr=1.0e-05 train_loss=0.6766 train_acc=0.690 val_loss=0.5876 val_acc=0.730 val_macroF1=0.695 val_cancerRecall=0.767 (19.9s)
  [B-finetune] epoch 6/25 lr=1.0e-05 train_loss=0.6595 train_acc=0.677 val_loss=0.5753 val_acc=0.730 val_macroF1=0.692 val_cancerRecall=0.767 (19.8s)
  [B-finetune] epoch 7/25 lr=1.0e-05 train_loss=0.6571 train_acc=0.698 val_loss=0.5785 val_acc=0.753 val_macroF1=0.724 val_cancerRecall=0.753 (19.9s)
  [B-finetune] epoch 8/25 lr=1.0e-05 train_loss=0.6545 train_acc=0.698 val_loss=0.5718 val_acc=0.736 val_macroF1=0.700 val_cancerRecall=0.767 (19.3s)
  [B-finetune] epoch 9/25 lr=1.0e-05 train_loss=0.6292 train_acc=0.712 val_loss=0.5726 val_acc=0.730 val_macroF1=0.688 val_cancerRecall=0.781 (19.4s)
  [B-finetune] epoch 10/25 lr=1.0e-05 train_loss=0.6476 train_acc=0.705 val_loss=0.5682 val_acc=0.747 val_macroF1=0.717 val_cancerRecall=0.767 (19.5s)
  [B-finetune] epoch 11/25 lr=5.0e-06 train_loss=0.6430 train_acc=0.730 val_loss=0.5569 val_acc=0.758 val_macroF1=0.713 val_cancerRecall=0.822 (19.2s)
  [B-finetune] epoch 12/25 lr=5.0e-06 train_loss=0.6415 train_acc=0.711 val_loss=0.5640 val_acc=0.747 val_macroF1=0.719 val_cancerRecall=0.726 (19.3s)
  [B-finetune] epoch 13/25 lr=5.0e-06 train_loss=0.6556 train_acc=0.698 val_loss=0.5646 val_acc=0.725 val_macroF1=0.699 val_cancerRecall=0.685 (19.4s)
  [B-finetune] early stopping at epoch 13 (no val macro-F1 improvement for 6 epochs)
=== resnet50 fold 4 DONE -- best val macro-F1 = 0.7241 ===

=== ALL FOLDS DONE ===
  efficientnet_b0_fold0: best val macro-F1 = 0.6299
  efficientnet_b0_fold1: best val macro-F1 = 0.6559
  efficientnet_b0_fold2: best val macro-F1 = 0.5707
  efficientnet_b0_fold3: best val macro-F1 = 0.7517
  efficientnet_b0_fold4: best val macro-F1 = 0.7123
  resnet50_fold0: best val macro-F1 = 0.6367
  resnet50_fold1: best val macro-F1 = 0.6706
  resnet50_fold2: best val macro-F1 = 0.5838
  resnet50_fold3: best val macro-F1 = 0.6986
  resnet50_fold4: best val macro-F1 = 0.7241
