Variant: full | Device: cuda | img_size=512 | batch=16

=== efficientnet_b0 fold 0 === train=2088 val=524 class_weights=[2.5490000247955322, 0.5090000033378601, 1.5540000200271606]
  [A-head] epoch 1/12 lr=1.0e-03 train_loss=0.8656 train_acc=0.641 val_loss=0.6855 val_acc=0.721 val_macroF1=0.635 val_cancerRecall=0.746 (55.9s)
  [A-head] epoch 2/12 lr=1.0e-03 train_loss=0.7842 train_acc=0.679 val_loss=0.6438 val_acc=0.731 val_macroF1=0.632 val_cancerRecall=0.757 (64.8s)
  [A-head] epoch 3/12 lr=1.0e-03 train_loss=0.7687 train_acc=0.698 val_loss=0.6972 val_acc=0.704 val_macroF1=0.656 val_cancerRecall=0.681 (24.1s)
  [A-head] epoch 4/12 lr=1.0e-03 train_loss=0.7573 train_acc=0.702 val_loss=0.6931 val_acc=0.689 val_macroF1=0.632 val_cancerRecall=0.696 (51.7s)
  [A-head] epoch 5/12 lr=1.0e-03 train_loss=0.7518 train_acc=0.703 val_loss=0.7443 val_acc=0.677 val_macroF1=0.629 val_cancerRecall=0.664 (16.1s)
  [A-head] epoch 6/12 lr=1.0e-03 train_loss=0.7143 train_acc=0.714 val_loss=0.6618 val_acc=0.716 val_macroF1=0.658 val_cancerRecall=0.699 (14.7s)
  [A-head] epoch 7/12 lr=1.0e-03 train_loss=0.7326 train_acc=0.712 val_loss=0.6889 val_acc=0.714 val_macroF1=0.655 val_cancerRecall=0.690 (14.4s)
  [A-head] epoch 8/12 lr=1.0e-03 train_loss=0.7183 train_acc=0.712 val_loss=0.6827 val_acc=0.706 val_macroF1=0.658 val_cancerRecall=0.678 (14.4s)
  [A-head] epoch 9/12 lr=1.0e-03 train_loss=0.7206 train_acc=0.718 val_loss=0.6676 val_acc=0.710 val_macroF1=0.656 val_cancerRecall=0.702 (14.3s)
  [A-head] epoch 10/12 lr=1.0e-03 train_loss=0.7339 train_acc=0.708 val_loss=0.6557 val_acc=0.719 val_macroF1=0.664 val_cancerRecall=0.713 (14.4s)
  [A-head] epoch 11/12 lr=1.0e-03 train_loss=0.7318 train_acc=0.709 val_loss=0.7255 val_acc=0.670 val_macroF1=0.621 val_cancerRecall=0.664 (14.5s)
  [A-head] epoch 12/12 lr=1.0e-03 train_loss=0.7093 train_acc=0.712 val_loss=0.6408 val_acc=0.725 val_macroF1=0.660 val_cancerRecall=0.719 (14.1s)
  [B-finetune] epoch 1/25 lr=1.0e-05 train_loss=0.7025 train_acc=0.726 val_loss=0.6984 val_acc=0.697 val_macroF1=0.649 val_cancerRecall=0.673 (18.6s)
  [B-finetune] epoch 2/25 lr=1.0e-05 train_loss=0.6985 train_acc=0.716 val_loss=0.7069 val_acc=0.695 val_macroF1=0.649 val_cancerRecall=0.670 (14.3s)
  [B-finetune] epoch 3/25 lr=1.0e-05 train_loss=0.6728 train_acc=0.727 val_loss=0.7080 val_acc=0.698 val_macroF1=0.653 val_cancerRecall=0.670 (14.1s)
  [B-finetune] epoch 4/25 lr=1.0e-05 train_loss=0.6939 train_acc=0.721 val_loss=0.6887 val_acc=0.698 val_macroF1=0.651 val_cancerRecall=0.675 (14.4s)
  [B-finetune] epoch 5/25 lr=1.0e-05 train_loss=0.6873 train_acc=0.725 val_loss=0.6572 val_acc=0.716 val_macroF1=0.664 val_cancerRecall=0.696 (14.9s)
  [B-finetune] epoch 6/25 lr=1.0e-05 train_loss=0.6659 train_acc=0.728 val_loss=0.6744 val_acc=0.706 val_macroF1=0.655 val_cancerRecall=0.696 (14.7s)
  [B-finetune] epoch 7/25 lr=1.0e-05 train_loss=0.6481 train_acc=0.738 val_loss=0.6613 val_acc=0.708 val_macroF1=0.655 val_cancerRecall=0.693 (14.7s)
  [B-finetune] epoch 8/25 lr=1.0e-05 train_loss=0.6354 train_acc=0.743 val_loss=0.6178 val_acc=0.721 val_macroF1=0.660 val_cancerRecall=0.719 (14.6s)
  [B-finetune] epoch 9/25 lr=5.0e-06 train_loss=0.6256 train_acc=0.744 val_loss=0.6524 val_acc=0.716 val_macroF1=0.662 val_cancerRecall=0.702 (14.6s)
  [B-finetune] epoch 10/25 lr=5.0e-06 train_loss=0.6196 train_acc=0.752 val_loss=0.6177 val_acc=0.731 val_macroF1=0.669 val_cancerRecall=0.731 (14.7s)
  [B-finetune] epoch 11/25 lr=5.0e-06 train_loss=0.6139 train_acc=0.762 val_loss=0.6567 val_acc=0.714 val_macroF1=0.662 val_cancerRecall=0.711 (14.6s)
  [B-finetune] epoch 12/25 lr=5.0e-06 train_loss=0.6022 train_acc=0.756 val_loss=0.6525 val_acc=0.708 val_macroF1=0.658 val_cancerRecall=0.693 (14.6s)
  [B-finetune] epoch 13/25 lr=5.0e-06 train_loss=0.6173 train_acc=0.752 val_loss=0.6345 val_acc=0.718 val_macroF1=0.663 val_cancerRecall=0.708 (14.8s)
  [B-finetune] epoch 14/25 lr=2.5e-06 train_loss=0.6166 train_acc=0.754 val_loss=0.6352 val_acc=0.719 val_macroF1=0.666 val_cancerRecall=0.716 (14.8s)
  [B-finetune] epoch 15/25 lr=2.5e-06 train_loss=0.5992 train_acc=0.750 val_loss=0.6282 val_acc=0.725 val_macroF1=0.667 val_cancerRecall=0.728 (14.7s)
  [B-finetune] epoch 16/25 lr=2.5e-06 train_loss=0.6123 train_acc=0.749 val_loss=0.6387 val_acc=0.710 val_macroF1=0.652 val_cancerRecall=0.705 (14.5s)
  [B-finetune] early stopping at epoch 16 (no val macro-F1 improvement for 6 epochs)
=== efficientnet_b0 fold 0 DONE -- best val macro-F1 = 0.6694 ===

=== efficientnet_b0 fold 1 === train=2090 val=522 class_weights=[2.552000045776367, 0.5090000033378601, 1.5520000457763672]
  [A-head] epoch 1/12 lr=1.0e-03 train_loss=0.8701 train_acc=0.654 val_loss=0.7770 val_acc=0.657 val_macroF1=0.597 val_cancerRecall=0.642 (85.3s)
  [A-head] epoch 2/12 lr=1.0e-03 train_loss=0.7596 train_acc=0.691 val_loss=0.6831 val_acc=0.713 val_macroF1=0.611 val_cancerRecall=0.733 (64.4s)
  [A-head] epoch 3/12 lr=1.0e-03 train_loss=0.7602 train_acc=0.687 val_loss=0.6840 val_acc=0.718 val_macroF1=0.638 val_cancerRecall=0.721 (15.1s)
  [A-head] epoch 4/12 lr=1.0e-03 train_loss=0.7483 train_acc=0.716 val_loss=0.6795 val_acc=0.705 val_macroF1=0.620 val_cancerRecall=0.713 (15.3s)
  [A-head] epoch 5/12 lr=1.0e-03 train_loss=0.7367 train_acc=0.713 val_loss=0.6828 val_acc=0.699 val_macroF1=0.621 val_cancerRecall=0.704 (15.3s)
  [A-head] epoch 6/12 lr=1.0e-03 train_loss=0.7236 train_acc=0.720 val_loss=0.7108 val_acc=0.690 val_macroF1=0.625 val_cancerRecall=0.680 (14.7s)
  [A-head] epoch 7/12 lr=1.0e-03 train_loss=0.7294 train_acc=0.717 val_loss=0.8285 val_acc=0.653 val_macroF1=0.607 val_cancerRecall=0.616 (14.7s)
  [A-head] epoch 8/12 lr=1.0e-03 train_loss=0.7089 train_acc=0.722 val_loss=0.6939 val_acc=0.695 val_macroF1=0.634 val_cancerRecall=0.683 (15.1s)
  [A-head] epoch 9/12 lr=1.0e-03 train_loss=0.7092 train_acc=0.725 val_loss=0.6904 val_acc=0.676 val_macroF1=0.615 val_cancerRecall=0.674 (15.1s)
  [A-head] early stopping at epoch 9 (no val macro-F1 improvement for 6 epochs)
  [B-finetune] epoch 1/25 lr=1.0e-05 train_loss=0.6900 train_acc=0.734 val_loss=0.7005 val_acc=0.682 val_macroF1=0.623 val_cancerRecall=0.672 (24.9s)
  [B-finetune] epoch 2/25 lr=1.0e-05 train_loss=0.6767 train_acc=0.733 val_loss=0.7443 val_acc=0.674 val_macroF1=0.622 val_cancerRecall=0.645 (15.0s)
  [B-finetune] epoch 3/25 lr=1.0e-05 train_loss=0.6868 train_acc=0.729 val_loss=0.7227 val_acc=0.688 val_macroF1=0.636 val_cancerRecall=0.657 (14.9s)
  [B-finetune] epoch 4/25 lr=1.0e-05 train_loss=0.6644 train_acc=0.734 val_loss=0.6973 val_acc=0.692 val_macroF1=0.633 val_cancerRecall=0.669 (14.9s)
  [B-finetune] epoch 5/25 lr=1.0e-05 train_loss=0.6690 train_acc=0.741 val_loss=0.6969 val_acc=0.699 val_macroF1=0.640 val_cancerRecall=0.677 (14.9s)
  [B-finetune] epoch 6/25 lr=1.0e-05 train_loss=0.6488 train_acc=0.745 val_loss=0.6524 val_acc=0.695 val_macroF1=0.630 val_cancerRecall=0.692 (15.1s)
  [B-finetune] epoch 7/25 lr=1.0e-05 train_loss=0.6454 train_acc=0.747 val_loss=0.6711 val_acc=0.697 val_macroF1=0.641 val_cancerRecall=0.683 (15.1s)
  [B-finetune] epoch 8/25 lr=1.0e-05 train_loss=0.6438 train_acc=0.748 val_loss=0.6484 val_acc=0.707 val_macroF1=0.638 val_cancerRecall=0.704 (15.5s)
  [B-finetune] epoch 9/25 lr=1.0e-05 train_loss=0.6402 train_acc=0.750 val_loss=0.6606 val_acc=0.697 val_macroF1=0.625 val_cancerRecall=0.692 (15.5s)
  [B-finetune] epoch 10/25 lr=1.0e-05 train_loss=0.6301 train_acc=0.755 val_loss=0.7072 val_acc=0.688 val_macroF1=0.632 val_cancerRecall=0.666 (15.4s)
  [B-finetune] epoch 11/25 lr=5.0e-06 train_loss=0.6239 train_acc=0.742 val_loss=0.6826 val_acc=0.697 val_macroF1=0.632 val_cancerRecall=0.686 (15.2s)
  [B-finetune] epoch 12/25 lr=5.0e-06 train_loss=0.6156 train_acc=0.752 val_loss=0.7272 val_acc=0.688 val_macroF1=0.637 val_cancerRecall=0.657 (15.6s)
  [B-finetune] epoch 13/25 lr=5.0e-06 train_loss=0.6027 train_acc=0.752 val_loss=0.6810 val_acc=0.693 val_macroF1=0.640 val_cancerRecall=0.672 (15.4s)
  [B-finetune] early stopping at epoch 13 (no val macro-F1 improvement for 6 epochs)
=== efficientnet_b0 fold 1 DONE -- best val macro-F1 = 0.6413 ===

=== efficientnet_b0 fold 2 === train=2090 val=522 class_weights=[2.5429999828338623, 0.5099999904632568, 1.5520000457763672]
  [A-head] epoch 1/12 lr=1.0e-03 train_loss=0.8764 train_acc=0.654 val_loss=0.6441 val_acc=0.734 val_macroF1=0.601 val_cancerRecall=0.827 (131.3s)
  [A-head] epoch 2/12 lr=1.0e-03 train_loss=0.8005 train_acc=0.678 val_loss=0.6920 val_acc=0.697 val_macroF1=0.622 val_cancerRecall=0.734 (15.3s)
  [A-head] epoch 3/12 lr=1.0e-03 train_loss=0.7657 train_acc=0.694 val_loss=0.6861 val_acc=0.670 val_macroF1=0.591 val_cancerRecall=0.722 (15.2s)
  [A-head] epoch 4/12 lr=1.0e-03 train_loss=0.7546 train_acc=0.702 val_loss=0.7865 val_acc=0.672 val_macroF1=0.620 val_cancerRecall=0.670 (15.3s)
  [A-head] epoch 5/12 lr=1.0e-03 train_loss=0.7308 train_acc=0.707 val_loss=0.6671 val_acc=0.703 val_macroF1=0.629 val_cancerRecall=0.731 (15.6s)
  [A-head] epoch 6/12 lr=1.0e-03 train_loss=0.7263 train_acc=0.726 val_loss=0.8105 val_acc=0.661 val_macroF1=0.608 val_cancerRecall=0.667 (15.0s)
  [A-head] epoch 7/12 lr=1.0e-03 train_loss=0.7345 train_acc=0.711 val_loss=0.6888 val_acc=0.707 val_macroF1=0.636 val_cancerRecall=0.725 (14.9s)
  [A-head] epoch 8/12 lr=1.0e-03 train_loss=0.7191 train_acc=0.724 val_loss=0.6770 val_acc=0.705 val_macroF1=0.622 val_cancerRecall=0.734 (15.1s)
  [A-head] epoch 9/12 lr=1.0e-03 train_loss=0.7135 train_acc=0.727 val_loss=0.7657 val_acc=0.693 val_macroF1=0.633 val_cancerRecall=0.696 (14.7s)
  [A-head] epoch 10/12 lr=1.0e-03 train_loss=0.7241 train_acc=0.711 val_loss=0.6517 val_acc=0.707 val_macroF1=0.628 val_cancerRecall=0.740 (14.9s)
  [A-head] epoch 11/12 lr=1.0e-03 train_loss=0.7177 train_acc=0.716 val_loss=0.7402 val_acc=0.680 val_macroF1=0.622 val_cancerRecall=0.687 (14.5s)
  [A-head] epoch 12/12 lr=1.0e-03 train_loss=0.6990 train_acc=0.722 val_loss=0.7035 val_acc=0.713 val_macroF1=0.644 val_cancerRecall=0.722 (15.2s)
  [B-finetune] epoch 1/25 lr=1.0e-05 train_loss=0.6887 train_acc=0.724 val_loss=0.6934 val_acc=0.716 val_macroF1=0.655 val_cancerRecall=0.719 (15.5s)
  [B-finetune] epoch 2/25 lr=1.0e-05 train_loss=0.6716 train_acc=0.732 val_loss=0.6989 val_acc=0.703 val_macroF1=0.637 val_cancerRecall=0.711 (15.3s)
  [B-finetune] epoch 3/25 lr=1.0e-05 train_loss=0.6728 train_acc=0.730 val_loss=0.6434 val_acc=0.718 val_macroF1=0.645 val_cancerRecall=0.743 (14.9s)
  [B-finetune] epoch 4/25 lr=1.0e-05 train_loss=0.6825 train_acc=0.731 val_loss=0.6747 val_acc=0.713 val_macroF1=0.647 val_cancerRecall=0.725 (15.1s)
  [B-finetune] epoch 5/25 lr=5.0e-06 train_loss=0.6687 train_acc=0.731 val_loss=0.6474 val_acc=0.715 val_macroF1=0.647 val_cancerRecall=0.728 (14.8s)
  [B-finetune] epoch 6/25 lr=5.0e-06 train_loss=0.6562 train_acc=0.740 val_loss=0.6308 val_acc=0.722 val_macroF1=0.653 val_cancerRecall=0.740 (15.1s)
  [B-finetune] epoch 7/25 lr=5.0e-06 train_loss=0.6438 train_acc=0.748 val_loss=0.6456 val_acc=0.711 val_macroF1=0.642 val_cancerRecall=0.728 (15.1s)
  [B-finetune] early stopping at epoch 7 (no val macro-F1 improvement for 6 epochs)
=== efficientnet_b0 fold 2 DONE -- best val macro-F1 = 0.6548 ===

=== efficientnet_b0 fold 3 === train=2090 val=522 class_weights=[2.5429999828338623, 0.5099999904632568, 1.5520000457763672]
  [A-head] epoch 1/12 lr=1.0e-03 train_loss=0.8805 train_acc=0.647 val_loss=0.7042 val_acc=0.726 val_macroF1=0.669 val_cancerRecall=0.722 (136.3s)
  [A-head] epoch 2/12 lr=1.0e-03 train_loss=0.7849 train_acc=0.690 val_loss=0.6818 val_acc=0.707 val_macroF1=0.642 val_cancerRecall=0.693 (15.5s)
  [A-head] epoch 3/12 lr=1.0e-03 train_loss=0.7735 train_acc=0.684 val_loss=0.5858 val_acc=0.761 val_macroF1=0.662 val_cancerRecall=0.801 (15.7s)
  [A-head] epoch 4/12 lr=1.0e-03 train_loss=0.7634 train_acc=0.701 val_loss=0.6443 val_acc=0.705 val_macroF1=0.646 val_cancerRecall=0.693 (15.6s)
  [A-head] epoch 5/12 lr=1.0e-03 train_loss=0.7452 train_acc=0.709 val_loss=0.7045 val_acc=0.693 val_macroF1=0.635 val_cancerRecall=0.667 (16.3s)
  [A-head] epoch 6/12 lr=1.0e-03 train_loss=0.7351 train_acc=0.708 val_loss=0.7024 val_acc=0.697 val_macroF1=0.639 val_cancerRecall=0.673 (86.8s)
  [A-head] epoch 7/12 lr=1.0e-03 train_loss=0.7715 train_acc=0.682 val_loss=0.6876 val_acc=0.695 val_macroF1=0.633 val_cancerRecall=0.670 (25.5s)
  [A-head] early stopping at epoch 7 (no val macro-F1 improvement for 6 epochs)
  [B-finetune] epoch 1/25 lr=1.0e-05 train_loss=0.7197 train_acc=0.707 val_loss=0.6708 val_acc=0.692 val_macroF1=0.633 val_cancerRecall=0.673 (67.9s)
  [B-finetune] epoch 2/25 lr=1.0e-05 train_loss=0.6972 train_acc=0.711 val_loss=0.6625 val_acc=0.695 val_macroF1=0.638 val_cancerRecall=0.670 (22.5s)
  [B-finetune] epoch 3/25 lr=1.0e-05 train_loss=0.6969 train_acc=0.719 val_loss=0.7036 val_acc=0.690 val_macroF1=0.633 val_cancerRecall=0.658 (15.7s)
  [B-finetune] epoch 4/25 lr=1.0e-05 train_loss=0.6852 train_acc=0.726 val_loss=0.6676 val_acc=0.693 val_macroF1=0.635 val_cancerRecall=0.661 (15.2s)
  [B-finetune] epoch 5/25 lr=1.0e-05 train_loss=0.6695 train_acc=0.727 val_loss=0.6425 val_acc=0.709 val_macroF1=0.650 val_cancerRecall=0.675 (15.2s)
  [B-finetune] epoch 6/25 lr=1.0e-05 train_loss=0.6566 train_acc=0.722 val_loss=0.6671 val_acc=0.699 val_macroF1=0.642 val_cancerRecall=0.667 (15.2s)
  [B-finetune] epoch 7/25 lr=1.0e-05 train_loss=0.6540 train_acc=0.734 val_loss=0.6127 val_acc=0.703 val_macroF1=0.643 val_cancerRecall=0.687 (15.1s)
  [B-finetune] epoch 8/25 lr=1.0e-05 train_loss=0.6598 train_acc=0.716 val_loss=0.6635 val_acc=0.701 val_macroF1=0.644 val_cancerRecall=0.673 (15.2s)
  [B-finetune] epoch 9/25 lr=1.0e-05 train_loss=0.6454 train_acc=0.739 val_loss=0.6263 val_acc=0.711 val_macroF1=0.654 val_cancerRecall=0.687 (15.4s)
  [B-finetune] epoch 10/25 lr=1.0e-05 train_loss=0.6461 train_acc=0.736 val_loss=0.5889 val_acc=0.716 val_macroF1=0.654 val_cancerRecall=0.705 (15.8s)
  [B-finetune] epoch 11/25 lr=1.0e-05 train_loss=0.6217 train_acc=0.747 val_loss=0.6045 val_acc=0.711 val_macroF1=0.648 val_cancerRecall=0.699 (15.5s)
  [B-finetune] epoch 12/25 lr=1.0e-05 train_loss=0.6139 train_acc=0.747 val_loss=0.6222 val_acc=0.707 val_macroF1=0.651 val_cancerRecall=0.690 (15.6s)
  [B-finetune] epoch 13/25 lr=5.0e-06 train_loss=0.6146 train_acc=0.741 val_loss=0.6256 val_acc=0.705 val_macroF1=0.646 val_cancerRecall=0.684 (15.6s)
  [B-finetune] epoch 14/25 lr=5.0e-06 train_loss=0.6144 train_acc=0.750 val_loss=0.6464 val_acc=0.695 val_macroF1=0.650 val_cancerRecall=0.667 (15.4s)
  [B-finetune] epoch 15/25 lr=5.0e-06 train_loss=0.6236 train_acc=0.739 val_loss=0.6798 val_acc=0.697 val_macroF1=0.652 val_cancerRecall=0.661 (15.9s)
  [B-finetune] early stopping at epoch 15 (no val macro-F1 improvement for 6 epochs)
=== efficientnet_b0 fold 3 DONE -- best val macro-F1 = 0.6686 ===

=== efficientnet_b0 fold 4 === train=2090 val=522 class_weights=[2.5429999828338623, 0.5099999904632568, 1.5520000457763672]
  [A-head] epoch 1/12 lr=1.0e-03 train_loss=0.8664 train_acc=0.642 val_loss=0.6286 val_acc=0.759 val_macroF1=0.656 val_cancerRecall=0.807 (47.6s)
  [A-head] epoch 2/12 lr=1.0e-03 train_loss=0.8133 train_acc=0.668 val_loss=0.6294 val_acc=0.751 val_macroF1=0.665 val_cancerRecall=0.784 (58.4s)
  [A-head] epoch 3/12 lr=1.0e-03 train_loss=0.7981 train_acc=0.678 val_loss=0.6816 val_acc=0.705 val_macroF1=0.644 val_cancerRecall=0.687 (15.0s)
  [A-head] epoch 4/12 lr=1.0e-03 train_loss=0.7563 train_acc=0.686 val_loss=0.6675 val_acc=0.707 val_macroF1=0.633 val_cancerRecall=0.690 (15.0s)
  [A-head] epoch 5/12 lr=1.0e-03 train_loss=0.7583 train_acc=0.690 val_loss=0.5727 val_acc=0.780 val_macroF1=0.671 val_cancerRecall=0.827 (14.9s)
  [A-head] epoch 6/12 lr=1.0e-03 train_loss=0.7457 train_acc=0.707 val_loss=0.6299 val_acc=0.738 val_macroF1=0.658 val_cancerRecall=0.740 (14.9s)
  [A-head] epoch 7/12 lr=1.0e-03 train_loss=0.7442 train_acc=0.705 val_loss=0.7409 val_acc=0.684 val_macroF1=0.633 val_cancerRecall=0.643 (14.8s)
  [A-head] epoch 8/12 lr=1.0e-03 train_loss=0.7381 train_acc=0.705 val_loss=0.6672 val_acc=0.711 val_macroF1=0.649 val_cancerRecall=0.693 (14.8s)
  [A-head] epoch 9/12 lr=1.0e-03 train_loss=0.7389 train_acc=0.705 val_loss=0.6524 val_acc=0.718 val_macroF1=0.653 val_cancerRecall=0.705 (14.8s)
  [A-head] epoch 10/12 lr=1.0e-03 train_loss=0.7380 train_acc=0.705 val_loss=0.6715 val_acc=0.703 val_macroF1=0.637 val_cancerRecall=0.696 (14.8s)
  [A-head] epoch 11/12 lr=1.0e-03 train_loss=0.7318 train_acc=0.702 val_loss=0.6342 val_acc=0.724 val_macroF1=0.651 val_cancerRecall=0.728 (15.2s)
  [A-head] early stopping at epoch 11 (no val macro-F1 improvement for 6 epochs)
  [B-finetune] epoch 1/25 lr=1.0e-05 train_loss=0.6897 train_acc=0.724 val_loss=0.6944 val_acc=0.693 val_macroF1=0.644 val_cancerRecall=0.661 (15.0s)
  [B-finetune] epoch 2/25 lr=1.0e-05 train_loss=0.6982 train_acc=0.712 val_loss=0.6461 val_acc=0.722 val_macroF1=0.665 val_cancerRecall=0.705 (15.1s)
  [B-finetune] epoch 3/25 lr=1.0e-05 train_loss=0.6884 train_acc=0.729 val_loss=0.6390 val_acc=0.722 val_macroF1=0.660 val_cancerRecall=0.713 (15.0s)
  [B-finetune] epoch 4/25 lr=1.0e-05 train_loss=0.6692 train_acc=0.737 val_loss=0.6295 val_acc=0.728 val_macroF1=0.671 val_cancerRecall=0.713 (14.9s)
  [B-finetune] epoch 5/25 lr=1.0e-05 train_loss=0.6685 train_acc=0.729 val_loss=0.6851 val_acc=0.699 val_macroF1=0.650 val_cancerRecall=0.664 (14.9s)
  [B-finetune] epoch 6/25 lr=1.0e-05 train_loss=0.6627 train_acc=0.731 val_loss=0.6363 val_acc=0.716 val_macroF1=0.652 val_cancerRecall=0.708 (15.2s)
  [B-finetune] epoch 7/25 lr=1.0e-05 train_loss=0.6545 train_acc=0.724 val_loss=0.6279 val_acc=0.722 val_macroF1=0.665 val_cancerRecall=0.705 (15.0s)
  [B-finetune] epoch 8/25 lr=1.0e-05 train_loss=0.6407 train_acc=0.737 val_loss=0.6222 val_acc=0.732 val_macroF1=0.676 val_cancerRecall=0.711 (15.0s)
  [B-finetune] epoch 9/25 lr=1.0e-05 train_loss=0.6495 train_acc=0.726 val_loss=0.5584 val_acc=0.751 val_macroF1=0.689 val_cancerRecall=0.749 (14.9s)
  [B-finetune] epoch 10/25 lr=1.0e-05 train_loss=0.6342 train_acc=0.740 val_loss=0.6109 val_acc=0.732 val_macroF1=0.674 val_cancerRecall=0.713 (15.2s)
  [B-finetune] epoch 11/25 lr=1.0e-05 train_loss=0.6085 train_acc=0.752 val_loss=0.6160 val_acc=0.728 val_macroF1=0.668 val_cancerRecall=0.708 (15.0s)
  [B-finetune] epoch 12/25 lr=1.0e-05 train_loss=0.6213 train_acc=0.745 val_loss=0.5973 val_acc=0.732 val_macroF1=0.676 val_cancerRecall=0.711 (15.0s)
  [B-finetune] epoch 13/25 lr=5.0e-06 train_loss=0.6289 train_acc=0.747 val_loss=0.5739 val_acc=0.738 val_macroF1=0.682 val_cancerRecall=0.722 (15.0s)
  [B-finetune] epoch 14/25 lr=5.0e-06 train_loss=0.6179 train_acc=0.743 val_loss=0.5885 val_acc=0.745 val_macroF1=0.691 val_cancerRecall=0.728 (15.0s)
  [B-finetune] epoch 15/25 lr=5.0e-06 train_loss=0.6071 train_acc=0.745 val_loss=0.5559 val_acc=0.751 val_macroF1=0.692 val_cancerRecall=0.740 (14.9s)
  [B-finetune] epoch 16/25 lr=5.0e-06 train_loss=0.6093 train_acc=0.746 val_loss=0.5610 val_acc=0.755 val_macroF1=0.699 val_cancerRecall=0.734 (14.9s)
  [B-finetune] epoch 17/25 lr=5.0e-06 train_loss=0.5977 train_acc=0.756 val_loss=0.6095 val_acc=0.728 val_macroF1=0.673 val_cancerRecall=0.711 (15.0s)
  [B-finetune] epoch 18/25 lr=5.0e-06 train_loss=0.6139 train_acc=0.751 val_loss=0.5953 val_acc=0.734 val_macroF1=0.681 val_cancerRecall=0.719 (15.1s)
  [B-finetune] epoch 19/25 lr=5.0e-06 train_loss=0.6080 train_acc=0.764 val_loss=0.6074 val_acc=0.736 val_macroF1=0.680 val_cancerRecall=0.713 (14.9s)
  [B-finetune] epoch 20/25 lr=2.5e-06 train_loss=0.5902 train_acc=0.760 val_loss=0.6042 val_acc=0.730 val_macroF1=0.676 val_cancerRecall=0.713 (15.3s)
  [B-finetune] epoch 21/25 lr=2.5e-06 train_loss=0.6000 train_acc=0.752 val_loss=0.6170 val_acc=0.730 val_macroF1=0.676 val_cancerRecall=0.711 (15.2s)
  [B-finetune] epoch 22/25 lr=2.5e-06 train_loss=0.5918 train_acc=0.767 val_loss=0.5795 val_acc=0.745 val_macroF1=0.687 val_cancerRecall=0.734 (15.0s)
  [B-finetune] early stopping at epoch 22 (no val macro-F1 improvement for 6 epochs)
=== efficientnet_b0 fold 4 DONE -- best val macro-F1 = 0.6988 ===

=== resnet50 fold 0 === train=2088 val=524 class_weights=[2.5490000247955322, 0.5090000033378601, 1.5540000200271606]
  [A-head] epoch 1/12 lr=1.0e-03 train_loss=0.9048 train_acc=0.593 val_loss=0.6551 val_acc=0.760 val_macroF1=0.514 val_cancerRecall=0.915 (174.9s)
  [A-head] epoch 2/12 lr=1.0e-03 train_loss=0.8118 train_acc=0.669 val_loss=0.6533 val_acc=0.737 val_macroF1=0.636 val_cancerRecall=0.813 (56.8s)
  [A-head] epoch 3/12 lr=1.0e-03 train_loss=0.7780 train_acc=0.676 val_loss=0.6184 val_acc=0.754 val_macroF1=0.625 val_cancerRecall=0.860 (24.1s)
  [A-head] epoch 4/12 lr=1.0e-03 train_loss=0.7596 train_acc=0.687 val_loss=0.6381 val_acc=0.718 val_macroF1=0.630 val_cancerRecall=0.792 (17.4s)
  [A-head] epoch 5/12 lr=1.0e-03 train_loss=0.7440 train_acc=0.698 val_loss=0.6613 val_acc=0.677 val_macroF1=0.596 val_cancerRecall=0.743 (30.3s)
  [A-head] epoch 6/12 lr=1.0e-03 train_loss=0.7435 train_acc=0.700 val_loss=0.6024 val_acc=0.748 val_macroF1=0.636 val_cancerRecall=0.863 (17.4s)
  [A-head] epoch 7/12 lr=1.0e-03 train_loss=0.7303 train_acc=0.704 val_loss=0.5936 val_acc=0.767 val_macroF1=0.673 val_cancerRecall=0.830 (17.2s)
  [A-head] epoch 8/12 lr=1.0e-03 train_loss=0.7134 train_acc=0.713 val_loss=0.6125 val_acc=0.744 val_macroF1=0.660 val_cancerRecall=0.772 (17.2s)
  [A-head] epoch 9/12 lr=1.0e-03 train_loss=0.7183 train_acc=0.707 val_loss=0.5787 val_acc=0.773 val_macroF1=0.668 val_cancerRecall=0.845 (17.1s)
  [A-head] epoch 10/12 lr=1.0e-03 train_loss=0.7395 train_acc=0.700 val_loss=0.5975 val_acc=0.746 val_macroF1=0.665 val_cancerRecall=0.772 (19.3s)
  [A-head] epoch 11/12 lr=1.0e-03 train_loss=0.7077 train_acc=0.716 val_loss=0.6201 val_acc=0.700 val_macroF1=0.633 val_cancerRecall=0.731 (17.4s)
  [A-head] epoch 12/12 lr=1.0e-03 train_loss=0.7017 train_acc=0.721 val_loss=0.5978 val_acc=0.756 val_macroF1=0.683 val_cancerRecall=0.769 (17.2s)
  [B-finetune] epoch 1/25 lr=1.0e-05 train_loss=0.6760 train_acc=0.727 val_loss=0.6177 val_acc=0.719 val_macroF1=0.657 val_cancerRecall=0.731 (40.9s)
  [B-finetune] epoch 2/25 lr=1.0e-05 train_loss=0.6663 train_acc=0.739 val_loss=0.5767 val_acc=0.739 val_macroF1=0.670 val_cancerRecall=0.760 (27.7s)
  [B-finetune] epoch 3/25 lr=1.0e-05 train_loss=0.6607 train_acc=0.734 val_loss=0.5957 val_acc=0.731 val_macroF1=0.669 val_cancerRecall=0.740 (27.9s)
  [B-finetune] epoch 4/25 lr=1.0e-05 train_loss=0.6415 train_acc=0.740 val_loss=0.5605 val_acc=0.765 val_macroF1=0.690 val_cancerRecall=0.798 (27.8s)
  [B-finetune] epoch 5/25 lr=1.0e-05 train_loss=0.6292 train_acc=0.743 val_loss=0.5523 val_acc=0.756 val_macroF1=0.683 val_cancerRecall=0.784 (27.6s)
  [B-finetune] epoch 6/25 lr=1.0e-05 train_loss=0.6121 train_acc=0.758 val_loss=0.5844 val_acc=0.748 val_macroF1=0.685 val_cancerRecall=0.751 (28.0s)
  [B-finetune] epoch 7/25 lr=1.0e-05 train_loss=0.5921 train_acc=0.759 val_loss=0.5778 val_acc=0.746 val_macroF1=0.675 val_cancerRecall=0.775 (27.7s)
  [B-finetune] epoch 8/25 lr=5.0e-06 train_loss=0.5835 train_acc=0.761 val_loss=0.5722 val_acc=0.758 val_macroF1=0.688 val_cancerRecall=0.772 (27.7s)
  [B-finetune] epoch 9/25 lr=5.0e-06 train_loss=0.5782 train_acc=0.768 val_loss=0.5559 val_acc=0.765 val_macroF1=0.699 val_cancerRecall=0.775 (27.7s)
  [B-finetune] epoch 10/25 lr=5.0e-06 train_loss=0.5693 train_acc=0.765 val_loss=0.5998 val_acc=0.746 val_macroF1=0.678 val_cancerRecall=0.749 (27.7s)
  [B-finetune] epoch 11/25 lr=5.0e-06 train_loss=0.5631 train_acc=0.775 val_loss=0.5496 val_acc=0.771 val_macroF1=0.703 val_cancerRecall=0.781 (27.8s)
  [B-finetune] epoch 12/25 lr=5.0e-06 train_loss=0.5319 train_acc=0.780 val_loss=0.5368 val_acc=0.773 val_macroF1=0.699 val_cancerRecall=0.798 (27.8s)
  [B-finetune] epoch 13/25 lr=5.0e-06 train_loss=0.5513 train_acc=0.773 val_loss=0.5517 val_acc=0.773 val_macroF1=0.707 val_cancerRecall=0.784 (27.8s)
  [B-finetune] epoch 14/25 lr=5.0e-06 train_loss=0.5447 train_acc=0.772 val_loss=0.5501 val_acc=0.775 val_macroF1=0.713 val_cancerRecall=0.781 (27.7s)
  [B-finetune] epoch 15/25 lr=5.0e-06 train_loss=0.5287 train_acc=0.781 val_loss=0.5530 val_acc=0.761 val_macroF1=0.695 val_cancerRecall=0.775 (27.6s)
  [B-finetune] epoch 16/25 lr=5.0e-06 train_loss=0.5171 train_acc=0.785 val_loss=0.5518 val_acc=0.767 val_macroF1=0.700 val_cancerRecall=0.787 (27.8s)
  [B-finetune] epoch 17/25 lr=5.0e-06 train_loss=0.5039 train_acc=0.801 val_loss=0.5740 val_acc=0.761 val_macroF1=0.697 val_cancerRecall=0.772 (27.7s)
  [B-finetune] epoch 18/25 lr=2.5e-06 train_loss=0.5151 train_acc=0.795 val_loss=0.5495 val_acc=0.769 val_macroF1=0.703 val_cancerRecall=0.784 (27.7s)
  [B-finetune] epoch 19/25 lr=2.5e-06 train_loss=0.5009 train_acc=0.780 val_loss=0.5306 val_acc=0.777 val_macroF1=0.704 val_cancerRecall=0.798 (27.7s)
  [B-finetune] epoch 20/25 lr=2.5e-06 train_loss=0.5061 train_acc=0.787 val_loss=0.5411 val_acc=0.781 val_macroF1=0.711 val_cancerRecall=0.798 (27.7s)
  [B-finetune] early stopping at epoch 20 (no val macro-F1 improvement for 6 epochs)
=== resnet50 fold 0 DONE -- best val macro-F1 = 0.7133 ===

=== resnet50 fold 1 === train=2090 val=522 class_weights=[2.552000045776367, 0.5090000033378601, 1.5520000457763672]
  [A-head] epoch 1/12 lr=1.0e-03 train_loss=0.9107 train_acc=0.622 val_loss=0.7804 val_acc=0.649 val_macroF1=0.573 val_cancerRecall=0.704 (84.6s)
  [A-head] epoch 2/12 lr=1.0e-03 train_loss=0.8176 train_acc=0.657 val_loss=0.6706 val_acc=0.707 val_macroF1=0.565 val_cancerRecall=0.818 (51.2s)
  [A-head] epoch 3/12 lr=1.0e-03 train_loss=0.7864 train_acc=0.669 val_loss=0.6705 val_acc=0.690 val_macroF1=0.592 val_cancerRecall=0.760 (30.7s)
  [A-head] epoch 4/12 lr=1.0e-03 train_loss=0.7721 train_acc=0.690 val_loss=0.7811 val_acc=0.638 val_macroF1=0.575 val_cancerRecall=0.669 (36.4s)
  [A-head] epoch 5/12 lr=1.0e-03 train_loss=0.7636 train_acc=0.698 val_loss=0.7125 val_acc=0.670 val_macroF1=0.604 val_cancerRecall=0.704 (28.4s)
  [A-head] epoch 6/12 lr=1.0e-03 train_loss=0.7426 train_acc=0.705 val_loss=0.6158 val_acc=0.730 val_macroF1=0.614 val_cancerRecall=0.821 (38.1s)
  [A-head] epoch 7/12 lr=1.0e-03 train_loss=0.7143 train_acc=0.711 val_loss=0.7263 val_acc=0.661 val_macroF1=0.597 val_cancerRecall=0.686 (40.5s)
  [A-head] epoch 8/12 lr=1.0e-03 train_loss=0.7424 train_acc=0.706 val_loss=0.6223 val_acc=0.728 val_macroF1=0.626 val_cancerRecall=0.798 (17.1s)
  [A-head] epoch 9/12 lr=1.0e-03 train_loss=0.7359 train_acc=0.707 val_loss=0.7573 val_acc=0.640 val_macroF1=0.579 val_cancerRecall=0.666 (17.4s)
  [A-head] epoch 10/12 lr=1.0e-03 train_loss=0.7224 train_acc=0.709 val_loss=0.6359 val_acc=0.713 val_macroF1=0.623 val_cancerRecall=0.762 (17.3s)
  [A-head] epoch 11/12 lr=1.0e-03 train_loss=0.7046 train_acc=0.731 val_loss=0.6350 val_acc=0.722 val_macroF1=0.622 val_cancerRecall=0.757 (17.5s)
  [A-head] epoch 12/12 lr=1.0e-03 train_loss=0.7066 train_acc=0.721 val_loss=0.7111 val_acc=0.686 val_macroF1=0.631 val_cancerRecall=0.669 (17.5s)
  [B-finetune] epoch 1/25 lr=1.0e-05 train_loss=0.6756 train_acc=0.717 val_loss=0.6609 val_acc=0.711 val_macroF1=0.641 val_cancerRecall=0.718 (38.6s)
  [B-finetune] epoch 2/25 lr=1.0e-05 train_loss=0.6599 train_acc=0.748 val_loss=0.6698 val_acc=0.693 val_macroF1=0.630 val_cancerRecall=0.689 (27.6s)
  [B-finetune] epoch 3/25 lr=1.0e-05 train_loss=0.6409 train_acc=0.746 val_loss=0.6385 val_acc=0.707 val_macroF1=0.642 val_cancerRecall=0.716 (27.9s)
  [B-finetune] epoch 4/25 lr=1.0e-05 train_loss=0.6337 train_acc=0.743 val_loss=0.6344 val_acc=0.705 val_macroF1=0.641 val_cancerRecall=0.713 (27.9s)
  [B-finetune] epoch 5/25 lr=1.0e-05 train_loss=0.6341 train_acc=0.746 val_loss=0.6232 val_acc=0.707 val_macroF1=0.635 val_cancerRecall=0.716 (27.5s)
  [B-finetune] epoch 6/25 lr=1.0e-05 train_loss=0.6117 train_acc=0.762 val_loss=0.6279 val_acc=0.711 val_macroF1=0.645 val_cancerRecall=0.718 (27.7s)
  [B-finetune] epoch 7/25 lr=1.0e-05 train_loss=0.5869 train_acc=0.756 val_loss=0.6154 val_acc=0.716 val_macroF1=0.653 val_cancerRecall=0.724 (27.7s)
  [B-finetune] epoch 8/25 lr=1.0e-05 train_loss=0.5818 train_acc=0.764 val_loss=0.7131 val_acc=0.699 val_macroF1=0.644 val_cancerRecall=0.680 (27.8s)
  [B-finetune] epoch 9/25 lr=1.0e-05 train_loss=0.5548 train_acc=0.778 val_loss=0.6189 val_acc=0.711 val_macroF1=0.644 val_cancerRecall=0.716 (27.6s)
  [B-finetune] epoch 10/25 lr=1.0e-05 train_loss=0.5538 train_acc=0.779 val_loss=0.6025 val_acc=0.720 val_macroF1=0.651 val_cancerRecall=0.730 (27.5s)
  [B-finetune] epoch 11/25 lr=1.0e-05 train_loss=0.5340 train_acc=0.788 val_loss=0.6030 val_acc=0.726 val_macroF1=0.665 val_cancerRecall=0.730 (27.7s)
  [B-finetune] epoch 12/25 lr=1.0e-05 train_loss=0.5361 train_acc=0.793 val_loss=0.6052 val_acc=0.732 val_macroF1=0.667 val_cancerRecall=0.727 (27.7s)
  [B-finetune] epoch 13/25 lr=1.0e-05 train_loss=0.5244 train_acc=0.780 val_loss=0.6290 val_acc=0.715 val_macroF1=0.649 val_cancerRecall=0.713 (27.9s)
  [B-finetune] epoch 14/25 lr=1.0e-05 train_loss=0.5029 train_acc=0.788 val_loss=0.5990 val_acc=0.730 val_macroF1=0.661 val_cancerRecall=0.736 (27.7s)
  [B-finetune] epoch 15/25 lr=1.0e-05 train_loss=0.4952 train_acc=0.803 val_loss=0.6336 val_acc=0.728 val_macroF1=0.673 val_cancerRecall=0.721 (27.8s)
  [B-finetune] epoch 16/25 lr=1.0e-05 train_loss=0.5040 train_acc=0.805 val_loss=0.5698 val_acc=0.739 val_macroF1=0.664 val_cancerRecall=0.760 (27.7s)
  [B-finetune] epoch 17/25 lr=1.0e-05 train_loss=0.4897 train_acc=0.797 val_loss=0.5589 val_acc=0.749 val_macroF1=0.672 val_cancerRecall=0.768 (27.8s)
  [B-finetune] epoch 18/25 lr=1.0e-05 train_loss=0.4789 train_acc=0.813 val_loss=0.5823 val_acc=0.747 val_macroF1=0.670 val_cancerRecall=0.771 (27.7s)
  [B-finetune] epoch 19/25 lr=1.0e-05 train_loss=0.4613 train_acc=0.804 val_loss=0.5725 val_acc=0.745 val_macroF1=0.674 val_cancerRecall=0.762 (27.7s)
  [B-finetune] epoch 20/25 lr=1.0e-05 train_loss=0.4627 train_acc=0.809 val_loss=0.5205 val_acc=0.761 val_macroF1=0.669 val_cancerRecall=0.809 (27.8s)
  [B-finetune] epoch 21/25 lr=1.0e-05 train_loss=0.4378 train_acc=0.831 val_loss=0.5383 val_acc=0.766 val_macroF1=0.678 val_cancerRecall=0.801 (27.7s)
  [B-finetune] epoch 22/25 lr=1.0e-05 train_loss=0.4193 train_acc=0.835 val_loss=0.5452 val_acc=0.766 val_macroF1=0.675 val_cancerRecall=0.815 (27.7s)
  [B-finetune] epoch 23/25 lr=1.0e-05 train_loss=0.4239 train_acc=0.832 val_loss=0.5521 val_acc=0.782 val_macroF1=0.688 val_cancerRecall=0.815 (27.6s)
  [B-finetune] epoch 24/25 lr=1.0e-05 train_loss=0.4078 train_acc=0.832 val_loss=0.5371 val_acc=0.755 val_macroF1=0.670 val_cancerRecall=0.798 (27.8s)
  [B-finetune] epoch 25/25 lr=1.0e-05 train_loss=0.4067 train_acc=0.836 val_loss=0.5232 val_acc=0.772 val_macroF1=0.679 val_cancerRecall=0.827 (27.6s)
=== resnet50 fold 1 DONE -- best val macro-F1 = 0.6879 ===

=== resnet50 fold 2 === train=2090 val=522 class_weights=[2.5429999828338623, 0.5099999904632568, 1.5520000457763672]
  [A-head] epoch 1/12 lr=1.0e-03 train_loss=0.9149 train_acc=0.630 val_loss=0.7168 val_acc=0.703 val_macroF1=0.580 val_cancerRecall=0.789 (157.9s)
  [A-head] epoch 2/12 lr=1.0e-03 train_loss=0.8190 train_acc=0.651 val_loss=0.6609 val_acc=0.705 val_macroF1=0.579 val_cancerRecall=0.836 (17.3s)
  [A-head] epoch 3/12 lr=1.0e-03 train_loss=0.7957 train_acc=0.678 val_loss=0.6248 val_acc=0.759 val_macroF1=0.641 val_cancerRecall=0.868 (17.9s)
  [A-head] epoch 4/12 lr=1.0e-03 train_loss=0.7716 train_acc=0.686 val_loss=0.6122 val_acc=0.732 val_macroF1=0.610 val_cancerRecall=0.827 (19.0s)
  [A-head] epoch 5/12 lr=1.0e-03 train_loss=0.7490 train_acc=0.689 val_loss=0.5946 val_acc=0.739 val_macroF1=0.623 val_cancerRecall=0.825 (23.1s)
  [A-head] epoch 6/12 lr=1.0e-03 train_loss=0.7549 train_acc=0.692 val_loss=0.6513 val_acc=0.732 val_macroF1=0.653 val_cancerRecall=0.772 (19.4s)
  [A-head] epoch 7/12 lr=1.0e-03 train_loss=0.7412 train_acc=0.701 val_loss=0.6323 val_acc=0.738 val_macroF1=0.649 val_cancerRecall=0.789 (19.8s)
  [A-head] epoch 8/12 lr=1.0e-03 train_loss=0.7230 train_acc=0.719 val_loss=0.6896 val_acc=0.676 val_macroF1=0.593 val_cancerRecall=0.740 (17.1s)
  [A-head] epoch 9/12 lr=1.0e-03 train_loss=0.7422 train_acc=0.698 val_loss=0.5774 val_acc=0.739 val_macroF1=0.630 val_cancerRecall=0.825 (17.6s)
  [A-head] epoch 10/12 lr=1.0e-03 train_loss=0.7283 train_acc=0.702 val_loss=0.6714 val_acc=0.686 val_macroF1=0.609 val_cancerRecall=0.737 (17.3s)
  [A-head] epoch 11/12 lr=1.0e-03 train_loss=0.7104 train_acc=0.710 val_loss=0.5835 val_acc=0.755 val_macroF1=0.647 val_cancerRecall=0.833 (17.4s)
  [A-head] epoch 12/12 lr=1.0e-03 train_loss=0.7075 train_acc=0.713 val_loss=0.6280 val_acc=0.728 val_macroF1=0.658 val_cancerRecall=0.751 (17.4s)
  [B-finetune] epoch 1/25 lr=1.0e-05 train_loss=0.6962 train_acc=0.727 val_loss=0.6308 val_acc=0.718 val_macroF1=0.647 val_cancerRecall=0.751 (27.7s)
  [B-finetune] epoch 2/25 lr=1.0e-05 train_loss=0.6739 train_acc=0.725 val_loss=0.6465 val_acc=0.703 val_macroF1=0.644 val_cancerRecall=0.713 (27.7s)
  [B-finetune] epoch 3/25 lr=1.0e-05 train_loss=0.6640 train_acc=0.728 val_loss=0.6069 val_acc=0.730 val_macroF1=0.662 val_cancerRecall=0.746 (27.6s)
  [B-finetune] epoch 4/25 lr=1.0e-05 train_loss=0.6449 train_acc=0.737 val_loss=0.5974 val_acc=0.743 val_macroF1=0.678 val_cancerRecall=0.757 (27.7s)
  [B-finetune] epoch 5/25 lr=1.0e-05 train_loss=0.6320 train_acc=0.744 val_loss=0.5809 val_acc=0.736 val_macroF1=0.667 val_cancerRecall=0.757 (28.0s)
  [B-finetune] epoch 6/25 lr=1.0e-05 train_loss=0.6273 train_acc=0.745 val_loss=0.5653 val_acc=0.739 val_macroF1=0.676 val_cancerRecall=0.757 (27.8s)
  [B-finetune] epoch 7/25 lr=1.0e-05 train_loss=0.6043 train_acc=0.749 val_loss=0.5853 val_acc=0.739 val_macroF1=0.675 val_cancerRecall=0.754 (27.7s)
  [B-finetune] epoch 8/25 lr=5.0e-06 train_loss=0.6094 train_acc=0.744 val_loss=0.5733 val_acc=0.736 val_macroF1=0.672 val_cancerRecall=0.749 (27.8s)
  [B-finetune] epoch 9/25 lr=5.0e-06 train_loss=0.5813 train_acc=0.762 val_loss=0.5553 val_acc=0.743 val_macroF1=0.677 val_cancerRecall=0.757 (27.6s)
  [B-finetune] epoch 10/25 lr=5.0e-06 train_loss=0.5737 train_acc=0.774 val_loss=0.5552 val_acc=0.745 val_macroF1=0.673 val_cancerRecall=0.769 (27.7s)
  [B-finetune] early stopping at epoch 10 (no val macro-F1 improvement for 6 epochs)
=== resnet50 fold 2 DONE -- best val macro-F1 = 0.6776 ===

=== resnet50 fold 3 === train=2090 val=522 class_weights=[2.5429999828338623, 0.5099999904632568, 1.5520000457763672]
  [A-head] epoch 1/12 lr=1.0e-03 train_loss=0.9065 train_acc=0.625 val_loss=0.7814 val_acc=0.682 val_macroF1=0.602 val_cancerRecall=0.675 (143.4s)
  [A-head] epoch 2/12 lr=1.0e-03 train_loss=0.8153 train_acc=0.659 val_loss=0.6637 val_acc=0.720 val_macroF1=0.634 val_cancerRecall=0.769 (17.2s)
  [A-head] epoch 3/12 lr=1.0e-03 train_loss=0.7860 train_acc=0.685 val_loss=0.6588 val_acc=0.682 val_macroF1=0.596 val_cancerRecall=0.749 (17.2s)
  [A-head] epoch 4/12 lr=1.0e-03 train_loss=0.7678 train_acc=0.691 val_loss=0.5901 val_acc=0.755 val_macroF1=0.649 val_cancerRecall=0.825 (17.2s)
  [A-head] epoch 5/12 lr=1.0e-03 train_loss=0.7547 train_acc=0.697 val_loss=0.6117 val_acc=0.745 val_macroF1=0.657 val_cancerRecall=0.772 (16.9s)
  [A-head] epoch 6/12 lr=1.0e-03 train_loss=0.7520 train_acc=0.693 val_loss=0.6016 val_acc=0.749 val_macroF1=0.665 val_cancerRecall=0.789 (17.6s)
  [A-head] epoch 7/12 lr=1.0e-03 train_loss=0.7525 train_acc=0.691 val_loss=0.6636 val_acc=0.716 val_macroF1=0.654 val_cancerRecall=0.705 (17.3s)
  [A-head] epoch 8/12 lr=1.0e-03 train_loss=0.7340 train_acc=0.705 val_loss=0.7100 val_acc=0.686 val_macroF1=0.635 val_cancerRecall=0.673 (17.6s)
  [A-head] epoch 9/12 lr=1.0e-03 train_loss=0.7454 train_acc=0.704 val_loss=0.7364 val_acc=0.661 val_macroF1=0.614 val_cancerRecall=0.652 (17.7s)
  [A-head] epoch 10/12 lr=1.0e-03 train_loss=0.7409 train_acc=0.696 val_loss=0.6729 val_acc=0.680 val_macroF1=0.623 val_cancerRecall=0.690 (55.3s)
  [A-head] epoch 11/12 lr=1.0e-03 train_loss=0.7070 train_acc=0.709 val_loss=0.6414 val_acc=0.699 val_macroF1=0.642 val_cancerRecall=0.708 (18.9s)
  [A-head] epoch 12/12 lr=1.0e-03 train_loss=0.7094 train_acc=0.707 val_loss=0.6538 val_acc=0.715 val_macroF1=0.660 val_cancerRecall=0.693 (17.1s)
  [A-head] early stopping at epoch 12 (no val macro-F1 improvement for 6 epochs)
  [B-finetune] epoch 1/25 lr=1.0e-05 train_loss=0.7011 train_acc=0.713 val_loss=0.6095 val_acc=0.715 val_macroF1=0.655 val_cancerRecall=0.708 (30.3s)
  [B-finetune] epoch 2/25 lr=1.0e-05 train_loss=0.6710 train_acc=0.720 val_loss=0.6056 val_acc=0.716 val_macroF1=0.658 val_cancerRecall=0.713 (27.7s)
  [B-finetune] epoch 3/25 lr=1.0e-05 train_loss=0.6593 train_acc=0.722 val_loss=0.6501 val_acc=0.705 val_macroF1=0.660 val_cancerRecall=0.678 (27.8s)
  [B-finetune] epoch 4/25 lr=1.0e-05 train_loss=0.6449 train_acc=0.730 val_loss=0.6580 val_acc=0.716 val_macroF1=0.675 val_cancerRecall=0.681 (27.8s)
  [B-finetune] epoch 5/25 lr=1.0e-05 train_loss=0.6400 train_acc=0.737 val_loss=0.6190 val_acc=0.724 val_macroF1=0.677 val_cancerRecall=0.693 (27.7s)
  [B-finetune] epoch 6/25 lr=1.0e-05 train_loss=0.6281 train_acc=0.738 val_loss=0.6337 val_acc=0.678 val_macroF1=0.614 val_cancerRecall=0.696 (27.8s)
  [B-finetune] epoch 7/25 lr=1.0e-05 train_loss=0.5947 train_acc=0.749 val_loss=0.6042 val_acc=0.701 val_macroF1=0.633 val_cancerRecall=0.734 (27.7s)
  [B-finetune] epoch 8/25 lr=1.0e-05 train_loss=0.5970 train_acc=0.748 val_loss=0.6173 val_acc=0.726 val_macroF1=0.683 val_cancerRecall=0.690 (27.8s)
  [B-finetune] epoch 9/25 lr=1.0e-05 train_loss=0.5718 train_acc=0.765 val_loss=0.6302 val_acc=0.728 val_macroF1=0.687 val_cancerRecall=0.690 (27.8s)
  [B-finetune] epoch 10/25 lr=1.0e-05 train_loss=0.5821 train_acc=0.756 val_loss=0.6666 val_acc=0.715 val_macroF1=0.677 val_cancerRecall=0.675 (27.9s)
  [B-finetune] epoch 11/25 lr=1.0e-05 train_loss=0.5465 train_acc=0.761 val_loss=0.6390 val_acc=0.718 val_macroF1=0.671 val_cancerRecall=0.687 (27.8s)
  [B-finetune] epoch 12/25 lr=1.0e-05 train_loss=0.5555 train_acc=0.765 val_loss=0.6067 val_acc=0.732 val_macroF1=0.683 val_cancerRecall=0.711 (27.7s)
  [B-finetune] epoch 13/25 lr=1.0e-05 train_loss=0.5339 train_acc=0.773 val_loss=0.5669 val_acc=0.745 val_macroF1=0.693 val_cancerRecall=0.728 (27.7s)
  [B-finetune] epoch 14/25 lr=1.0e-05 train_loss=0.5168 train_acc=0.773 val_loss=0.5803 val_acc=0.741 val_macroF1=0.687 val_cancerRecall=0.725 (27.8s)
  [B-finetune] epoch 15/25 lr=1.0e-05 train_loss=0.4964 train_acc=0.789 val_loss=0.6242 val_acc=0.738 val_macroF1=0.695 val_cancerRecall=0.705 (27.7s)
  [B-finetune] epoch 16/25 lr=1.0e-05 train_loss=0.5004 train_acc=0.787 val_loss=0.6051 val_acc=0.741 val_macroF1=0.684 val_cancerRecall=0.725 (27.5s)
  [B-finetune] epoch 17/25 lr=1.0e-05 train_loss=0.4946 train_acc=0.795 val_loss=0.5876 val_acc=0.753 val_macroF1=0.696 val_cancerRecall=0.746 (27.6s)
  [B-finetune] epoch 18/25 lr=1.0e-05 train_loss=0.4640 train_acc=0.804 val_loss=0.6041 val_acc=0.751 val_macroF1=0.696 val_cancerRecall=0.743 (27.7s)
  [B-finetune] epoch 19/25 lr=1.0e-05 train_loss=0.4792 train_acc=0.802 val_loss=0.5728 val_acc=0.747 val_macroF1=0.696 val_cancerRecall=0.734 (32.7s)
  [B-finetune] epoch 20/25 lr=1.0e-05 train_loss=0.4557 train_acc=0.808 val_loss=0.5988 val_acc=0.747 val_macroF1=0.688 val_cancerRecall=0.737 (27.9s)
  [B-finetune] epoch 21/25 lr=1.0e-05 train_loss=0.4415 train_acc=0.808 val_loss=0.5518 val_acc=0.764 val_macroF1=0.707 val_cancerRecall=0.751 (27.8s)
  [B-finetune] epoch 22/25 lr=1.0e-05 train_loss=0.4464 train_acc=0.810 val_loss=0.5027 val_acc=0.776 val_macroF1=0.697 val_cancerRecall=0.801 (27.6s)
  [B-finetune] epoch 23/25 lr=1.0e-05 train_loss=0.4297 train_acc=0.820 val_loss=0.5589 val_acc=0.757 val_macroF1=0.684 val_cancerRecall=0.760 (27.7s)
  [B-finetune] epoch 24/25 lr=1.0e-05 train_loss=0.4200 train_acc=0.828 val_loss=0.5395 val_acc=0.766 val_macroF1=0.706 val_cancerRecall=0.766 (27.7s)
  [B-finetune] epoch 25/25 lr=5.0e-06 train_loss=0.4131 train_acc=0.828 val_loss=0.5474 val_acc=0.766 val_macroF1=0.696 val_cancerRecall=0.772 (27.6s)
=== resnet50 fold 3 DONE -- best val macro-F1 = 0.7070 ===

=== resnet50 fold 4 === train=2090 val=522 class_weights=[2.5429999828338623, 0.5099999904632568, 1.5520000457763672]
  [A-head] epoch 1/12 lr=1.0e-03 train_loss=0.9096 train_acc=0.629 val_loss=0.6984 val_acc=0.736 val_macroF1=0.647 val_cancerRecall=0.804 (71.7s)
  [A-head] epoch 2/12 lr=1.0e-03 train_loss=0.8132 train_acc=0.650 val_loss=0.6060 val_acc=0.768 val_macroF1=0.576 val_cancerRecall=0.898 (50.9s)
  [A-head] epoch 3/12 lr=1.0e-03 train_loss=0.7853 train_acc=0.668 val_loss=0.6591 val_acc=0.724 val_macroF1=0.653 val_cancerRecall=0.757 (16.7s)
  [A-head] epoch 4/12 lr=1.0e-03 train_loss=0.7685 train_acc=0.678 val_loss=0.5831 val_acc=0.768 val_macroF1=0.636 val_cancerRecall=0.854 (16.9s)
  [A-head] epoch 5/12 lr=1.0e-03 train_loss=0.7722 train_acc=0.676 val_loss=0.5816 val_acc=0.755 val_macroF1=0.620 val_cancerRecall=0.822 (16.6s)
  [A-head] epoch 6/12 lr=1.0e-03 train_loss=0.7505 train_acc=0.695 val_loss=0.5724 val_acc=0.776 val_macroF1=0.653 val_cancerRecall=0.854 (16.5s)
  [A-head] epoch 7/12 lr=1.0e-03 train_loss=0.7378 train_acc=0.700 val_loss=0.6697 val_acc=0.724 val_macroF1=0.668 val_cancerRecall=0.705 (17.0s)
  [A-head] epoch 8/12 lr=1.0e-03 train_loss=0.7294 train_acc=0.705 val_loss=0.5791 val_acc=0.764 val_macroF1=0.683 val_cancerRecall=0.801 (16.6s)
  [A-head] epoch 9/12 lr=1.0e-03 train_loss=0.7474 train_acc=0.682 val_loss=0.5641 val_acc=0.778 val_macroF1=0.662 val_cancerRecall=0.830 (16.7s)
  [A-head] epoch 10/12 lr=1.0e-03 train_loss=0.7151 train_acc=0.709 val_loss=0.6144 val_acc=0.736 val_macroF1=0.659 val_cancerRecall=0.746 (17.0s)
  [A-head] epoch 11/12 lr=1.0e-03 train_loss=0.7269 train_acc=0.696 val_loss=0.6318 val_acc=0.734 val_macroF1=0.659 val_cancerRecall=0.734 (16.7s)
  [A-head] epoch 12/12 lr=1.0e-03 train_loss=0.7102 train_acc=0.710 val_loss=0.7246 val_acc=0.630 val_macroF1=0.567 val_cancerRecall=0.658 (16.6s)
  [B-finetune] epoch 1/25 lr=1.0e-05 train_loss=0.7117 train_acc=0.686 val_loss=0.5779 val_acc=0.753 val_macroF1=0.676 val_cancerRecall=0.784 (28.6s)
  [B-finetune] epoch 2/25 lr=1.0e-05 train_loss=0.6746 train_acc=0.710 val_loss=0.5598 val_acc=0.747 val_macroF1=0.673 val_cancerRecall=0.766 (27.7s)
  [B-finetune] epoch 3/25 lr=1.0e-05 train_loss=0.6540 train_acc=0.720 val_loss=0.6402 val_acc=0.703 val_macroF1=0.657 val_cancerRecall=0.675 (27.6s)
  [B-finetune] epoch 4/25 lr=1.0e-05 train_loss=0.6429 train_acc=0.723 val_loss=0.5741 val_acc=0.741 val_macroF1=0.679 val_cancerRecall=0.746 (27.8s)
  [B-finetune] epoch 5/25 lr=1.0e-05 train_loss=0.6402 train_acc=0.736 val_loss=0.5886 val_acc=0.747 val_macroF1=0.688 val_cancerRecall=0.737 (27.7s)
  [B-finetune] epoch 6/25 lr=1.0e-05 train_loss=0.6091 train_acc=0.733 val_loss=0.5456 val_acc=0.764 val_macroF1=0.696 val_cancerRecall=0.754 (27.7s)
  [B-finetune] epoch 7/25 lr=1.0e-05 train_loss=0.6084 train_acc=0.735 val_loss=0.5732 val_acc=0.755 val_macroF1=0.697 val_cancerRecall=0.734 (27.7s)
  [B-finetune] epoch 8/25 lr=1.0e-05 train_loss=0.6021 train_acc=0.746 val_loss=0.5581 val_acc=0.762 val_macroF1=0.707 val_cancerRecall=0.734 (27.6s)
  [B-finetune] epoch 9/25 lr=1.0e-05 train_loss=0.5968 train_acc=0.744 val_loss=0.5823 val_acc=0.743 val_macroF1=0.693 val_cancerRecall=0.716 (27.7s)
  [B-finetune] epoch 10/25 lr=1.0e-05 train_loss=0.5812 train_acc=0.756 val_loss=0.5527 val_acc=0.755 val_macroF1=0.696 val_cancerRecall=0.743 (27.8s)
  [B-finetune] epoch 11/25 lr=1.0e-05 train_loss=0.5465 train_acc=0.770 val_loss=0.5389 val_acc=0.766 val_macroF1=0.706 val_cancerRecall=0.754 (27.6s)
  [B-finetune] epoch 12/25 lr=5.0e-06 train_loss=0.5333 train_acc=0.775 val_loss=0.5603 val_acc=0.745 val_macroF1=0.687 val_cancerRecall=0.728 (27.7s)
  [B-finetune] epoch 13/25 lr=5.0e-06 train_loss=0.5217 train_acc=0.784 val_loss=0.5287 val_acc=0.776 val_macroF1=0.716 val_cancerRecall=0.769 (27.6s)
  [B-finetune] epoch 14/25 lr=5.0e-06 train_loss=0.5338 train_acc=0.773 val_loss=0.5147 val_acc=0.780 val_macroF1=0.717 val_cancerRecall=0.775 (27.8s)
  [B-finetune] epoch 15/25 lr=5.0e-06 train_loss=0.5189 train_acc=0.787 val_loss=0.5286 val_acc=0.776 val_macroF1=0.717 val_cancerRecall=0.766 (63.0s)
  [B-finetune] epoch 16/25 lr=5.0e-06 train_loss=0.5172 train_acc=0.778 val_loss=0.5084 val_acc=0.780 val_macroF1=0.720 val_cancerRecall=0.772 (55.6s)
  [B-finetune] epoch 17/25 lr=5.0e-06 train_loss=0.5065 train_acc=0.794 val_loss=0.5136 val_acc=0.768 val_macroF1=0.709 val_cancerRecall=0.760 (64.5s)
  [B-finetune] epoch 18/25 lr=5.0e-06 train_loss=0.4837 train_acc=0.794 val_loss=0.4800 val_acc=0.799 val_macroF1=0.734 val_cancerRecall=0.804 (38.0s)
  [B-finetune] epoch 19/25 lr=5.0e-06 train_loss=0.4934 train_acc=0.788 val_loss=0.4997 val_acc=0.787 val_macroF1=0.724 val_cancerRecall=0.784 (27.7s)
  [B-finetune] epoch 20/25 lr=5.0e-06 train_loss=0.4842 train_acc=0.798 val_loss=0.5380 val_acc=0.766 val_macroF1=0.710 val_cancerRecall=0.749 (27.9s)
  [B-finetune] epoch 21/25 lr=5.0e-06 train_loss=0.4920 train_acc=0.787 val_loss=0.4880 val_acc=0.793 val_macroF1=0.731 val_cancerRecall=0.795 (27.5s)
  [B-finetune] epoch 22/25 lr=2.5e-06 train_loss=0.4772 train_acc=0.793 val_loss=0.5075 val_acc=0.778 val_macroF1=0.711 val_cancerRecall=0.775 (27.5s)
  [B-finetune] epoch 23/25 lr=2.5e-06 train_loss=0.4656 train_acc=0.806 val_loss=0.4939 val_acc=0.797 val_macroF1=0.733 val_cancerRecall=0.798 (27.8s)
  [B-finetune] epoch 24/25 lr=2.5e-06 train_loss=0.4782 train_acc=0.797 val_loss=0.4734 val_acc=0.803 val_macroF1=0.737 val_cancerRecall=0.810 (27.7s)
  [B-finetune] epoch 25/25 lr=2.5e-06 train_loss=0.4609 train_acc=0.807 val_loss=0.5138 val_acc=0.778 val_macroF1=0.718 val_cancerRecall=0.766 (27.7s)
=== resnet50 fold 4 DONE -- best val macro-F1 = 0.7370 ===

=== ALL FOLDS DONE ===
  efficientnet_b0_fold0: best val macro-F1 = 0.6694
  efficientnet_b0_fold1: best val macro-F1 = 0.6413
  efficientnet_b0_fold2: best val macro-F1 = 0.6548
  efficientnet_b0_fold3: best val macro-F1 = 0.6686
  efficientnet_b0_fold4: best val macro-F1 = 0.6988
  resnet50_fold0: best val macro-F1 = 0.7133
  resnet50_fold1: best val macro-F1 = 0.6879
  resnet50_fold2: best val macro-F1 = 0.6776
  resnet50_fold3: best val macro-F1 = 0.7070
  resnet50_fold4: best val macro-F1 = 0.7370
