Variant: full | Device: cuda | img_size=512 | batch=16 | augmentasi=TIDAK

=== efficientnet_b0 fold 0 === train=2088 val=524 class_weights=[2.5490000247955322, 0.5090000033378601, 1.5540000200271606]
  [A-head] epoch 1/12 lr=1.0e-03 train_loss=0.8789 train_acc=0.647 val_loss=0.6525 val_acc=0.735 val_macroF1=0.645 val_cancerRecall=0.754 (60.9s)
  [A-head] epoch 2/12 lr=1.0e-03 train_loss=0.7734 train_acc=0.703 val_loss=0.7848 val_acc=0.660 val_macroF1=0.618 val_cancerRecall=0.611 (69.3s)
  [A-head] epoch 3/12 lr=1.0e-03 train_loss=0.7346 train_acc=0.708 val_loss=0.7204 val_acc=0.687 val_macroF1=0.642 val_cancerRecall=0.649 (11.4s)
  [A-head] epoch 4/12 lr=1.0e-03 train_loss=0.7081 train_acc=0.716 val_loss=0.7857 val_acc=0.655 val_macroF1=0.618 val_cancerRecall=0.596 (11.4s)
  [A-head] epoch 5/12 lr=1.0e-03 train_loss=0.7079 train_acc=0.719 val_loss=0.6009 val_acc=0.725 val_macroF1=0.639 val_cancerRecall=0.749 (11.4s)
  [A-head] epoch 6/12 lr=1.0e-03 train_loss=0.6746 train_acc=0.728 val_loss=0.7175 val_acc=0.685 val_macroF1=0.643 val_cancerRecall=0.646 (11.4s)
  [A-head] epoch 7/12 lr=1.0e-03 train_loss=0.7052 train_acc=0.723 val_loss=0.7334 val_acc=0.679 val_macroF1=0.638 val_cancerRecall=0.632 (11.3s)
  [A-head] early stopping at epoch 7 (no val macro-F1 improvement for 6 epochs)
  [B-finetune] epoch 1/25 lr=1.0e-05 train_loss=0.6584 train_acc=0.722 val_loss=0.6887 val_acc=0.697 val_macroF1=0.652 val_cancerRecall=0.655 (15.4s)
  [B-finetune] epoch 2/25 lr=1.0e-05 train_loss=0.6351 train_acc=0.733 val_loss=0.6408 val_acc=0.702 val_macroF1=0.653 val_cancerRecall=0.673 (11.4s)
  [B-finetune] epoch 3/25 lr=1.0e-05 train_loss=0.6192 train_acc=0.749 val_loss=0.6169 val_acc=0.716 val_macroF1=0.661 val_cancerRecall=0.696 (11.6s)
  [B-finetune] epoch 4/25 lr=1.0e-05 train_loss=0.5997 train_acc=0.757 val_loss=0.6340 val_acc=0.708 val_macroF1=0.644 val_cancerRecall=0.693 (11.6s)
  [B-finetune] epoch 5/25 lr=1.0e-05 train_loss=0.6124 train_acc=0.760 val_loss=0.6344 val_acc=0.710 val_macroF1=0.660 val_cancerRecall=0.675 (11.6s)
  [B-finetune] epoch 6/25 lr=1.0e-05 train_loss=0.5761 train_acc=0.763 val_loss=0.6432 val_acc=0.710 val_macroF1=0.663 val_cancerRecall=0.673 (11.6s)
  [B-finetune] epoch 7/25 lr=1.0e-05 train_loss=0.5777 train_acc=0.768 val_loss=0.6209 val_acc=0.719 val_macroF1=0.665 val_cancerRecall=0.696 (11.9s)
  [B-finetune] epoch 8/25 lr=1.0e-05 train_loss=0.5475 train_acc=0.774 val_loss=0.6407 val_acc=0.716 val_macroF1=0.663 val_cancerRecall=0.681 (11.8s)
  [B-finetune] epoch 9/25 lr=1.0e-05 train_loss=0.5584 train_acc=0.786 val_loss=0.6211 val_acc=0.725 val_macroF1=0.676 val_cancerRecall=0.693 (11.6s)
  [B-finetune] epoch 10/25 lr=1.0e-05 train_loss=0.5434 train_acc=0.779 val_loss=0.7091 val_acc=0.697 val_macroF1=0.657 val_cancerRecall=0.643 (11.6s)
  [B-finetune] epoch 11/25 lr=1.0e-05 train_loss=0.5214 train_acc=0.803 val_loss=0.6378 val_acc=0.725 val_macroF1=0.676 val_cancerRecall=0.693 (14.9s)
  [B-finetune] epoch 12/25 lr=1.0e-05 train_loss=0.5107 train_acc=0.791 val_loss=0.6054 val_acc=0.719 val_macroF1=0.662 val_cancerRecall=0.702 (15.5s)
  [B-finetune] epoch 13/25 lr=5.0e-06 train_loss=0.5123 train_acc=0.798 val_loss=0.6413 val_acc=0.714 val_macroF1=0.655 val_cancerRecall=0.693 (31.6s)
  [B-finetune] epoch 14/25 lr=5.0e-06 train_loss=0.4846 train_acc=0.812 val_loss=0.5989 val_acc=0.721 val_macroF1=0.656 val_cancerRecall=0.725 (11.4s)
  [B-finetune] epoch 15/25 lr=5.0e-06 train_loss=0.4794 train_acc=0.814 val_loss=0.6463 val_acc=0.708 val_macroF1=0.654 val_cancerRecall=0.687 (11.7s)
  [B-finetune] early stopping at epoch 15 (no val macro-F1 improvement for 6 epochs)
=== efficientnet_b0 fold 0 DONE -- best val macro-F1 = 0.6763 ===

=== efficientnet_b0 fold 1 === train=2090 val=522 class_weights=[2.552000045776367, 0.5090000033378601, 1.5520000457763672]
  [A-head] epoch 1/12 lr=1.0e-03 train_loss=0.8489 train_acc=0.655 val_loss=0.8618 val_acc=0.598 val_macroF1=0.570 val_cancerRecall=0.528 (58.3s)
  [A-head] epoch 2/12 lr=1.0e-03 train_loss=0.7565 train_acc=0.688 val_loss=0.8295 val_acc=0.638 val_macroF1=0.596 val_cancerRecall=0.587 (11.9s)
  [A-head] epoch 3/12 lr=1.0e-03 train_loss=0.7294 train_acc=0.715 val_loss=0.6714 val_acc=0.697 val_macroF1=0.639 val_cancerRecall=0.674 (11.8s)
  [A-head] epoch 4/12 lr=1.0e-03 train_loss=0.7191 train_acc=0.713 val_loss=0.7750 val_acc=0.665 val_macroF1=0.611 val_cancerRecall=0.622 (12.0s)
  [A-head] epoch 5/12 lr=1.0e-03 train_loss=0.6953 train_acc=0.714 val_loss=0.7181 val_acc=0.680 val_macroF1=0.625 val_cancerRecall=0.651 (11.6s)
  [A-head] epoch 6/12 lr=1.0e-03 train_loss=0.6867 train_acc=0.728 val_loss=0.7630 val_acc=0.674 val_macroF1=0.626 val_cancerRecall=0.622 (11.9s)
  [A-head] epoch 7/12 lr=1.0e-03 train_loss=0.6671 train_acc=0.726 val_loss=0.7330 val_acc=0.676 val_macroF1=0.619 val_cancerRecall=0.642 (11.9s)
  [A-head] epoch 8/12 lr=1.0e-03 train_loss=0.6722 train_acc=0.730 val_loss=0.7493 val_acc=0.688 val_macroF1=0.647 val_cancerRecall=0.648 (11.8s)
  [A-head] epoch 9/12 lr=1.0e-03 train_loss=0.6692 train_acc=0.737 val_loss=0.6904 val_acc=0.697 val_macroF1=0.644 val_cancerRecall=0.663 (11.9s)
  [A-head] epoch 10/12 lr=1.0e-03 train_loss=0.6571 train_acc=0.734 val_loss=0.6948 val_acc=0.693 val_macroF1=0.634 val_cancerRecall=0.666 (11.7s)
  [A-head] epoch 11/12 lr=1.0e-03 train_loss=0.6485 train_acc=0.750 val_loss=0.7867 val_acc=0.657 val_macroF1=0.615 val_cancerRecall=0.636 (11.6s)
  [A-head] epoch 12/12 lr=1.0e-03 train_loss=0.6420 train_acc=0.742 val_loss=0.6532 val_acc=0.701 val_macroF1=0.627 val_cancerRecall=0.686 (11.5s)
  [B-finetune] epoch 1/25 lr=1.0e-05 train_loss=0.6408 train_acc=0.768 val_loss=0.6972 val_acc=0.697 val_macroF1=0.643 val_cancerRecall=0.657 (11.9s)
  [B-finetune] epoch 2/25 lr=1.0e-05 train_loss=0.6120 train_acc=0.759 val_loss=0.6899 val_acc=0.709 val_macroF1=0.664 val_cancerRecall=0.660 (11.8s)
  [B-finetune] epoch 3/25 lr=1.0e-05 train_loss=0.6010 train_acc=0.769 val_loss=0.6443 val_acc=0.713 val_macroF1=0.668 val_cancerRecall=0.672 (11.9s)
  [B-finetune] epoch 4/25 lr=1.0e-05 train_loss=0.5916 train_acc=0.764 val_loss=0.6977 val_acc=0.695 val_macroF1=0.646 val_cancerRecall=0.657 (11.7s)
  [B-finetune] epoch 5/25 lr=1.0e-05 train_loss=0.5711 train_acc=0.770 val_loss=0.6820 val_acc=0.709 val_macroF1=0.666 val_cancerRecall=0.657 (11.7s)
  [B-finetune] epoch 6/25 lr=1.0e-05 train_loss=0.5555 train_acc=0.780 val_loss=0.6473 val_acc=0.705 val_macroF1=0.655 val_cancerRecall=0.672 (12.0s)
  [B-finetune] epoch 7/25 lr=5.0e-06 train_loss=0.5386 train_acc=0.788 val_loss=0.6373 val_acc=0.715 val_macroF1=0.660 val_cancerRecall=0.686 (11.8s)
  [B-finetune] epoch 8/25 lr=5.0e-06 train_loss=0.5364 train_acc=0.796 val_loss=0.6332 val_acc=0.720 val_macroF1=0.666 val_cancerRecall=0.692 (12.0s)
  [B-finetune] epoch 9/25 lr=5.0e-06 train_loss=0.5237 train_acc=0.784 val_loss=0.6318 val_acc=0.720 val_macroF1=0.673 val_cancerRecall=0.680 (12.2s)
  [B-finetune] epoch 10/25 lr=5.0e-06 train_loss=0.5264 train_acc=0.800 val_loss=0.6762 val_acc=0.718 val_macroF1=0.677 val_cancerRecall=0.669 (11.9s)
  [B-finetune] epoch 11/25 lr=5.0e-06 train_loss=0.5225 train_acc=0.792 val_loss=0.5829 val_acc=0.724 val_macroF1=0.667 val_cancerRecall=0.704 (11.7s)
  [B-finetune] epoch 12/25 lr=5.0e-06 train_loss=0.4993 train_acc=0.796 val_loss=0.6410 val_acc=0.715 val_macroF1=0.670 val_cancerRecall=0.672 (12.0s)
  [B-finetune] epoch 13/25 lr=5.0e-06 train_loss=0.5070 train_acc=0.795 val_loss=0.6367 val_acc=0.715 val_macroF1=0.670 val_cancerRecall=0.677 (11.8s)
  [B-finetune] epoch 14/25 lr=2.5e-06 train_loss=0.5133 train_acc=0.796 val_loss=0.6312 val_acc=0.722 val_macroF1=0.675 val_cancerRecall=0.692 (12.0s)
  [B-finetune] epoch 15/25 lr=2.5e-06 train_loss=0.4991 train_acc=0.792 val_loss=0.6347 val_acc=0.724 val_macroF1=0.678 val_cancerRecall=0.692 (12.1s)
  [B-finetune] epoch 16/25 lr=2.5e-06 train_loss=0.4935 train_acc=0.809 val_loss=0.6405 val_acc=0.709 val_macroF1=0.653 val_cancerRecall=0.686 (12.0s)
  [B-finetune] epoch 17/25 lr=2.5e-06 train_loss=0.4910 train_acc=0.810 val_loss=0.6527 val_acc=0.707 val_macroF1=0.655 val_cancerRecall=0.680 (11.9s)
  [B-finetune] epoch 18/25 lr=2.5e-06 train_loss=0.4965 train_acc=0.813 val_loss=0.6419 val_acc=0.713 val_macroF1=0.662 val_cancerRecall=0.683 (12.3s)
  [B-finetune] epoch 19/25 lr=2.5e-06 train_loss=0.4948 train_acc=0.805 val_loss=0.6200 val_acc=0.728 val_macroF1=0.682 val_cancerRecall=0.689 (12.1s)
  [B-finetune] epoch 20/25 lr=2.5e-06 train_loss=0.4848 train_acc=0.808 val_loss=0.6210 val_acc=0.718 val_macroF1=0.667 val_cancerRecall=0.695 (11.9s)
  [B-finetune] epoch 21/25 lr=2.5e-06 train_loss=0.4894 train_acc=0.817 val_loss=0.6461 val_acc=0.713 val_macroF1=0.666 val_cancerRecall=0.686 (11.9s)
  [B-finetune] epoch 22/25 lr=2.5e-06 train_loss=0.4914 train_acc=0.813 val_loss=0.5887 val_acc=0.736 val_macroF1=0.684 val_cancerRecall=0.716 (11.8s)
  [B-finetune] epoch 23/25 lr=2.5e-06 train_loss=0.4748 train_acc=0.819 val_loss=0.6526 val_acc=0.709 val_macroF1=0.657 val_cancerRecall=0.674 (11.8s)
  [B-finetune] epoch 24/25 lr=2.5e-06 train_loss=0.4679 train_acc=0.827 val_loss=0.6350 val_acc=0.715 val_macroF1=0.666 val_cancerRecall=0.686 (11.7s)
  [B-finetune] epoch 25/25 lr=2.5e-06 train_loss=0.4656 train_acc=0.818 val_loss=0.6100 val_acc=0.724 val_macroF1=0.670 val_cancerRecall=0.707 (11.6s)
=== efficientnet_b0 fold 1 DONE -- best val macro-F1 = 0.6837 ===

=== efficientnet_b0 fold 2 === train=2090 val=522 class_weights=[2.5429999828338623, 0.5099999904632568, 1.5520000457763672]
  [A-head] epoch 1/12 lr=1.0e-03 train_loss=0.8632 train_acc=0.676 val_loss=0.6411 val_acc=0.730 val_macroF1=0.623 val_cancerRecall=0.784 (41.7s)
  [A-head] epoch 2/12 lr=1.0e-03 train_loss=0.7752 train_acc=0.703 val_loss=0.6941 val_acc=0.686 val_macroF1=0.622 val_cancerRecall=0.693 (11.4s)
  [A-head] epoch 3/12 lr=1.0e-03 train_loss=0.7592 train_acc=0.699 val_loss=0.6730 val_acc=0.692 val_macroF1=0.633 val_cancerRecall=0.699 (11.4s)
  [A-head] epoch 4/12 lr=1.0e-03 train_loss=0.7098 train_acc=0.709 val_loss=0.6730 val_acc=0.699 val_macroF1=0.632 val_cancerRecall=0.693 (11.5s)
  [A-head] epoch 5/12 lr=1.0e-03 train_loss=0.6778 train_acc=0.732 val_loss=0.6756 val_acc=0.707 val_macroF1=0.646 val_cancerRecall=0.705 (11.6s)
  [A-head] epoch 6/12 lr=1.0e-03 train_loss=0.7095 train_acc=0.723 val_loss=0.5592 val_acc=0.736 val_macroF1=0.655 val_cancerRecall=0.784 (11.5s)
  [A-head] epoch 7/12 lr=1.0e-03 train_loss=0.6777 train_acc=0.730 val_loss=0.6203 val_acc=0.695 val_macroF1=0.626 val_cancerRecall=0.708 (11.5s)
  [A-head] epoch 8/12 lr=1.0e-03 train_loss=0.6525 train_acc=0.736 val_loss=0.7008 val_acc=0.672 val_macroF1=0.618 val_cancerRecall=0.673 (11.3s)
  [A-head] epoch 9/12 lr=1.0e-03 train_loss=0.6565 train_acc=0.735 val_loss=0.5834 val_acc=0.718 val_macroF1=0.640 val_cancerRecall=0.737 (11.6s)
  [A-head] epoch 10/12 lr=1.0e-03 train_loss=0.6390 train_acc=0.734 val_loss=0.6120 val_acc=0.699 val_macroF1=0.633 val_cancerRecall=0.711 (11.2s)
  [A-head] epoch 11/12 lr=1.0e-03 train_loss=0.6526 train_acc=0.743 val_loss=0.5819 val_acc=0.707 val_macroF1=0.631 val_cancerRecall=0.731 (11.3s)
  [A-head] epoch 12/12 lr=1.0e-03 train_loss=0.6406 train_acc=0.747 val_loss=0.6433 val_acc=0.705 val_macroF1=0.638 val_cancerRecall=0.699 (11.5s)
  [A-head] early stopping at epoch 12 (no val macro-F1 improvement for 6 epochs)
  [B-finetune] epoch 1/25 lr=1.0e-05 train_loss=0.6499 train_acc=0.746 val_loss=0.6066 val_acc=0.715 val_macroF1=0.647 val_cancerRecall=0.713 (11.5s)
  [B-finetune] epoch 2/25 lr=1.0e-05 train_loss=0.6093 train_acc=0.760 val_loss=0.6028 val_acc=0.718 val_macroF1=0.651 val_cancerRecall=0.719 (11.5s)
  [B-finetune] epoch 3/25 lr=1.0e-05 train_loss=0.6044 train_acc=0.762 val_loss=0.6077 val_acc=0.716 val_macroF1=0.655 val_cancerRecall=0.713 (11.7s)
  [B-finetune] epoch 4/25 lr=1.0e-05 train_loss=0.5901 train_acc=0.770 val_loss=0.6044 val_acc=0.722 val_macroF1=0.662 val_cancerRecall=0.713 (11.7s)
  [B-finetune] epoch 5/25 lr=1.0e-05 train_loss=0.5869 train_acc=0.768 val_loss=0.5696 val_acc=0.732 val_macroF1=0.670 val_cancerRecall=0.728 (11.5s)
  [B-finetune] epoch 6/25 lr=1.0e-05 train_loss=0.5557 train_acc=0.773 val_loss=0.6069 val_acc=0.722 val_macroF1=0.667 val_cancerRecall=0.711 (11.6s)
  [B-finetune] epoch 7/25 lr=1.0e-05 train_loss=0.5526 train_acc=0.782 val_loss=0.5742 val_acc=0.738 val_macroF1=0.673 val_cancerRecall=0.737 (11.8s)
  [B-finetune] epoch 8/25 lr=1.0e-05 train_loss=0.5437 train_acc=0.789 val_loss=0.5719 val_acc=0.728 val_macroF1=0.665 val_cancerRecall=0.734 (12.0s)
  [B-finetune] epoch 9/25 lr=1.0e-05 train_loss=0.5333 train_acc=0.789 val_loss=0.5511 val_acc=0.738 val_macroF1=0.675 val_cancerRecall=0.734 (11.6s)
  [B-finetune] epoch 10/25 lr=1.0e-05 train_loss=0.5128 train_acc=0.804 val_loss=0.5444 val_acc=0.738 val_macroF1=0.669 val_cancerRecall=0.749 (11.3s)
  [B-finetune] epoch 11/25 lr=1.0e-05 train_loss=0.5050 train_acc=0.804 val_loss=0.5434 val_acc=0.734 val_macroF1=0.668 val_cancerRecall=0.746 (11.5s)
  [B-finetune] epoch 12/25 lr=1.0e-05 train_loss=0.5080 train_acc=0.810 val_loss=0.5869 val_acc=0.728 val_macroF1=0.676 val_cancerRecall=0.711 (11.9s)
  [B-finetune] epoch 13/25 lr=1.0e-05 train_loss=0.4897 train_acc=0.806 val_loss=0.5754 val_acc=0.728 val_macroF1=0.671 val_cancerRecall=0.725 (11.6s)
  [B-finetune] epoch 14/25 lr=1.0e-05 train_loss=0.4813 train_acc=0.802 val_loss=0.5313 val_acc=0.738 val_macroF1=0.671 val_cancerRecall=0.746 (11.9s)
  [B-finetune] epoch 15/25 lr=1.0e-05 train_loss=0.4613 train_acc=0.816 val_loss=0.5204 val_acc=0.745 val_macroF1=0.676 val_cancerRecall=0.757 (11.8s)
  [B-finetune] epoch 16/25 lr=1.0e-05 train_loss=0.4655 train_acc=0.821 val_loss=0.6020 val_acc=0.728 val_macroF1=0.674 val_cancerRecall=0.708 (11.9s)
  [B-finetune] epoch 17/25 lr=1.0e-05 train_loss=0.4479 train_acc=0.822 val_loss=0.5347 val_acc=0.749 val_macroF1=0.687 val_cancerRecall=0.749 (11.8s)
  [B-finetune] epoch 18/25 lr=1.0e-05 train_loss=0.4308 train_acc=0.839 val_loss=0.5591 val_acc=0.749 val_macroF1=0.686 val_cancerRecall=0.749 (11.7s)
  [B-finetune] epoch 19/25 lr=1.0e-05 train_loss=0.4418 train_acc=0.830 val_loss=0.5690 val_acc=0.738 val_macroF1=0.680 val_cancerRecall=0.731 (11.7s)
  [B-finetune] epoch 20/25 lr=1.0e-05 train_loss=0.4084 train_acc=0.843 val_loss=0.5578 val_acc=0.747 val_macroF1=0.684 val_cancerRecall=0.746 (11.4s)
  [B-finetune] epoch 21/25 lr=1.0e-05 train_loss=0.4151 train_acc=0.837 val_loss=0.5239 val_acc=0.755 val_macroF1=0.687 val_cancerRecall=0.763 (11.7s)
  [B-finetune] epoch 22/25 lr=1.0e-05 train_loss=0.3970 train_acc=0.856 val_loss=0.5737 val_acc=0.749 val_macroF1=0.690 val_cancerRecall=0.737 (11.3s)
  [B-finetune] epoch 23/25 lr=1.0e-05 train_loss=0.4137 train_acc=0.841 val_loss=0.5217 val_acc=0.759 val_macroF1=0.690 val_cancerRecall=0.775 (11.6s)
  [B-finetune] epoch 24/25 lr=1.0e-05 train_loss=0.4046 train_acc=0.840 val_loss=0.5623 val_acc=0.745 val_macroF1=0.691 val_cancerRecall=0.734 (11.4s)
  [B-finetune] epoch 25/25 lr=1.0e-05 train_loss=0.3774 train_acc=0.858 val_loss=0.5713 val_acc=0.751 val_macroF1=0.692 val_cancerRecall=0.746 (11.8s)
=== efficientnet_b0 fold 2 DONE -- best val macro-F1 = 0.6924 ===

=== efficientnet_b0 fold 3 === train=2090 val=522 class_weights=[2.5429999828338623, 0.5099999904632568, 1.5520000457763672]
  [A-head] epoch 1/12 lr=1.0e-03 train_loss=0.8648 train_acc=0.646 val_loss=0.8615 val_acc=0.596 val_macroF1=0.568 val_cancerRecall=0.512 (51.0s)
  [A-head] epoch 2/12 lr=1.0e-03 train_loss=0.7662 train_acc=0.684 val_loss=0.6221 val_acc=0.728 val_macroF1=0.647 val_cancerRecall=0.737 (11.6s)
  [A-head] epoch 3/12 lr=1.0e-03 train_loss=0.7317 train_acc=0.704 val_loss=0.6954 val_acc=0.688 val_macroF1=0.634 val_cancerRecall=0.661 (11.4s)
  [A-head] epoch 4/12 lr=1.0e-03 train_loss=0.7290 train_acc=0.697 val_loss=0.6188 val_acc=0.703 val_macroF1=0.635 val_cancerRecall=0.693 (11.3s)
  [A-head] epoch 5/12 lr=1.0e-03 train_loss=0.7047 train_acc=0.722 val_loss=0.6249 val_acc=0.707 val_macroF1=0.641 val_cancerRecall=0.696 (11.4s)
  [A-head] epoch 6/12 lr=1.0e-03 train_loss=0.6865 train_acc=0.726 val_loss=0.7306 val_acc=0.663 val_macroF1=0.619 val_cancerRecall=0.629 (11.4s)
  [A-head] epoch 7/12 lr=1.0e-03 train_loss=0.6946 train_acc=0.720 val_loss=0.7080 val_acc=0.680 val_macroF1=0.633 val_cancerRecall=0.652 (11.3s)
  [A-head] epoch 8/12 lr=1.0e-03 train_loss=0.6683 train_acc=0.724 val_loss=0.7253 val_acc=0.686 val_macroF1=0.637 val_cancerRecall=0.643 (11.6s)
  [A-head] early stopping at epoch 8 (no val macro-F1 improvement for 6 epochs)
  [B-finetune] epoch 1/25 lr=1.0e-05 train_loss=0.6470 train_acc=0.732 val_loss=0.6947 val_acc=0.680 val_macroF1=0.633 val_cancerRecall=0.649 (11.7s)
  [B-finetune] epoch 2/25 lr=1.0e-05 train_loss=0.6385 train_acc=0.740 val_loss=0.6747 val_acc=0.690 val_macroF1=0.640 val_cancerRecall=0.664 (11.8s)
  [B-finetune] epoch 3/25 lr=1.0e-05 train_loss=0.6436 train_acc=0.729 val_loss=0.6327 val_acc=0.693 val_macroF1=0.638 val_cancerRecall=0.678 (11.7s)
  [B-finetune] epoch 4/25 lr=1.0e-05 train_loss=0.5974 train_acc=0.757 val_loss=0.7262 val_acc=0.690 val_macroF1=0.648 val_cancerRecall=0.640 (11.6s)
  [B-finetune] epoch 5/25 lr=1.0e-05 train_loss=0.5981 train_acc=0.765 val_loss=0.6299 val_acc=0.709 val_macroF1=0.654 val_cancerRecall=0.681 (11.8s)
  [B-finetune] epoch 6/25 lr=1.0e-05 train_loss=0.5706 train_acc=0.753 val_loss=0.6329 val_acc=0.701 val_macroF1=0.646 val_cancerRecall=0.678 (11.9s)
  [B-finetune] epoch 7/25 lr=1.0e-05 train_loss=0.5794 train_acc=0.769 val_loss=0.6663 val_acc=0.705 val_macroF1=0.654 val_cancerRecall=0.667 (11.7s)
  [B-finetune] epoch 8/25 lr=1.0e-05 train_loss=0.5737 train_acc=0.773 val_loss=0.6829 val_acc=0.701 val_macroF1=0.652 val_cancerRecall=0.664 (11.7s)
  [B-finetune] epoch 9/25 lr=1.0e-05 train_loss=0.5404 train_acc=0.775 val_loss=0.6565 val_acc=0.703 val_macroF1=0.650 val_cancerRecall=0.678 (11.8s)
  [B-finetune] epoch 10/25 lr=1.0e-05 train_loss=0.5280 train_acc=0.788 val_loss=0.6240 val_acc=0.713 val_macroF1=0.659 val_cancerRecall=0.684 (11.5s)
  [B-finetune] epoch 11/25 lr=1.0e-05 train_loss=0.5051 train_acc=0.791 val_loss=0.6313 val_acc=0.711 val_macroF1=0.654 val_cancerRecall=0.693 (11.7s)
  [B-finetune] epoch 12/25 lr=1.0e-05 train_loss=0.4952 train_acc=0.803 val_loss=0.6415 val_acc=0.715 val_macroF1=0.662 val_cancerRecall=0.684 (11.4s)
  [B-finetune] epoch 13/25 lr=1.0e-05 train_loss=0.4981 train_acc=0.798 val_loss=0.6179 val_acc=0.711 val_macroF1=0.650 val_cancerRecall=0.693 (11.5s)
  [B-finetune] epoch 14/25 lr=1.0e-05 train_loss=0.4665 train_acc=0.809 val_loss=0.6396 val_acc=0.722 val_macroF1=0.673 val_cancerRecall=0.687 (11.8s)
  [B-finetune] epoch 15/25 lr=1.0e-05 train_loss=0.4766 train_acc=0.809 val_loss=0.6214 val_acc=0.707 val_macroF1=0.655 val_cancerRecall=0.684 (11.7s)
  [B-finetune] epoch 16/25 lr=1.0e-05 train_loss=0.4796 train_acc=0.814 val_loss=0.5990 val_acc=0.728 val_macroF1=0.676 val_cancerRecall=0.699 (11.7s)
  [B-finetune] epoch 17/25 lr=1.0e-05 train_loss=0.4496 train_acc=0.815 val_loss=0.6067 val_acc=0.718 val_macroF1=0.666 val_cancerRecall=0.693 (11.9s)
  [B-finetune] epoch 18/25 lr=1.0e-05 train_loss=0.4442 train_acc=0.817 val_loss=0.6005 val_acc=0.720 val_macroF1=0.670 val_cancerRecall=0.702 (12.0s)
  [B-finetune] epoch 19/25 lr=1.0e-05 train_loss=0.4205 train_acc=0.835 val_loss=0.5877 val_acc=0.728 val_macroF1=0.675 val_cancerRecall=0.708 (11.7s)
  [B-finetune] epoch 20/25 lr=5.0e-06 train_loss=0.4396 train_acc=0.834 val_loss=0.6159 val_acc=0.726 val_macroF1=0.672 val_cancerRecall=0.708 (11.7s)
  [B-finetune] epoch 21/25 lr=5.0e-06 train_loss=0.4259 train_acc=0.828 val_loss=0.6079 val_acc=0.728 val_macroF1=0.676 val_cancerRecall=0.705 (11.6s)
  [B-finetune] epoch 22/25 lr=5.0e-06 train_loss=0.4063 train_acc=0.843 val_loss=0.5773 val_acc=0.736 val_macroF1=0.683 val_cancerRecall=0.719 (11.6s)
  [B-finetune] epoch 23/25 lr=5.0e-06 train_loss=0.4236 train_acc=0.842 val_loss=0.6186 val_acc=0.716 val_macroF1=0.665 val_cancerRecall=0.693 (11.5s)
  [B-finetune] epoch 24/25 lr=5.0e-06 train_loss=0.3972 train_acc=0.847 val_loss=0.5690 val_acc=0.739 val_macroF1=0.686 val_cancerRecall=0.725 (11.7s)
  [B-finetune] epoch 25/25 lr=5.0e-06 train_loss=0.4031 train_acc=0.840 val_loss=0.6215 val_acc=0.713 val_macroF1=0.657 val_cancerRecall=0.699 (11.7s)
=== efficientnet_b0 fold 3 DONE -- best val macro-F1 = 0.6858 ===

=== efficientnet_b0 fold 4 === train=2090 val=522 class_weights=[2.5429999828338623, 0.5099999904632568, 1.5520000457763672]
  [A-head] epoch 1/12 lr=1.0e-03 train_loss=0.8619 train_acc=0.656 val_loss=0.6125 val_acc=0.757 val_macroF1=0.655 val_cancerRecall=0.787 (55.3s)
  [A-head] epoch 2/12 lr=1.0e-03 train_loss=0.7618 train_acc=0.701 val_loss=0.6828 val_acc=0.703 val_macroF1=0.630 val_cancerRecall=0.684 (11.7s)
  [A-head] epoch 3/12 lr=1.0e-03 train_loss=0.7535 train_acc=0.690 val_loss=0.6762 val_acc=0.701 val_macroF1=0.642 val_cancerRecall=0.667 (11.4s)
  [A-head] epoch 4/12 lr=1.0e-03 train_loss=0.7206 train_acc=0.706 val_loss=0.8104 val_acc=0.648 val_macroF1=0.614 val_cancerRecall=0.573 (11.3s)
  [A-head] epoch 5/12 lr=1.0e-03 train_loss=0.6995 train_acc=0.711 val_loss=0.6290 val_acc=0.707 val_macroF1=0.638 val_cancerRecall=0.684 (11.2s)
  [A-head] epoch 6/12 lr=1.0e-03 train_loss=0.7046 train_acc=0.716 val_loss=0.6134 val_acc=0.713 val_macroF1=0.646 val_cancerRecall=0.687 (11.5s)
  [A-head] epoch 7/12 lr=1.0e-03 train_loss=0.6875 train_acc=0.720 val_loss=0.6208 val_acc=0.715 val_macroF1=0.667 val_cancerRecall=0.690 (11.2s)
  [A-head] epoch 8/12 lr=1.0e-03 train_loss=0.6686 train_acc=0.731 val_loss=0.6347 val_acc=0.718 val_macroF1=0.670 val_cancerRecall=0.693 (11.1s)
  [A-head] epoch 9/12 lr=1.0e-03 train_loss=0.6695 train_acc=0.721 val_loss=0.6052 val_acc=0.734 val_macroF1=0.669 val_cancerRecall=0.711 (11.2s)
  [A-head] epoch 10/12 lr=1.0e-03 train_loss=0.6737 train_acc=0.736 val_loss=0.7576 val_acc=0.674 val_macroF1=0.643 val_cancerRecall=0.614 (11.2s)
  [A-head] epoch 11/12 lr=1.0e-03 train_loss=0.6661 train_acc=0.727 val_loss=0.6882 val_acc=0.697 val_macroF1=0.654 val_cancerRecall=0.643 (11.2s)
  [A-head] epoch 12/12 lr=1.0e-03 train_loss=0.6702 train_acc=0.722 val_loss=0.6258 val_acc=0.722 val_macroF1=0.674 val_cancerRecall=0.681 (11.2s)
  [B-finetune] epoch 1/25 lr=1.0e-05 train_loss=0.6433 train_acc=0.739 val_loss=0.6569 val_acc=0.701 val_macroF1=0.657 val_cancerRecall=0.658 (11.5s)
  [B-finetune] epoch 2/25 lr=1.0e-05 train_loss=0.6174 train_acc=0.745 val_loss=0.6331 val_acc=0.722 val_macroF1=0.677 val_cancerRecall=0.675 (11.9s)
  [B-finetune] epoch 3/25 lr=1.0e-05 train_loss=0.6020 train_acc=0.764 val_loss=0.6159 val_acc=0.743 val_macroF1=0.693 val_cancerRecall=0.705 (11.6s)
  [B-finetune] epoch 4/25 lr=1.0e-05 train_loss=0.6013 train_acc=0.760 val_loss=0.6563 val_acc=0.713 val_macroF1=0.667 val_cancerRecall=0.670 (11.8s)
  [B-finetune] epoch 5/25 lr=1.0e-05 train_loss=0.5942 train_acc=0.759 val_loss=0.5770 val_acc=0.747 val_macroF1=0.691 val_cancerRecall=0.731 (11.9s)
  [B-finetune] epoch 6/25 lr=1.0e-05 train_loss=0.5745 train_acc=0.766 val_loss=0.5883 val_acc=0.753 val_macroF1=0.701 val_cancerRecall=0.731 (11.8s)
  [B-finetune] epoch 7/25 lr=1.0e-05 train_loss=0.5597 train_acc=0.763 val_loss=0.5704 val_acc=0.759 val_macroF1=0.706 val_cancerRecall=0.743 (12.1s)
  [B-finetune] epoch 8/25 lr=1.0e-05 train_loss=0.5382 train_acc=0.786 val_loss=0.5982 val_acc=0.738 val_macroF1=0.689 val_cancerRecall=0.711 (15.9s)
  [B-finetune] epoch 9/25 lr=1.0e-05 train_loss=0.5275 train_acc=0.789 val_loss=0.5893 val_acc=0.753 val_macroF1=0.704 val_cancerRecall=0.728 (13.2s)
  [B-finetune] epoch 10/25 lr=1.0e-05 train_loss=0.5309 train_acc=0.789 val_loss=0.5979 val_acc=0.747 val_macroF1=0.698 val_cancerRecall=0.725 (11.7s)
  [B-finetune] epoch 11/25 lr=5.0e-06 train_loss=0.5114 train_acc=0.807 val_loss=0.5447 val_acc=0.759 val_macroF1=0.699 val_cancerRecall=0.763 (11.7s)
  [B-finetune] epoch 12/25 lr=5.0e-06 train_loss=0.5079 train_acc=0.791 val_loss=0.6085 val_acc=0.739 val_macroF1=0.692 val_cancerRecall=0.708 (12.4s)
  [B-finetune] epoch 13/25 lr=5.0e-06 train_loss=0.4848 train_acc=0.803 val_loss=0.5278 val_acc=0.764 val_macroF1=0.706 val_cancerRecall=0.760 (11.7s)
  [B-finetune] early stopping at epoch 13 (no val macro-F1 improvement for 6 epochs)
=== efficientnet_b0 fold 4 DONE -- best val macro-F1 = 0.7064 ===

=== resnet50 fold 0 === train=2088 val=524 class_weights=[2.5490000247955322, 0.5090000033378601, 1.5540000200271606]
  [A-head] epoch 1/12 lr=1.0e-03 train_loss=0.8810 train_acc=0.646 val_loss=0.7154 val_acc=0.651 val_macroF1=0.583 val_cancerRecall=0.690 (64.8s)
  [A-head] epoch 2/12 lr=1.0e-03 train_loss=0.7661 train_acc=0.669 val_loss=0.6579 val_acc=0.706 val_macroF1=0.633 val_cancerRecall=0.713 (16.2s)
  [A-head] epoch 3/12 lr=1.0e-03 train_loss=0.7362 train_acc=0.699 val_loss=0.6723 val_acc=0.697 val_macroF1=0.634 val_cancerRecall=0.696 (16.4s)
  [A-head] epoch 4/12 lr=1.0e-03 train_loss=0.6994 train_acc=0.714 val_loss=0.7251 val_acc=0.681 val_macroF1=0.631 val_cancerRecall=0.640 (16.3s)
  [A-head] epoch 5/12 lr=1.0e-03 train_loss=0.6919 train_acc=0.714 val_loss=0.7344 val_acc=0.683 val_macroF1=0.636 val_cancerRecall=0.643 (16.4s)
  [A-head] epoch 6/12 lr=1.0e-03 train_loss=0.6783 train_acc=0.728 val_loss=0.5889 val_acc=0.742 val_macroF1=0.669 val_cancerRecall=0.757 (16.2s)
  [A-head] epoch 7/12 lr=1.0e-03 train_loss=0.6484 train_acc=0.742 val_loss=0.6383 val_acc=0.706 val_macroF1=0.650 val_cancerRecall=0.711 (16.2s)
  [A-head] epoch 8/12 lr=1.0e-03 train_loss=0.6568 train_acc=0.742 val_loss=0.6681 val_acc=0.714 val_macroF1=0.665 val_cancerRecall=0.678 (16.0s)
  [A-head] epoch 9/12 lr=1.0e-03 train_loss=0.6268 train_acc=0.751 val_loss=0.5969 val_acc=0.742 val_macroF1=0.662 val_cancerRecall=0.746 (16.2s)
  [A-head] epoch 10/12 lr=1.0e-03 train_loss=0.6260 train_acc=0.749 val_loss=0.5777 val_acc=0.750 val_macroF1=0.663 val_cancerRecall=0.772 (16.2s)
  [A-head] epoch 11/12 lr=1.0e-03 train_loss=0.6109 train_acc=0.761 val_loss=0.6391 val_acc=0.733 val_macroF1=0.678 val_cancerRecall=0.705 (16.2s)
  [A-head] epoch 12/12 lr=1.0e-03 train_loss=0.6245 train_acc=0.751 val_loss=0.6197 val_acc=0.739 val_macroF1=0.685 val_cancerRecall=0.716 (16.1s)
  [B-finetune] epoch 1/25 lr=1.0e-05 train_loss=0.5885 train_acc=0.779 val_loss=0.5855 val_acc=0.752 val_macroF1=0.688 val_cancerRecall=0.743 (29.2s)
  [B-finetune] epoch 2/25 lr=1.0e-05 train_loss=0.5455 train_acc=0.783 val_loss=0.6406 val_acc=0.725 val_macroF1=0.669 val_cancerRecall=0.708 (27.5s)
  [B-finetune] epoch 3/25 lr=1.0e-05 train_loss=0.4836 train_acc=0.807 val_loss=0.5940 val_acc=0.748 val_macroF1=0.692 val_cancerRecall=0.734 (27.6s)
  [B-finetune] epoch 4/25 lr=1.0e-05 train_loss=0.4417 train_acc=0.825 val_loss=0.5404 val_acc=0.767 val_macroF1=0.689 val_cancerRecall=0.795 (27.6s)
  [B-finetune] epoch 5/25 lr=1.0e-05 train_loss=0.3942 train_acc=0.862 val_loss=0.5900 val_acc=0.742 val_macroF1=0.673 val_cancerRecall=0.746 (27.4s)
  [B-finetune] epoch 6/25 lr=1.0e-05 train_loss=0.3476 train_acc=0.874 val_loss=0.5523 val_acc=0.769 val_macroF1=0.694 val_cancerRecall=0.778 (27.6s)
  [B-finetune] epoch 7/25 lr=1.0e-05 train_loss=0.2985 train_acc=0.890 val_loss=0.5458 val_acc=0.761 val_macroF1=0.685 val_cancerRecall=0.787 (27.5s)
  [B-finetune] epoch 8/25 lr=1.0e-05 train_loss=0.2771 train_acc=0.907 val_loss=0.5518 val_acc=0.781 val_macroF1=0.706 val_cancerRecall=0.795 (27.6s)
  [B-finetune] epoch 9/25 lr=1.0e-05 train_loss=0.2452 train_acc=0.918 val_loss=0.5396 val_acc=0.782 val_macroF1=0.702 val_cancerRecall=0.810 (27.6s)
  [B-finetune] epoch 10/25 lr=1.0e-05 train_loss=0.2128 train_acc=0.925 val_loss=0.5403 val_acc=0.782 val_macroF1=0.695 val_cancerRecall=0.827 (27.8s)
  [B-finetune] epoch 11/25 lr=1.0e-05 train_loss=0.1880 train_acc=0.938 val_loss=0.6247 val_acc=0.765 val_macroF1=0.693 val_cancerRecall=0.789 (27.5s)
  [B-finetune] epoch 12/25 lr=5.0e-06 train_loss=0.1755 train_acc=0.947 val_loss=0.6645 val_acc=0.761 val_macroF1=0.691 val_cancerRecall=0.784 (27.6s)
  [B-finetune] epoch 13/25 lr=5.0e-06 train_loss=0.1389 train_acc=0.961 val_loss=0.5890 val_acc=0.777 val_macroF1=0.689 val_cancerRecall=0.819 (27.5s)
  [B-finetune] epoch 14/25 lr=5.0e-06 train_loss=0.1394 train_acc=0.958 val_loss=0.5841 val_acc=0.786 val_macroF1=0.695 val_cancerRecall=0.825 (27.6s)
  [B-finetune] early stopping at epoch 14 (no val macro-F1 improvement for 6 epochs)
=== resnet50 fold 0 DONE -- best val macro-F1 = 0.7062 ===

=== resnet50 fold 1 === train=2090 val=522 class_weights=[2.552000045776367, 0.5090000033378601, 1.5520000457763672]
  [A-head] epoch 1/12 lr=1.0e-03 train_loss=0.8667 train_acc=0.664 val_loss=0.7365 val_acc=0.670 val_macroF1=0.594 val_cancerRecall=0.686 (47.2s)
  [A-head] epoch 2/12 lr=1.0e-03 train_loss=0.7569 train_acc=0.683 val_loss=0.6884 val_acc=0.688 val_macroF1=0.612 val_cancerRecall=0.698 (16.3s)
  [A-head] epoch 3/12 lr=1.0e-03 train_loss=0.7301 train_acc=0.701 val_loss=0.7084 val_acc=0.682 val_macroF1=0.615 val_cancerRecall=0.672 (16.4s)
  [A-head] epoch 4/12 lr=1.0e-03 train_loss=0.6938 train_acc=0.721 val_loss=0.6753 val_acc=0.697 val_macroF1=0.630 val_cancerRecall=0.674 (16.3s)
  [A-head] epoch 5/12 lr=1.0e-03 train_loss=0.6930 train_acc=0.726 val_loss=0.6335 val_acc=0.732 val_macroF1=0.659 val_cancerRecall=0.733 (16.3s)
  [A-head] epoch 6/12 lr=1.0e-03 train_loss=0.6584 train_acc=0.744 val_loss=0.6831 val_acc=0.705 val_macroF1=0.634 val_cancerRecall=0.686 (16.1s)
  [A-head] epoch 7/12 lr=1.0e-03 train_loss=0.6669 train_acc=0.737 val_loss=0.7232 val_acc=0.670 val_macroF1=0.616 val_cancerRecall=0.642 (16.2s)
  [A-head] epoch 8/12 lr=1.0e-03 train_loss=0.6371 train_acc=0.750 val_loss=0.6323 val_acc=0.726 val_macroF1=0.647 val_cancerRecall=0.730 (16.4s)
  [A-head] epoch 9/12 lr=1.0e-03 train_loss=0.6287 train_acc=0.744 val_loss=0.5891 val_acc=0.736 val_macroF1=0.645 val_cancerRecall=0.765 (16.2s)
  [A-head] epoch 10/12 lr=1.0e-03 train_loss=0.6193 train_acc=0.765 val_loss=0.7027 val_acc=0.690 val_macroF1=0.634 val_cancerRecall=0.663 (16.4s)
  [A-head] epoch 11/12 lr=1.0e-03 train_loss=0.6085 train_acc=0.762 val_loss=0.7470 val_acc=0.674 val_macroF1=0.634 val_cancerRecall=0.642 (16.1s)
  [A-head] early stopping at epoch 11 (no val macro-F1 improvement for 6 epochs)
  [B-finetune] epoch 1/25 lr=1.0e-05 train_loss=0.5945 train_acc=0.753 val_loss=0.6805 val_acc=0.728 val_macroF1=0.673 val_cancerRecall=0.707 (27.6s)
  [B-finetune] epoch 2/25 lr=1.0e-05 train_loss=0.5461 train_acc=0.780 val_loss=0.6272 val_acc=0.724 val_macroF1=0.648 val_cancerRecall=0.721 (27.5s)
  [B-finetune] epoch 3/25 lr=1.0e-05 train_loss=0.4834 train_acc=0.810 val_loss=0.6131 val_acc=0.738 val_macroF1=0.668 val_cancerRecall=0.739 (27.6s)
  [B-finetune] epoch 4/25 lr=1.0e-05 train_loss=0.4567 train_acc=0.832 val_loss=0.5874 val_acc=0.734 val_macroF1=0.669 val_cancerRecall=0.736 (27.8s)
  [B-finetune] epoch 5/25 lr=1.0e-05 train_loss=0.4032 train_acc=0.848 val_loss=0.6389 val_acc=0.738 val_macroF1=0.679 val_cancerRecall=0.724 (27.5s)
  [B-finetune] epoch 6/25 lr=1.0e-05 train_loss=0.3440 train_acc=0.866 val_loss=0.6111 val_acc=0.728 val_macroF1=0.667 val_cancerRecall=0.718 (27.6s)
  [B-finetune] epoch 7/25 lr=1.0e-05 train_loss=0.3091 train_acc=0.891 val_loss=0.7386 val_acc=0.709 val_macroF1=0.660 val_cancerRecall=0.680 (27.6s)
  [B-finetune] epoch 8/25 lr=1.0e-05 train_loss=0.2643 train_acc=0.903 val_loss=0.5682 val_acc=0.747 val_macroF1=0.678 val_cancerRecall=0.751 (27.5s)
  [B-finetune] epoch 9/25 lr=1.0e-05 train_loss=0.2358 train_acc=0.926 val_loss=0.6308 val_acc=0.745 val_macroF1=0.681 val_cancerRecall=0.748 (27.5s)
  [B-finetune] epoch 10/25 lr=1.0e-05 train_loss=0.2076 train_acc=0.932 val_loss=0.5850 val_acc=0.755 val_macroF1=0.680 val_cancerRecall=0.771 (27.6s)
  [B-finetune] epoch 11/25 lr=1.0e-05 train_loss=0.1750 train_acc=0.949 val_loss=0.7267 val_acc=0.720 val_macroF1=0.661 val_cancerRecall=0.710 (27.5s)
  [B-finetune] epoch 12/25 lr=1.0e-05 train_loss=0.1666 train_acc=0.944 val_loss=0.5886 val_acc=0.761 val_macroF1=0.683 val_cancerRecall=0.777 (27.5s)
  [B-finetune] epoch 13/25 lr=1.0e-05 train_loss=0.1432 train_acc=0.951 val_loss=0.6143 val_acc=0.755 val_macroF1=0.679 val_cancerRecall=0.777 (37.7s)
  [B-finetune] epoch 14/25 lr=1.0e-05 train_loss=0.1261 train_acc=0.960 val_loss=0.6292 val_acc=0.762 val_macroF1=0.689 val_cancerRecall=0.780 (65.3s)
  [B-finetune] epoch 15/25 lr=1.0e-05 train_loss=0.1107 train_acc=0.967 val_loss=0.6134 val_acc=0.766 val_macroF1=0.681 val_cancerRecall=0.804 (28.1s)
  [B-finetune] epoch 16/25 lr=1.0e-05 train_loss=0.1118 train_acc=0.961 val_loss=0.6536 val_acc=0.764 val_macroF1=0.687 val_cancerRecall=0.783 (28.2s)
  [B-finetune] epoch 17/25 lr=1.0e-05 train_loss=0.0966 train_acc=0.972 val_loss=0.6584 val_acc=0.762 val_macroF1=0.683 val_cancerRecall=0.783 (29.1s)
  [B-finetune] epoch 18/25 lr=5.0e-06 train_loss=0.0856 train_acc=0.974 val_loss=0.6330 val_acc=0.774 val_macroF1=0.688 val_cancerRecall=0.809 (28.4s)
  [B-finetune] epoch 19/25 lr=5.0e-06 train_loss=0.0772 train_acc=0.973 val_loss=0.7202 val_acc=0.747 val_macroF1=0.678 val_cancerRecall=0.754 (28.5s)
  [B-finetune] epoch 20/25 lr=5.0e-06 train_loss=0.0742 train_acc=0.978 val_loss=0.7139 val_acc=0.761 val_macroF1=0.688 val_cancerRecall=0.774 (30.9s)
  [B-finetune] early stopping at epoch 20 (no val macro-F1 improvement for 6 epochs)
=== resnet50 fold 1 DONE -- best val macro-F1 = 0.6893 ===

=== resnet50 fold 2 === train=2090 val=522 class_weights=[2.5429999828338623, 0.5099999904632568, 1.5520000457763672]
  [A-head] epoch 1/12 lr=1.0e-03 train_loss=0.8727 train_acc=0.644 val_loss=0.6609 val_acc=0.709 val_macroF1=0.600 val_cancerRecall=0.760 (132.6s)
  [A-head] epoch 2/12 lr=1.0e-03 train_loss=0.7731 train_acc=0.669 val_loss=0.7090 val_acc=0.663 val_macroF1=0.597 val_cancerRecall=0.670 (61.3s)
  [A-head] epoch 3/12 lr=1.0e-03 train_loss=0.7369 train_acc=0.708 val_loss=0.7778 val_acc=0.649 val_macroF1=0.602 val_cancerRecall=0.643 (52.6s)
  [A-head] epoch 4/12 lr=1.0e-03 train_loss=0.7122 train_acc=0.708 val_loss=0.6300 val_acc=0.726 val_macroF1=0.651 val_cancerRecall=0.749 (46.4s)
  [A-head] epoch 5/12 lr=1.0e-03 train_loss=0.6941 train_acc=0.721 val_loss=0.5921 val_acc=0.741 val_macroF1=0.653 val_cancerRecall=0.798 (57.3s)
  [A-head] epoch 6/12 lr=1.0e-03 train_loss=0.6714 train_acc=0.736 val_loss=0.6295 val_acc=0.715 val_macroF1=0.646 val_cancerRecall=0.740 (57.9s)
  [A-head] epoch 7/12 lr=1.0e-03 train_loss=0.6819 train_acc=0.736 val_loss=0.6281 val_acc=0.711 val_macroF1=0.641 val_cancerRecall=0.737 (59.4s)
  [A-head] epoch 8/12 lr=1.0e-03 train_loss=0.6588 train_acc=0.731 val_loss=0.6265 val_acc=0.715 val_macroF1=0.651 val_cancerRecall=0.725 (16.2s)
  [A-head] epoch 9/12 lr=1.0e-03 train_loss=0.6503 train_acc=0.758 val_loss=0.5624 val_acc=0.743 val_macroF1=0.657 val_cancerRecall=0.781 (16.1s)
  [A-head] epoch 10/12 lr=1.0e-03 train_loss=0.6329 train_acc=0.745 val_loss=0.6356 val_acc=0.705 val_macroF1=0.646 val_cancerRecall=0.702 (16.2s)
  [A-head] epoch 11/12 lr=1.0e-03 train_loss=0.6321 train_acc=0.756 val_loss=0.5465 val_acc=0.755 val_macroF1=0.652 val_cancerRecall=0.807 (16.0s)
  [A-head] epoch 12/12 lr=1.0e-03 train_loss=0.6043 train_acc=0.768 val_loss=0.6006 val_acc=0.745 val_macroF1=0.686 val_cancerRecall=0.749 (16.1s)
  [B-finetune] epoch 1/25 lr=1.0e-05 train_loss=0.5947 train_acc=0.758 val_loss=0.5853 val_acc=0.730 val_macroF1=0.661 val_cancerRecall=0.740 (28.7s)
  [B-finetune] epoch 2/25 lr=1.0e-05 train_loss=0.5687 train_acc=0.778 val_loss=0.5629 val_acc=0.768 val_macroF1=0.705 val_cancerRecall=0.769 (27.4s)
  [B-finetune] epoch 3/25 lr=1.0e-05 train_loss=0.5024 train_acc=0.808 val_loss=0.5460 val_acc=0.761 val_macroF1=0.699 val_cancerRecall=0.754 (27.6s)
  [B-finetune] epoch 4/25 lr=1.0e-05 train_loss=0.4467 train_acc=0.829 val_loss=0.5665 val_acc=0.757 val_macroF1=0.695 val_cancerRecall=0.751 (27.4s)
  [B-finetune] epoch 5/25 lr=1.0e-05 train_loss=0.4078 train_acc=0.847 val_loss=0.5966 val_acc=0.741 val_macroF1=0.689 val_cancerRecall=0.725 (27.4s)
  [B-finetune] epoch 6/25 lr=5.0e-06 train_loss=0.3749 train_acc=0.863 val_loss=0.4812 val_acc=0.785 val_macroF1=0.703 val_cancerRecall=0.819 (27.7s)
  [B-finetune] epoch 7/25 lr=5.0e-06 train_loss=0.3241 train_acc=0.891 val_loss=0.5018 val_acc=0.780 val_macroF1=0.703 val_cancerRecall=0.801 (27.9s)
  [B-finetune] epoch 8/25 lr=5.0e-06 train_loss=0.3032 train_acc=0.889 val_loss=0.4831 val_acc=0.782 val_macroF1=0.702 val_cancerRecall=0.813 (27.7s)
  [B-finetune] early stopping at epoch 8 (no val macro-F1 improvement for 6 epochs)
=== resnet50 fold 2 DONE -- best val macro-F1 = 0.7046 ===

=== resnet50 fold 3 === train=2090 val=522 class_weights=[2.5429999828338623, 0.5099999904632568, 1.5520000457763672]
Traceback (most recent call last):
  File "<string>", line 1, in <module>
  File "C:\Users\Muhammad Ilhamsyah R\AppData\Local\Programs\Python\Python311\Lib\multiprocessing\spawn.py", line 122, in spawn_main
    exitcode = _main(fd, parent_sentinel)
               ^^^^^^^^^^^^^^^^^^^^^^^^^^
  File "C:\Users\Muhammad Ilhamsyah R\AppData\Local\Programs\Python\Python311\Lib\multiprocessing\spawn.py", line 131, in _main
    prepare(preparation_data)
  File "C:\Users\Muhammad Ilhamsyah R\AppData\Local\Programs\Python\Python311\Lib\multiprocessing\spawn.py", line 246, in prepare
    _fixup_main_from_path(data['init_main_from_path'])
  File "C:\Users\Muhammad Ilhamsyah R\AppData\Local\Programs\Python\Python311\Lib\multiprocessing\spawn.py", line 297, in _fixup_main_from_path
    main_content = runpy.run_path(main_path,
                   ^^^^^^^^^^^^^^^^^^^^^^^^^
  File "<frozen runpy>", line 290, in run_path
  File "<frozen runpy>", line 259, in _get_code_from_file
  File "D:\skripsi\Kodingan\src\training\train_cv.py", line 217
    print(f"
          ^
SyntaxError: unterminated string literal (detected at line 217)
  File "D:\skripsi\Kodingan\src\training\train_cv.py", line 217
    print(f"
          ^
SyntaxError: unterminated string literal (detected at line 217)
Variant: full | Device: cuda | img_size=512 | batch=16 | augmentasi=TIDAK

=== efficientnet_b0 fold 0 DILEWATI (checkpoint sudah ada) ===

=== efficientnet_b0 fold 1 DILEWATI (checkpoint sudah ada) ===

=== efficientnet_b0 fold 2 DILEWATI (checkpoint sudah ada) ===

=== efficientnet_b0 fold 3 DILEWATI (checkpoint sudah ada) ===

=== efficientnet_b0 fold 4 DILEWATI (checkpoint sudah ada) ===

=== resnet50 fold 0 DILEWATI (checkpoint sudah ada) ===

=== resnet50 fold 1 DILEWATI (checkpoint sudah ada) ===

=== resnet50 fold 2 DILEWATI (checkpoint sudah ada) ===

=== resnet50 fold 3 === train=2090 val=522 class_weights=[2.5429999828338623, 0.5099999904632568, 1.5520000457763672]
Traceback (most recent call last):
  File "<string>", line 1, in <module>
  File "C:\Users\Muhammad Ilhamsyah R\AppData\Local\Programs\Python\Python311\Lib\multiprocessing\spawn.py", line 122, in spawn_main
    exitcode = _main(fd, parent_sentinel)
               ^^^^^^^^^^^^^^^^^^^^^^^^^^
  File "C:\Users\Muhammad Ilhamsyah R\AppData\Local\Programs\Python\Python311\Lib\multiprocessing\spawn.py", line 132, in _main
    self = reduction.pickle.load(from_parent)
           ^^^^^^^^^^^^^^^^^^^^^^^^^^^^^^^^^^
_pickle.UnpicklingError: pickle data was truncated
