Variant: full | Device: cuda | img_size=512 | batch=16 | augmentasi=TIDAK

=== efficientnet_b0 fold 0 DILEWATI (checkpoint sudah ada) ===

=== efficientnet_b0 fold 1 DILEWATI (checkpoint sudah ada) ===

=== efficientnet_b0 fold 2 DILEWATI (checkpoint sudah ada) ===

=== efficientnet_b0 fold 3 DILEWATI (checkpoint sudah ada) ===

=== efficientnet_b0 fold 4 DILEWATI (checkpoint sudah ada) ===

=== resnet50 fold 0 DILEWATI (checkpoint sudah ada) ===

=== resnet50 fold 1 DILEWATI (checkpoint sudah ada) ===

=== resnet50 fold 2 DILEWATI (checkpoint sudah ada) ===

=== resnet50 fold 3 === train=2090 val=522 class_weights=[2.5429999828338623, 0.5099999904632568, 1.5520000457763672]
  [A-head] epoch 1/12 lr=1.0e-03 train_loss=0.8868 train_acc=0.644 val_loss=0.6727 val_acc=0.697 val_macroF1=0.607 val_cancerRecall=0.716 (74.6s)
  [A-head] epoch 2/12 lr=1.0e-03 train_loss=0.7767 train_acc=0.680 val_loss=0.6588 val_acc=0.707 val_macroF1=0.634 val_cancerRecall=0.705 (45.3s)
  [A-head] epoch 3/12 lr=1.0e-03 train_loss=0.7340 train_acc=0.688 val_loss=0.6612 val_acc=0.707 val_macroF1=0.641 val_cancerRecall=0.713 (31.7s)
  [A-head] epoch 4/12 lr=1.0e-03 train_loss=0.7029 train_acc=0.716 val_loss=0.6754 val_acc=0.692 val_macroF1=0.631 val_cancerRecall=0.693 (25.7s)
  [A-head] epoch 5/12 lr=1.0e-03 train_loss=0.7039 train_acc=0.716 val_loss=0.7063 val_acc=0.693 val_macroF1=0.646 val_cancerRecall=0.678 (23.3s)
  [A-head] epoch 6/12 lr=1.0e-03 train_loss=0.6775 train_acc=0.707 val_loss=0.6385 val_acc=0.711 val_macroF1=0.647 val_cancerRecall=0.699 (16.9s)
  [A-head] epoch 7/12 lr=1.0e-03 train_loss=0.6808 train_acc=0.722 val_loss=0.5633 val_acc=0.766 val_macroF1=0.676 val_cancerRecall=0.801 (16.4s)
  [A-head] epoch 8/12 lr=1.0e-03 train_loss=0.6510 train_acc=0.731 val_loss=0.6520 val_acc=0.718 val_macroF1=0.656 val_cancerRecall=0.711 (16.2s)
  [A-head] epoch 9/12 lr=1.0e-03 train_loss=0.6535 train_acc=0.729 val_loss=0.6719 val_acc=0.701 val_macroF1=0.646 val_cancerRecall=0.667 (16.0s)
  [A-head] epoch 10/12 lr=1.0e-03 train_loss=0.6448 train_acc=0.739 val_loss=0.5772 val_acc=0.749 val_macroF1=0.682 val_cancerRecall=0.763 (16.2s)
  [A-head] epoch 11/12 lr=1.0e-03 train_loss=0.6231 train_acc=0.749 val_loss=0.5925 val_acc=0.743 val_macroF1=0.669 val_cancerRecall=0.757 (16.1s)
  [A-head] epoch 12/12 lr=1.0e-03 train_loss=0.6186 train_acc=0.756 val_loss=0.8920 val_acc=0.640 val_macroF1=0.609 val_cancerRecall=0.564 (16.1s)
  [B-finetune] epoch 1/25 lr=1.0e-05 train_loss=0.5974 train_acc=0.748 val_loss=0.5914 val_acc=0.734 val_macroF1=0.667 val_cancerRecall=0.728 (32.5s)
  [B-finetune] epoch 2/25 lr=1.0e-05 train_loss=0.5410 train_acc=0.778 val_loss=0.6098 val_acc=0.724 val_macroF1=0.658 val_cancerRecall=0.713 (27.4s)
  [B-finetune] epoch 3/25 lr=1.0e-05 train_loss=0.5091 train_acc=0.791 val_loss=0.6760 val_acc=0.718 val_macroF1=0.674 val_cancerRecall=0.675 (27.5s)
  [B-finetune] epoch 4/25 lr=1.0e-05 train_loss=0.4511 train_acc=0.819 val_loss=0.5891 val_acc=0.732 val_macroF1=0.674 val_cancerRecall=0.705 (27.4s)
  [B-finetune] epoch 5/25 lr=1.0e-05 train_loss=0.3934 train_acc=0.844 val_loss=0.5984 val_acc=0.739 val_macroF1=0.683 val_cancerRecall=0.719 (27.5s)
  [B-finetune] epoch 6/25 lr=1.0e-05 train_loss=0.3781 train_acc=0.851 val_loss=0.6036 val_acc=0.745 val_macroF1=0.697 val_cancerRecall=0.722 (27.4s)
  [B-finetune] epoch 7/25 lr=1.0e-05 train_loss=0.3247 train_acc=0.882 val_loss=0.6118 val_acc=0.741 val_macroF1=0.691 val_cancerRecall=0.716 (27.5s)
  [B-finetune] epoch 8/25 lr=1.0e-05 train_loss=0.2813 train_acc=0.890 val_loss=0.5648 val_acc=0.762 val_macroF1=0.709 val_cancerRecall=0.749 (27.6s)
  [B-finetune] epoch 9/25 lr=1.0e-05 train_loss=0.2460 train_acc=0.913 val_loss=0.5186 val_acc=0.766 val_macroF1=0.692 val_cancerRecall=0.787 (27.7s)
  [B-finetune] epoch 10/25 lr=1.0e-05 train_loss=0.2203 train_acc=0.921 val_loss=0.4883 val_acc=0.807 val_macroF1=0.719 val_cancerRecall=0.851 (27.8s)
  [B-finetune] epoch 11/25 lr=1.0e-05 train_loss=0.1960 train_acc=0.938 val_loss=0.5169 val_acc=0.780 val_macroF1=0.706 val_cancerRecall=0.792 (27.7s)
  [B-finetune] epoch 12/25 lr=1.0e-05 train_loss=0.1697 train_acc=0.948 val_loss=0.5954 val_acc=0.759 val_macroF1=0.697 val_cancerRecall=0.757 (27.6s)
  [B-finetune] epoch 13/25 lr=1.0e-05 train_loss=0.1423 train_acc=0.957 val_loss=0.5478 val_acc=0.787 val_macroF1=0.706 val_cancerRecall=0.827 (27.7s)
  [B-finetune] epoch 14/25 lr=5.0e-06 train_loss=0.1393 train_acc=0.954 val_loss=0.5332 val_acc=0.791 val_macroF1=0.701 val_cancerRecall=0.833 (27.8s)
  [B-finetune] epoch 15/25 lr=5.0e-06 train_loss=0.1303 train_acc=0.959 val_loss=0.6232 val_acc=0.762 val_macroF1=0.694 val_cancerRecall=0.766 (27.9s)
  [B-finetune] epoch 16/25 lr=5.0e-06 train_loss=0.1097 train_acc=0.966 val_loss=0.5139 val_acc=0.812 val_macroF1=0.732 val_cancerRecall=0.851 (27.6s)
  [B-finetune] epoch 17/25 lr=5.0e-06 train_loss=0.1035 train_acc=0.968 val_loss=0.5865 val_acc=0.784 val_macroF1=0.712 val_cancerRecall=0.801 (28.1s)
  [B-finetune] epoch 18/25 lr=5.0e-06 train_loss=0.1000 train_acc=0.970 val_loss=0.5351 val_acc=0.801 val_macroF1=0.713 val_cancerRecall=0.848 (27.7s)
  [B-finetune] epoch 19/25 lr=5.0e-06 train_loss=0.0967 train_acc=0.969 val_loss=0.5380 val_acc=0.810 val_macroF1=0.731 val_cancerRecall=0.848 (27.5s)
  [B-finetune] epoch 20/25 lr=5.0e-06 train_loss=0.0949 train_acc=0.967 val_loss=0.5483 val_acc=0.814 val_macroF1=0.736 val_cancerRecall=0.860 (27.3s)
  [B-finetune] epoch 21/25 lr=5.0e-06 train_loss=0.0835 train_acc=0.975 val_loss=0.5362 val_acc=0.803 val_macroF1=0.716 val_cancerRecall=0.851 (27.4s)
  [B-finetune] epoch 22/25 lr=5.0e-06 train_loss=0.0863 train_acc=0.971 val_loss=0.5393 val_acc=0.812 val_macroF1=0.729 val_cancerRecall=0.860 (27.7s)
  [B-finetune] epoch 23/25 lr=5.0e-06 train_loss=0.0844 train_acc=0.975 val_loss=0.5512 val_acc=0.807 val_macroF1=0.719 val_cancerRecall=0.863 (27.7s)
  [B-finetune] epoch 24/25 lr=2.5e-06 train_loss=0.0764 train_acc=0.975 val_loss=0.5583 val_acc=0.807 val_macroF1=0.719 val_cancerRecall=0.863 (27.4s)
  [B-finetune] epoch 25/25 lr=2.5e-06 train_loss=0.0772 train_acc=0.975 val_loss=0.5398 val_acc=0.814 val_macroF1=0.714 val_cancerRecall=0.883 (27.5s)
=== resnet50 fold 3 DONE -- best val macro-F1 = 0.7361 ===

=== resnet50 fold 4 === train=2090 val=522 class_weights=[2.5429999828338623, 0.5099999904632568, 1.5520000457763672]
  [A-head] epoch 1/12 lr=1.0e-03 train_loss=0.9163 train_acc=0.631 val_loss=0.7597 val_acc=0.669 val_macroF1=0.593 val_cancerRecall=0.643 (45.7s)
  [A-head] epoch 2/12 lr=1.0e-03 train_loss=0.7889 train_acc=0.673 val_loss=0.7107 val_acc=0.692 val_macroF1=0.636 val_cancerRecall=0.667 (16.1s)
  [A-head] epoch 3/12 lr=1.0e-03 train_loss=0.7417 train_acc=0.680 val_loss=0.6726 val_acc=0.724 val_macroF1=0.673 val_cancerRecall=0.699 (16.4s)
  [A-head] epoch 4/12 lr=1.0e-03 train_loss=0.7263 train_acc=0.713 val_loss=0.8384 val_acc=0.594 val_macroF1=0.552 val_cancerRecall=0.588 (16.4s)
  [A-head] epoch 5/12 lr=1.0e-03 train_loss=0.6994 train_acc=0.711 val_loss=0.6598 val_acc=0.703 val_macroF1=0.630 val_cancerRecall=0.684 (16.3s)
  [A-head] epoch 6/12 lr=1.0e-03 train_loss=0.6761 train_acc=0.736 val_loss=0.6559 val_acc=0.701 val_macroF1=0.657 val_cancerRecall=0.667 (16.3s)
  [A-head] epoch 7/12 lr=1.0e-03 train_loss=0.6492 train_acc=0.724 val_loss=0.5825 val_acc=0.757 val_macroF1=0.689 val_cancerRecall=0.766 (16.4s)
  [A-head] epoch 8/12 lr=1.0e-03 train_loss=0.6814 train_acc=0.725 val_loss=0.7033 val_acc=0.669 val_macroF1=0.624 val_cancerRecall=0.652 (16.4s)
  [A-head] epoch 9/12 lr=1.0e-03 train_loss=0.6477 train_acc=0.741 val_loss=0.6668 val_acc=0.703 val_macroF1=0.660 val_cancerRecall=0.655 (16.2s)
  [A-head] epoch 10/12 lr=1.0e-03 train_loss=0.6344 train_acc=0.740 val_loss=0.6465 val_acc=0.715 val_macroF1=0.667 val_cancerRecall=0.696 (16.2s)
  [A-head] epoch 11/12 lr=1.0e-03 train_loss=0.6297 train_acc=0.744 val_loss=0.6392 val_acc=0.707 val_macroF1=0.655 val_cancerRecall=0.678 (16.4s)
  [A-head] epoch 12/12 lr=1.0e-03 train_loss=0.6363 train_acc=0.734 val_loss=0.5648 val_acc=0.766 val_macroF1=0.692 val_cancerRecall=0.775 (16.2s)
  [B-finetune] epoch 1/25 lr=1.0e-05 train_loss=0.6105 train_acc=0.747 val_loss=0.5879 val_acc=0.739 val_macroF1=0.679 val_cancerRecall=0.722 (27.7s)
  [B-finetune] epoch 2/25 lr=1.0e-05 train_loss=0.5563 train_acc=0.776 val_loss=0.5632 val_acc=0.753 val_macroF1=0.697 val_cancerRecall=0.725 (27.7s)
  [B-finetune] epoch 3/25 lr=1.0e-05 train_loss=0.4920 train_acc=0.805 val_loss=0.5609 val_acc=0.741 val_macroF1=0.679 val_cancerRecall=0.728 (27.7s)
  [B-finetune] epoch 4/25 lr=1.0e-05 train_loss=0.4505 train_acc=0.832 val_loss=0.5424 val_acc=0.753 val_macroF1=0.686 val_cancerRecall=0.746 (27.8s)
  [B-finetune] epoch 5/25 lr=1.0e-05 train_loss=0.4054 train_acc=0.843 val_loss=0.5979 val_acc=0.741 val_macroF1=0.687 val_cancerRecall=0.713 (27.5s)
  [B-finetune] epoch 6/25 lr=5.0e-06 train_loss=0.3502 train_acc=0.874 val_loss=0.5779 val_acc=0.759 val_macroF1=0.691 val_cancerRecall=0.751 (27.6s)
  [B-finetune] epoch 7/25 lr=5.0e-06 train_loss=0.3100 train_acc=0.888 val_loss=0.5463 val_acc=0.770 val_macroF1=0.693 val_cancerRecall=0.775 (27.4s)
  [B-finetune] epoch 8/25 lr=5.0e-06 train_loss=0.2946 train_acc=0.892 val_loss=0.5847 val_acc=0.762 val_macroF1=0.703 val_cancerRecall=0.746 (27.6s)
  [B-finetune] epoch 9/25 lr=5.0e-06 train_loss=0.2681 train_acc=0.902 val_loss=0.5657 val_acc=0.766 val_macroF1=0.704 val_cancerRecall=0.757 (27.6s)
  [B-finetune] epoch 10/25 lr=5.0e-06 train_loss=0.2328 train_acc=0.929 val_loss=0.5707 val_acc=0.770 val_macroF1=0.703 val_cancerRecall=0.769 (27.5s)
  [B-finetune] epoch 11/25 lr=5.0e-06 train_loss=0.2351 train_acc=0.911 val_loss=0.5589 val_acc=0.787 val_macroF1=0.705 val_cancerRecall=0.807 (27.5s)
  [B-finetune] epoch 12/25 lr=5.0e-06 train_loss=0.2159 train_acc=0.933 val_loss=0.5247 val_acc=0.795 val_macroF1=0.706 val_cancerRecall=0.825 (27.6s)
  [B-finetune] epoch 13/25 lr=5.0e-06 train_loss=0.1942 train_acc=0.935 val_loss=0.5892 val_acc=0.784 val_macroF1=0.705 val_cancerRecall=0.798 (27.5s)
  [B-finetune] epoch 14/25 lr=5.0e-06 train_loss=0.1837 train_acc=0.942 val_loss=0.5646 val_acc=0.787 val_macroF1=0.699 val_cancerRecall=0.810 (27.6s)
  [B-finetune] epoch 15/25 lr=5.0e-06 train_loss=0.1696 train_acc=0.945 val_loss=0.5894 val_acc=0.787 val_macroF1=0.717 val_cancerRecall=0.795 (27.6s)
  [B-finetune] epoch 16/25 lr=5.0e-06 train_loss=0.1751 train_acc=0.940 val_loss=0.5697 val_acc=0.791 val_macroF1=0.708 val_cancerRecall=0.813 (27.8s)
  [B-finetune] epoch 17/25 lr=5.0e-06 train_loss=0.1570 train_acc=0.949 val_loss=0.5599 val_acc=0.795 val_macroF1=0.710 val_cancerRecall=0.819 (27.6s)
  [B-finetune] epoch 18/25 lr=5.0e-06 train_loss=0.1348 train_acc=0.961 val_loss=0.5927 val_acc=0.797 val_macroF1=0.714 val_cancerRecall=0.819 (27.5s)
  [B-finetune] epoch 19/25 lr=2.5e-06 train_loss=0.1300 train_acc=0.960 val_loss=0.5988 val_acc=0.785 val_macroF1=0.698 val_cancerRecall=0.810 (27.5s)
  [B-finetune] epoch 20/25 lr=2.5e-06 train_loss=0.1201 train_acc=0.963 val_loss=0.6015 val_acc=0.791 val_macroF1=0.703 val_cancerRecall=0.816 (27.6s)
  [B-finetune] epoch 21/25 lr=2.5e-06 train_loss=0.1168 train_acc=0.962 val_loss=0.5988 val_acc=0.791 val_macroF1=0.706 val_cancerRecall=0.813 (27.6s)
  [B-finetune] early stopping at epoch 21 (no val macro-F1 improvement for 6 epochs)
=== resnet50 fold 4 DONE -- best val macro-F1 = 0.7168 ===

=== ALL FOLDS DONE ===
  efficientnet_b0_fold0: best val macro-F1 = 0.6763
  efficientnet_b0_fold1: best val macro-F1 = 0.6837
  efficientnet_b0_fold2: best val macro-F1 = 0.6924
  efficientnet_b0_fold3: best val macro-F1 = 0.6858
  efficientnet_b0_fold4: best val macro-F1 = 0.7064
  resnet50_fold0: best val macro-F1 = 0.7062
  resnet50_fold1: best val macro-F1 = 0.6893
  resnet50_fold2: best val macro-F1 = 0.7046
  resnet50_fold3: best val macro-F1 = 0.7361
  resnet50_fold4: best val macro-F1 = 0.7168
