=== ABLASI TANPA AUGMENTASI SELESAI, mulai augmentasi ct ===
Variant: full | Device: cuda | img_size=512 | batch=16 | augmentasi=ct

=== efficientnet_b0 fold 0 === train=2088 val=524 class_weights=[2.5490000247955322, 0.5090000033378601, 1.5540000200271606]
  [A-head] epoch 1/12 lr=1.0e-03 train_loss=0.8637 train_acc=0.642 val_loss=0.7333 val_acc=0.706 val_macroF1=0.637 val_cancerRecall=0.702 (66.8s)
  [A-head] epoch 2/12 lr=1.0e-03 train_loss=0.7684 train_acc=0.691 val_loss=0.7179 val_acc=0.693 val_macroF1=0.644 val_cancerRecall=0.673 (20.9s)
  [A-head] epoch 3/12 lr=1.0e-03 train_loss=0.7378 train_acc=0.706 val_loss=0.7895 val_acc=0.666 val_macroF1=0.630 val_cancerRecall=0.614 (12.9s)
  [A-head] epoch 4/12 lr=1.0e-03 train_loss=0.7255 train_acc=0.708 val_loss=0.7613 val_acc=0.681 val_macroF1=0.639 val_cancerRecall=0.649 (12.9s)
  [A-head] epoch 5/12 lr=1.0e-03 train_loss=0.7191 train_acc=0.713 val_loss=0.7403 val_acc=0.697 val_macroF1=0.649 val_cancerRecall=0.655 (20.0s)
  [A-head] epoch 6/12 lr=1.0e-03 train_loss=0.7168 train_acc=0.717 val_loss=0.7888 val_acc=0.656 val_macroF1=0.616 val_cancerRecall=0.629 (13.0s)
  [A-head] epoch 7/12 lr=1.0e-03 train_loss=0.6980 train_acc=0.723 val_loss=0.7525 val_acc=0.664 val_macroF1=0.622 val_cancerRecall=0.637 (13.0s)
  [A-head] epoch 8/12 lr=1.0e-03 train_loss=0.6814 train_acc=0.728 val_loss=0.7015 val_acc=0.681 val_macroF1=0.635 val_cancerRecall=0.658 (12.7s)
  [A-head] epoch 9/12 lr=1.0e-03 train_loss=0.6757 train_acc=0.723 val_loss=0.6538 val_acc=0.714 val_macroF1=0.651 val_cancerRecall=0.699 (12.9s)
  [A-head] epoch 10/12 lr=1.0e-03 train_loss=0.6831 train_acc=0.723 val_loss=0.6220 val_acc=0.739 val_macroF1=0.678 val_cancerRecall=0.731 (12.8s)
  [A-head] epoch 11/12 lr=1.0e-03 train_loss=0.6591 train_acc=0.733 val_loss=0.6647 val_acc=0.706 val_macroF1=0.645 val_cancerRecall=0.702 (12.8s)
  [A-head] epoch 12/12 lr=1.0e-03 train_loss=0.6584 train_acc=0.730 val_loss=0.8161 val_acc=0.662 val_macroF1=0.625 val_cancerRecall=0.614 (13.0s)
  [B-finetune] epoch 1/25 lr=1.0e-05 train_loss=0.6418 train_acc=0.732 val_loss=0.7238 val_acc=0.695 val_macroF1=0.649 val_cancerRecall=0.655 (15.5s)
  [B-finetune] epoch 2/25 lr=1.0e-05 train_loss=0.6126 train_acc=0.748 val_loss=0.6532 val_acc=0.704 val_macroF1=0.640 val_cancerRecall=0.705 (13.2s)
  [B-finetune] epoch 3/25 lr=1.0e-05 train_loss=0.6208 train_acc=0.757 val_loss=0.6492 val_acc=0.706 val_macroF1=0.644 val_cancerRecall=0.705 (13.1s)
  [B-finetune] epoch 4/25 lr=1.0e-05 train_loss=0.6028 train_acc=0.758 val_loss=0.7054 val_acc=0.681 val_macroF1=0.629 val_cancerRecall=0.661 (13.2s)
  [B-finetune] epoch 5/25 lr=5.0e-06 train_loss=0.5942 train_acc=0.762 val_loss=0.6530 val_acc=0.695 val_macroF1=0.636 val_cancerRecall=0.696 (13.1s)
  [B-finetune] epoch 6/25 lr=5.0e-06 train_loss=0.5753 train_acc=0.773 val_loss=0.6783 val_acc=0.698 val_macroF1=0.642 val_cancerRecall=0.687 (12.9s)
  [B-finetune] epoch 7/25 lr=5.0e-06 train_loss=0.5849 train_acc=0.767 val_loss=0.6318 val_acc=0.718 val_macroF1=0.659 val_cancerRecall=0.713 (13.0s)
  [B-finetune] epoch 8/25 lr=5.0e-06 train_loss=0.5821 train_acc=0.776 val_loss=0.6642 val_acc=0.710 val_macroF1=0.660 val_cancerRecall=0.687 (13.1s)
  [B-finetune] epoch 9/25 lr=5.0e-06 train_loss=0.5753 train_acc=0.773 val_loss=0.6407 val_acc=0.714 val_macroF1=0.654 val_cancerRecall=0.713 (13.2s)
  [B-finetune] epoch 10/25 lr=5.0e-06 train_loss=0.5746 train_acc=0.771 val_loss=0.6604 val_acc=0.702 val_macroF1=0.647 val_cancerRecall=0.690 (13.0s)
  [B-finetune] epoch 11/25 lr=5.0e-06 train_loss=0.5739 train_acc=0.770 val_loss=0.6732 val_acc=0.708 val_macroF1=0.660 val_cancerRecall=0.684 (13.0s)
  [B-finetune] epoch 12/25 lr=5.0e-06 train_loss=0.5524 train_acc=0.780 val_loss=0.7020 val_acc=0.687 val_macroF1=0.634 val_cancerRecall=0.675 (13.1s)
  [B-finetune] epoch 13/25 lr=5.0e-06 train_loss=0.5483 train_acc=0.787 val_loss=0.6737 val_acc=0.695 val_macroF1=0.639 val_cancerRecall=0.696 (13.1s)
  [B-finetune] epoch 14/25 lr=5.0e-06 train_loss=0.5538 train_acc=0.777 val_loss=0.6485 val_acc=0.704 val_macroF1=0.648 val_cancerRecall=0.699 (13.1s)
  [B-finetune] epoch 15/25 lr=2.5e-06 train_loss=0.5666 train_acc=0.772 val_loss=0.6939 val_acc=0.706 val_macroF1=0.654 val_cancerRecall=0.690 (12.8s)
  [B-finetune] epoch 16/25 lr=2.5e-06 train_loss=0.5533 train_acc=0.784 val_loss=0.6420 val_acc=0.706 val_macroF1=0.650 val_cancerRecall=0.705 (12.9s)
  [B-finetune] epoch 17/25 lr=2.5e-06 train_loss=0.5465 train_acc=0.781 val_loss=0.6579 val_acc=0.697 val_macroF1=0.634 val_cancerRecall=0.699 (13.0s)
  [B-finetune] early stopping at epoch 17 (no val macro-F1 improvement for 6 epochs)
=== efficientnet_b0 fold 0 DONE -- best val macro-F1 = 0.6776 ===

=== efficientnet_b0 fold 1 === train=2090 val=522 class_weights=[2.552000045776367, 0.5090000033378601, 1.5520000457763672]
  [A-head] epoch 1/12 lr=1.0e-03 train_loss=0.8511 train_acc=0.661 val_loss=0.7468 val_acc=0.680 val_macroF1=0.622 val_cancerRecall=0.669 (57.1s)
  [A-head] epoch 2/12 lr=1.0e-03 train_loss=0.7406 train_acc=0.704 val_loss=0.7690 val_acc=0.665 val_macroF1=0.606 val_cancerRecall=0.639 (13.3s)
  [A-head] epoch 3/12 lr=1.0e-03 train_loss=0.7255 train_acc=0.699 val_loss=0.6526 val_acc=0.697 val_macroF1=0.617 val_cancerRecall=0.721 (13.3s)
  [A-head] epoch 4/12 lr=1.0e-03 train_loss=0.7262 train_acc=0.719 val_loss=0.6913 val_acc=0.686 val_macroF1=0.613 val_cancerRecall=0.686 (13.3s)
  [A-head] epoch 5/12 lr=1.0e-03 train_loss=0.6934 train_acc=0.729 val_loss=0.7348 val_acc=0.672 val_macroF1=0.617 val_cancerRecall=0.648 (13.1s)
  [A-head] epoch 6/12 lr=1.0e-03 train_loss=0.6924 train_acc=0.716 val_loss=0.7701 val_acc=0.655 val_macroF1=0.597 val_cancerRecall=0.619 (13.0s)
  [A-head] epoch 7/12 lr=1.0e-03 train_loss=0.6960 train_acc=0.721 val_loss=0.7445 val_acc=0.667 val_macroF1=0.624 val_cancerRecall=0.633 (13.1s)
  [A-head] epoch 8/12 lr=1.0e-03 train_loss=0.6857 train_acc=0.724 val_loss=0.8003 val_acc=0.659 val_macroF1=0.605 val_cancerRecall=0.613 (13.3s)
  [A-head] epoch 9/12 lr=1.0e-03 train_loss=0.6788 train_acc=0.729 val_loss=0.6561 val_acc=0.693 val_macroF1=0.616 val_cancerRecall=0.695 (13.3s)
  [A-head] epoch 10/12 lr=1.0e-03 train_loss=0.6997 train_acc=0.721 val_loss=0.7578 val_acc=0.672 val_macroF1=0.629 val_cancerRecall=0.628 (13.2s)
  [A-head] epoch 11/12 lr=1.0e-03 train_loss=0.6643 train_acc=0.729 val_loss=0.6588 val_acc=0.699 val_macroF1=0.616 val_cancerRecall=0.716 (28.2s)
  [A-head] epoch 12/12 lr=1.0e-03 train_loss=0.6832 train_acc=0.723 val_loss=0.7398 val_acc=0.674 val_macroF1=0.624 val_cancerRecall=0.648 (16.8s)
  [B-finetune] epoch 1/25 lr=1.0e-05 train_loss=0.6425 train_acc=0.743 val_loss=0.7346 val_acc=0.684 val_macroF1=0.635 val_cancerRecall=0.648 (13.5s)
  [B-finetune] epoch 2/25 lr=1.0e-05 train_loss=0.6173 train_acc=0.748 val_loss=0.7384 val_acc=0.672 val_macroF1=0.627 val_cancerRecall=0.633 (13.3s)
  [B-finetune] epoch 3/25 lr=1.0e-05 train_loss=0.6093 train_acc=0.755 val_loss=0.7389 val_acc=0.674 val_macroF1=0.621 val_cancerRecall=0.645 (13.4s)
  [B-finetune] epoch 4/25 lr=1.0e-05 train_loss=0.6115 train_acc=0.756 val_loss=0.7435 val_acc=0.680 val_macroF1=0.635 val_cancerRecall=0.639 (13.5s)
  [B-finetune] epoch 5/25 lr=1.0e-05 train_loss=0.6143 train_acc=0.756 val_loss=0.7114 val_acc=0.682 val_macroF1=0.637 val_cancerRecall=0.645 (13.5s)
  [B-finetune] epoch 6/25 lr=1.0e-05 train_loss=0.5926 train_acc=0.761 val_loss=0.7051 val_acc=0.686 val_macroF1=0.637 val_cancerRecall=0.654 (13.5s)
  [B-finetune] epoch 7/25 lr=1.0e-05 train_loss=0.5953 train_acc=0.763 val_loss=0.7466 val_acc=0.663 val_macroF1=0.618 val_cancerRecall=0.630 (13.3s)
  [B-finetune] epoch 8/25 lr=1.0e-05 train_loss=0.5533 train_acc=0.780 val_loss=0.6998 val_acc=0.680 val_macroF1=0.628 val_cancerRecall=0.654 (13.2s)
  [B-finetune] epoch 9/25 lr=1.0e-05 train_loss=0.5630 train_acc=0.768 val_loss=0.6572 val_acc=0.703 val_macroF1=0.636 val_cancerRecall=0.692 (13.3s)
  [B-finetune] epoch 10/25 lr=1.0e-05 train_loss=0.5652 train_acc=0.765 val_loss=0.6825 val_acc=0.695 val_macroF1=0.643 val_cancerRecall=0.672 (13.8s)
  [B-finetune] epoch 11/25 lr=1.0e-05 train_loss=0.5500 train_acc=0.787 val_loss=0.6832 val_acc=0.697 val_macroF1=0.652 val_cancerRecall=0.663 (13.2s)
  [B-finetune] epoch 12/25 lr=1.0e-05 train_loss=0.5359 train_acc=0.790 val_loss=0.6367 val_acc=0.720 val_macroF1=0.663 val_cancerRecall=0.713 (13.4s)
  [B-finetune] epoch 13/25 lr=1.0e-05 train_loss=0.5378 train_acc=0.790 val_loss=0.6720 val_acc=0.695 val_macroF1=0.639 val_cancerRecall=0.674 (13.3s)
  [B-finetune] epoch 14/25 lr=1.0e-05 train_loss=0.5133 train_acc=0.804 val_loss=0.6875 val_acc=0.688 val_macroF1=0.635 val_cancerRecall=0.669 (13.1s)
  [B-finetune] epoch 15/25 lr=1.0e-05 train_loss=0.5252 train_acc=0.782 val_loss=0.6602 val_acc=0.695 val_macroF1=0.640 val_cancerRecall=0.677 (13.4s)
  [B-finetune] epoch 16/25 lr=5.0e-06 train_loss=0.5075 train_acc=0.804 val_loss=0.6784 val_acc=0.697 val_macroF1=0.640 val_cancerRecall=0.674 (13.4s)
  [B-finetune] epoch 17/25 lr=5.0e-06 train_loss=0.5142 train_acc=0.801 val_loss=0.6279 val_acc=0.715 val_macroF1=0.655 val_cancerRecall=0.713 (13.2s)
  [B-finetune] epoch 18/25 lr=5.0e-06 train_loss=0.5046 train_acc=0.799 val_loss=0.6373 val_acc=0.711 val_macroF1=0.652 val_cancerRecall=0.707 (13.2s)
  [B-finetune] early stopping at epoch 18 (no val macro-F1 improvement for 6 epochs)
=== efficientnet_b0 fold 1 DONE -- best val macro-F1 = 0.6628 ===

=== efficientnet_b0 fold 2 === train=2090 val=522 class_weights=[2.5429999828338623, 0.5099999904632568, 1.5520000457763672]
  [A-head] epoch 1/12 lr=1.0e-03 train_loss=0.8630 train_acc=0.642 val_loss=0.7233 val_acc=0.692 val_macroF1=0.624 val_cancerRecall=0.702 (57.0s)
  [A-head] epoch 2/12 lr=1.0e-03 train_loss=0.7500 train_acc=0.697 val_loss=0.6030 val_acc=0.734 val_macroF1=0.610 val_cancerRecall=0.801 (13.1s)
  [A-head] epoch 3/12 lr=1.0e-03 train_loss=0.7357 train_acc=0.700 val_loss=0.6463 val_acc=0.726 val_macroF1=0.651 val_cancerRecall=0.746 (13.2s)
  [A-head] epoch 4/12 lr=1.0e-03 train_loss=0.7181 train_acc=0.713 val_loss=0.7030 val_acc=0.693 val_macroF1=0.625 val_cancerRecall=0.693 (13.2s)
  [A-head] epoch 5/12 lr=1.0e-03 train_loss=0.7034 train_acc=0.716 val_loss=0.6687 val_acc=0.688 val_macroF1=0.620 val_cancerRecall=0.711 (13.0s)
  [A-head] epoch 6/12 lr=1.0e-03 train_loss=0.7028 train_acc=0.729 val_loss=0.7167 val_acc=0.682 val_macroF1=0.622 val_cancerRecall=0.687 (12.9s)
  [A-head] epoch 7/12 lr=1.0e-03 train_loss=0.6924 train_acc=0.722 val_loss=0.6957 val_acc=0.690 val_macroF1=0.630 val_cancerRecall=0.693 (13.4s)
  [A-head] epoch 8/12 lr=1.0e-03 train_loss=0.6888 train_acc=0.724 val_loss=0.6471 val_acc=0.715 val_macroF1=0.644 val_cancerRecall=0.725 (13.1s)
  [A-head] epoch 9/12 lr=1.0e-03 train_loss=0.6720 train_acc=0.738 val_loss=0.7740 val_acc=0.670 val_macroF1=0.623 val_cancerRecall=0.658 (12.9s)
  [A-head] early stopping at epoch 9 (no val macro-F1 improvement for 6 epochs)
  [B-finetune] epoch 1/25 lr=1.0e-05 train_loss=0.6470 train_acc=0.718 val_loss=0.6942 val_acc=0.697 val_macroF1=0.635 val_cancerRecall=0.693 (13.1s)
  [B-finetune] epoch 2/25 lr=1.0e-05 train_loss=0.6444 train_acc=0.737 val_loss=0.6533 val_acc=0.705 val_macroF1=0.634 val_cancerRecall=0.725 (13.2s)
  [B-finetune] epoch 3/25 lr=1.0e-05 train_loss=0.6422 train_acc=0.738 val_loss=0.6763 val_acc=0.686 val_macroF1=0.626 val_cancerRecall=0.690 (13.1s)
  [B-finetune] epoch 4/25 lr=1.0e-05 train_loss=0.6270 train_acc=0.751 val_loss=0.6281 val_acc=0.715 val_macroF1=0.643 val_cancerRecall=0.734 (13.1s)
  [B-finetune] epoch 5/25 lr=1.0e-05 train_loss=0.6193 train_acc=0.745 val_loss=0.7073 val_acc=0.688 val_macroF1=0.629 val_cancerRecall=0.690 (13.1s)
  [B-finetune] epoch 6/25 lr=1.0e-05 train_loss=0.6098 train_acc=0.765 val_loss=0.6211 val_acc=0.709 val_macroF1=0.639 val_cancerRecall=0.725 (13.2s)
  [B-finetune] epoch 7/25 lr=1.0e-05 train_loss=0.6071 train_acc=0.752 val_loss=0.6331 val_acc=0.713 val_macroF1=0.645 val_cancerRecall=0.719 (13.1s)
  [B-finetune] epoch 8/25 lr=1.0e-05 train_loss=0.5931 train_acc=0.756 val_loss=0.6421 val_acc=0.715 val_macroF1=0.649 val_cancerRecall=0.708 (13.3s)
  [B-finetune] epoch 9/25 lr=1.0e-05 train_loss=0.5870 train_acc=0.767 val_loss=0.6333 val_acc=0.709 val_macroF1=0.645 val_cancerRecall=0.711 (13.1s)
  [B-finetune] epoch 10/25 lr=1.0e-05 train_loss=0.5736 train_acc=0.773 val_loss=0.6297 val_acc=0.716 val_macroF1=0.654 val_cancerRecall=0.708 (13.4s)
  [B-finetune] epoch 11/25 lr=1.0e-05 train_loss=0.5656 train_acc=0.777 val_loss=0.5725 val_acc=0.736 val_macroF1=0.662 val_cancerRecall=0.740 (13.1s)
  [B-finetune] epoch 12/25 lr=1.0e-05 train_loss=0.5661 train_acc=0.779 val_loss=0.5932 val_acc=0.732 val_macroF1=0.666 val_cancerRecall=0.740 (13.1s)
  [B-finetune] epoch 13/25 lr=1.0e-05 train_loss=0.5474 train_acc=0.769 val_loss=0.5862 val_acc=0.736 val_macroF1=0.665 val_cancerRecall=0.743 (13.1s)
  [B-finetune] epoch 14/25 lr=1.0e-05 train_loss=0.5345 train_acc=0.790 val_loss=0.5952 val_acc=0.732 val_macroF1=0.670 val_cancerRecall=0.731 (13.2s)
  [B-finetune] epoch 15/25 lr=1.0e-05 train_loss=0.5354 train_acc=0.788 val_loss=0.6303 val_acc=0.715 val_macroF1=0.653 val_cancerRecall=0.713 (13.1s)
  [B-finetune] epoch 16/25 lr=1.0e-05 train_loss=0.5167 train_acc=0.798 val_loss=0.6004 val_acc=0.726 val_macroF1=0.664 val_cancerRecall=0.734 (13.4s)
  [B-finetune] epoch 17/25 lr=1.0e-05 train_loss=0.5319 train_acc=0.796 val_loss=0.6159 val_acc=0.734 val_macroF1=0.671 val_cancerRecall=0.731 (13.1s)
  [B-finetune] epoch 18/25 lr=1.0e-05 train_loss=0.5141 train_acc=0.789 val_loss=0.6147 val_acc=0.726 val_macroF1=0.662 val_cancerRecall=0.722 (13.2s)
  [B-finetune] epoch 19/25 lr=1.0e-05 train_loss=0.4881 train_acc=0.808 val_loss=0.5937 val_acc=0.736 val_macroF1=0.673 val_cancerRecall=0.734 (13.1s)
  [B-finetune] epoch 20/25 lr=1.0e-05 train_loss=0.4920 train_acc=0.811 val_loss=0.5918 val_acc=0.734 val_macroF1=0.673 val_cancerRecall=0.728 (13.2s)
  [B-finetune] epoch 21/25 lr=1.0e-05 train_loss=0.4864 train_acc=0.802 val_loss=0.5991 val_acc=0.738 val_macroF1=0.675 val_cancerRecall=0.734 (13.4s)
  [B-finetune] epoch 22/25 lr=1.0e-05 train_loss=0.4798 train_acc=0.815 val_loss=0.6235 val_acc=0.745 val_macroF1=0.693 val_cancerRecall=0.728 (13.2s)
  [B-finetune] epoch 23/25 lr=1.0e-05 train_loss=0.4837 train_acc=0.803 val_loss=0.6505 val_acc=0.715 val_macroF1=0.665 val_cancerRecall=0.699 (13.2s)
  [B-finetune] epoch 24/25 lr=1.0e-05 train_loss=0.4683 train_acc=0.811 val_loss=0.5780 val_acc=0.738 val_macroF1=0.678 val_cancerRecall=0.743 (13.0s)
  [B-finetune] epoch 25/25 lr=1.0e-05 train_loss=0.4548 train_acc=0.813 val_loss=0.6140 val_acc=0.736 val_macroF1=0.678 val_cancerRecall=0.716 (13.0s)
=== efficientnet_b0 fold 2 DONE -- best val macro-F1 = 0.6928 ===

=== efficientnet_b0 fold 3 === train=2090 val=522 class_weights=[2.5429999828338623, 0.5099999904632568, 1.5520000457763672]
  [A-head] epoch 1/12 lr=1.0e-03 train_loss=0.8776 train_acc=0.644 val_loss=0.6940 val_acc=0.705 val_macroF1=0.636 val_cancerRecall=0.693 (43.0s)
  [A-head] epoch 2/12 lr=1.0e-03 train_loss=0.7699 train_acc=0.686 val_loss=0.6896 val_acc=0.707 val_macroF1=0.643 val_cancerRecall=0.687 (13.3s)
  [A-head] epoch 3/12 lr=1.0e-03 train_loss=0.7436 train_acc=0.698 val_loss=0.6586 val_acc=0.699 val_macroF1=0.637 val_cancerRecall=0.687 (13.1s)
  [A-head] epoch 4/12 lr=1.0e-03 train_loss=0.7258 train_acc=0.705 val_loss=0.6790 val_acc=0.693 val_macroF1=0.637 val_cancerRecall=0.675 (13.4s)
  [A-head] epoch 5/12 lr=1.0e-03 train_loss=0.6956 train_acc=0.710 val_loss=0.7219 val_acc=0.690 val_macroF1=0.617 val_cancerRecall=0.670 (13.3s)
  [A-head] epoch 6/12 lr=1.0e-03 train_loss=0.7071 train_acc=0.714 val_loss=0.7389 val_acc=0.684 val_macroF1=0.628 val_cancerRecall=0.652 (13.1s)
  [A-head] epoch 7/12 lr=1.0e-03 train_loss=0.7042 train_acc=0.715 val_loss=0.6596 val_acc=0.692 val_macroF1=0.638 val_cancerRecall=0.678 (13.2s)
  [A-head] epoch 8/12 lr=1.0e-03 train_loss=0.6924 train_acc=0.716 val_loss=0.8181 val_acc=0.657 val_macroF1=0.621 val_cancerRecall=0.611 (13.4s)
  [A-head] early stopping at epoch 8 (no val macro-F1 improvement for 6 epochs)
  [B-finetune] epoch 1/25 lr=1.0e-05 train_loss=0.6696 train_acc=0.718 val_loss=0.7572 val_acc=0.682 val_macroF1=0.629 val_cancerRecall=0.649 (13.4s)
  [B-finetune] epoch 2/25 lr=1.0e-05 train_loss=0.6396 train_acc=0.744 val_loss=0.6905 val_acc=0.699 val_macroF1=0.644 val_cancerRecall=0.675 (13.2s)
  [B-finetune] epoch 3/25 lr=1.0e-05 train_loss=0.6428 train_acc=0.740 val_loss=0.7070 val_acc=0.690 val_macroF1=0.639 val_cancerRecall=0.664 (13.5s)
  [B-finetune] epoch 4/25 lr=1.0e-05 train_loss=0.6311 train_acc=0.733 val_loss=0.6573 val_acc=0.713 val_macroF1=0.656 val_cancerRecall=0.693 (13.3s)
  [B-finetune] epoch 5/25 lr=1.0e-05 train_loss=0.6134 train_acc=0.750 val_loss=0.6813 val_acc=0.709 val_macroF1=0.653 val_cancerRecall=0.684 (13.4s)
  [B-finetune] epoch 6/25 lr=1.0e-05 train_loss=0.6029 train_acc=0.767 val_loss=0.6426 val_acc=0.713 val_macroF1=0.654 val_cancerRecall=0.693 (13.8s)
  [B-finetune] epoch 7/25 lr=1.0e-05 train_loss=0.6134 train_acc=0.755 val_loss=0.6213 val_acc=0.709 val_macroF1=0.650 val_cancerRecall=0.699 (13.2s)
  [B-finetune] epoch 8/25 lr=5.0e-06 train_loss=0.5907 train_acc=0.761 val_loss=0.6576 val_acc=0.697 val_macroF1=0.644 val_cancerRecall=0.675 (13.4s)
  [B-finetune] epoch 9/25 lr=5.0e-06 train_loss=0.5714 train_acc=0.765 val_loss=0.6974 val_acc=0.692 val_macroF1=0.645 val_cancerRecall=0.661 (13.3s)
  [B-finetune] epoch 10/25 lr=5.0e-06 train_loss=0.5693 train_acc=0.779 val_loss=0.6734 val_acc=0.695 val_macroF1=0.643 val_cancerRecall=0.675 (13.3s)
  [B-finetune] early stopping at epoch 10 (no val macro-F1 improvement for 6 epochs)
=== efficientnet_b0 fold 3 DONE -- best val macro-F1 = 0.6561 ===

=== efficientnet_b0 fold 4 === train=2090 val=522 class_weights=[2.5429999828338623, 0.5099999904632568, 1.5520000457763672]
  [A-head] epoch 1/12 lr=1.0e-03 train_loss=0.8599 train_acc=0.645 val_loss=0.6138 val_acc=0.766 val_macroF1=0.643 val_cancerRecall=0.822 (42.5s)
  [A-head] epoch 2/12 lr=1.0e-03 train_loss=0.7654 train_acc=0.696 val_loss=0.6663 val_acc=0.709 val_macroF1=0.654 val_cancerRecall=0.675 (12.9s)
  [A-head] epoch 3/12 lr=1.0e-03 train_loss=0.7657 train_acc=0.702 val_loss=0.6331 val_acc=0.736 val_macroF1=0.663 val_cancerRecall=0.728 (13.1s)
  [A-head] epoch 4/12 lr=1.0e-03 train_loss=0.7280 train_acc=0.706 val_loss=0.6356 val_acc=0.730 val_macroF1=0.673 val_cancerRecall=0.699 (13.2s)
  [A-head] epoch 5/12 lr=1.0e-03 train_loss=0.7127 train_acc=0.708 val_loss=0.6232 val_acc=0.722 val_macroF1=0.664 val_cancerRecall=0.696 (13.0s)
  [A-head] epoch 6/12 lr=1.0e-03 train_loss=0.7205 train_acc=0.712 val_loss=0.6707 val_acc=0.711 val_macroF1=0.637 val_cancerRecall=0.687 (12.9s)
  [A-head] epoch 7/12 lr=1.0e-03 train_loss=0.7069 train_acc=0.719 val_loss=0.7519 val_acc=0.672 val_macroF1=0.612 val_cancerRecall=0.637 (13.0s)
  [A-head] epoch 8/12 lr=1.0e-03 train_loss=0.6869 train_acc=0.717 val_loss=0.6546 val_acc=0.715 val_macroF1=0.659 val_cancerRecall=0.678 (12.8s)
  [A-head] epoch 9/12 lr=1.0e-03 train_loss=0.6864 train_acc=0.721 val_loss=0.7443 val_acc=0.678 val_macroF1=0.631 val_cancerRecall=0.635 (13.0s)
  [A-head] epoch 10/12 lr=1.0e-03 train_loss=0.6914 train_acc=0.718 val_loss=0.7265 val_acc=0.684 val_macroF1=0.640 val_cancerRecall=0.643 (13.3s)
  [A-head] early stopping at epoch 10 (no val macro-F1 improvement for 6 epochs)
  [B-finetune] epoch 1/25 lr=1.0e-05 train_loss=0.6646 train_acc=0.715 val_loss=0.6584 val_acc=0.705 val_macroF1=0.656 val_cancerRecall=0.664 (13.2s)
  [B-finetune] epoch 2/25 lr=1.0e-05 train_loss=0.6776 train_acc=0.722 val_loss=0.6717 val_acc=0.695 val_macroF1=0.648 val_cancerRecall=0.655 (13.1s)
  [B-finetune] epoch 3/25 lr=1.0e-05 train_loss=0.6373 train_acc=0.744 val_loss=0.6740 val_acc=0.705 val_macroF1=0.663 val_cancerRecall=0.661 (13.0s)
  [B-finetune] epoch 4/25 lr=1.0e-05 train_loss=0.6085 train_acc=0.756 val_loss=0.6650 val_acc=0.705 val_macroF1=0.660 val_cancerRecall=0.667 (13.2s)
  [B-finetune] epoch 5/25 lr=1.0e-05 train_loss=0.6248 train_acc=0.744 val_loss=0.6802 val_acc=0.703 val_macroF1=0.660 val_cancerRecall=0.664 (13.2s)
  [B-finetune] epoch 6/25 lr=1.0e-05 train_loss=0.6113 train_acc=0.755 val_loss=0.7095 val_acc=0.693 val_macroF1=0.650 val_cancerRecall=0.652 (13.2s)
  [B-finetune] epoch 7/25 lr=5.0e-06 train_loss=0.6011 train_acc=0.747 val_loss=0.6567 val_acc=0.711 val_macroF1=0.660 val_cancerRecall=0.673 (13.4s)
  [B-finetune] epoch 8/25 lr=5.0e-06 train_loss=0.5857 train_acc=0.769 val_loss=0.6566 val_acc=0.713 val_macroF1=0.665 val_cancerRecall=0.681 (13.2s)
  [B-finetune] epoch 9/25 lr=5.0e-06 train_loss=0.5881 train_acc=0.765 val_loss=0.5477 val_acc=0.751 val_macroF1=0.691 val_cancerRecall=0.749 (13.1s)
  [B-finetune] epoch 10/25 lr=5.0e-06 train_loss=0.5805 train_acc=0.763 val_loss=0.6440 val_acc=0.718 val_macroF1=0.676 val_cancerRecall=0.678 (13.4s)
  [B-finetune] epoch 11/25 lr=5.0e-06 train_loss=0.5837 train_acc=0.762 val_loss=0.6176 val_acc=0.726 val_macroF1=0.679 val_cancerRecall=0.693 (13.3s)
  [B-finetune] epoch 12/25 lr=5.0e-06 train_loss=0.5533 train_acc=0.777 val_loss=0.6377 val_acc=0.720 val_macroF1=0.675 val_cancerRecall=0.681 (13.0s)
  [B-finetune] epoch 13/25 lr=2.5e-06 train_loss=0.5787 train_acc=0.761 val_loss=0.6975 val_acc=0.713 val_macroF1=0.673 val_cancerRecall=0.658 (13.2s)
  [B-finetune] epoch 14/25 lr=2.5e-06 train_loss=0.5604 train_acc=0.776 val_loss=0.5975 val_acc=0.743 val_macroF1=0.693 val_cancerRecall=0.713 (12.9s)
  [B-finetune] epoch 15/25 lr=2.5e-06 train_loss=0.5541 train_acc=0.777 val_loss=0.6018 val_acc=0.747 val_macroF1=0.699 val_cancerRecall=0.716 (13.1s)
  [B-finetune] epoch 16/25 lr=2.5e-06 train_loss=0.5572 train_acc=0.778 val_loss=0.6824 val_acc=0.703 val_macroF1=0.663 val_cancerRecall=0.658 (13.2s)
  [B-finetune] epoch 17/25 lr=2.5e-06 train_loss=0.5642 train_acc=0.766 val_loss=0.6276 val_acc=0.724 val_macroF1=0.678 val_cancerRecall=0.690 (13.5s)
  [B-finetune] epoch 18/25 lr=2.5e-06 train_loss=0.5483 train_acc=0.775 val_loss=0.6622 val_acc=0.711 val_macroF1=0.669 val_cancerRecall=0.670 (13.5s)
  [B-finetune] epoch 19/25 lr=1.3e-06 train_loss=0.5584 train_acc=0.773 val_loss=0.6635 val_acc=0.718 val_macroF1=0.674 val_cancerRecall=0.681 (13.2s)
  [B-finetune] epoch 20/25 lr=1.3e-06 train_loss=0.5422 train_acc=0.782 val_loss=0.6360 val_acc=0.720 val_macroF1=0.677 val_cancerRecall=0.690 (13.3s)
  [B-finetune] epoch 21/25 lr=1.3e-06 train_loss=0.5281 train_acc=0.779 val_loss=0.5840 val_acc=0.738 val_macroF1=0.685 val_cancerRecall=0.719 (13.3s)
  [B-finetune] early stopping at epoch 21 (no val macro-F1 improvement for 6 epochs)
=== efficientnet_b0 fold 4 DONE -- best val macro-F1 = 0.6990 ===

=== resnet50 fold 0 === train=2088 val=524 class_weights=[2.5490000247955322, 0.5090000033378601, 1.5540000200271606]
  [A-head] epoch 1/12 lr=1.0e-03 train_loss=0.8934 train_acc=0.638 val_loss=0.6837 val_acc=0.729 val_macroF1=0.603 val_cancerRecall=0.827 (46.8s)
  [A-head] epoch 2/12 lr=1.0e-03 train_loss=0.7838 train_acc=0.661 val_loss=0.6277 val_acc=0.739 val_macroF1=0.594 val_cancerRecall=0.854 (16.4s)
  [A-head] epoch 3/12 lr=1.0e-03 train_loss=0.7640 train_acc=0.684 val_loss=0.6427 val_acc=0.737 val_macroF1=0.644 val_cancerRecall=0.772 (16.3s)
  [A-head] epoch 4/12 lr=1.0e-03 train_loss=0.7396 train_acc=0.698 val_loss=0.6088 val_acc=0.737 val_macroF1=0.637 val_cancerRecall=0.795 (16.3s)
  [A-head] epoch 5/12 lr=1.0e-03 train_loss=0.7254 train_acc=0.699 val_loss=0.6827 val_acc=0.691 val_macroF1=0.637 val_cancerRecall=0.696 (16.4s)
  [A-head] epoch 6/12 lr=1.0e-03 train_loss=0.7115 train_acc=0.718 val_loss=0.6097 val_acc=0.744 val_macroF1=0.653 val_cancerRecall=0.784 (16.2s)
  [A-head] epoch 7/12 lr=1.0e-03 train_loss=0.6969 train_acc=0.719 val_loss=0.5779 val_acc=0.750 val_macroF1=0.657 val_cancerRecall=0.804 (16.4s)
  [A-head] epoch 8/12 lr=1.0e-03 train_loss=0.6976 train_acc=0.717 val_loss=0.5869 val_acc=0.746 val_macroF1=0.643 val_cancerRecall=0.792 (16.2s)
  [A-head] epoch 9/12 lr=1.0e-03 train_loss=0.6821 train_acc=0.725 val_loss=0.5908 val_acc=0.742 val_macroF1=0.667 val_cancerRecall=0.775 (16.3s)
  [A-head] epoch 10/12 lr=1.0e-03 train_loss=0.6840 train_acc=0.724 val_loss=0.5973 val_acc=0.742 val_macroF1=0.669 val_cancerRecall=0.775 (16.2s)
  [A-head] epoch 11/12 lr=1.0e-03 train_loss=0.6688 train_acc=0.731 val_loss=0.6190 val_acc=0.716 val_macroF1=0.650 val_cancerRecall=0.746 (16.4s)
  [A-head] epoch 12/12 lr=1.0e-03 train_loss=0.6373 train_acc=0.744 val_loss=0.6155 val_acc=0.712 val_macroF1=0.639 val_cancerRecall=0.754 (16.3s)
  [B-finetune] epoch 1/25 lr=1.0e-05 train_loss=0.6577 train_acc=0.743 val_loss=0.6598 val_acc=0.725 val_macroF1=0.678 val_cancerRecall=0.699 (28.2s)
  [B-finetune] epoch 2/25 lr=1.0e-05 train_loss=0.6106 train_acc=0.753 val_loss=0.6136 val_acc=0.729 val_macroF1=0.675 val_cancerRecall=0.722 (27.9s)
  [B-finetune] epoch 3/25 lr=1.0e-05 train_loss=0.5985 train_acc=0.760 val_loss=0.6277 val_acc=0.733 val_macroF1=0.682 val_cancerRecall=0.713 (27.6s)
  [B-finetune] epoch 4/25 lr=1.0e-05 train_loss=0.5746 train_acc=0.761 val_loss=0.5665 val_acc=0.754 val_macroF1=0.691 val_cancerRecall=0.763 (27.6s)
  [B-finetune] epoch 5/25 lr=1.0e-05 train_loss=0.5472 train_acc=0.787 val_loss=0.6325 val_acc=0.712 val_macroF1=0.651 val_cancerRecall=0.731 (27.6s)
  [B-finetune] epoch 6/25 lr=1.0e-05 train_loss=0.5552 train_acc=0.775 val_loss=0.6272 val_acc=0.708 val_macroF1=0.645 val_cancerRecall=0.731 (27.6s)
  [B-finetune] epoch 7/25 lr=1.0e-05 train_loss=0.5063 train_acc=0.796 val_loss=0.5927 val_acc=0.748 val_macroF1=0.694 val_cancerRecall=0.746 (27.6s)
  [B-finetune] epoch 8/25 lr=1.0e-05 train_loss=0.5034 train_acc=0.789 val_loss=0.5587 val_acc=0.765 val_macroF1=0.706 val_cancerRecall=0.772 (27.6s)
  [B-finetune] epoch 9/25 lr=1.0e-05 train_loss=0.4810 train_acc=0.798 val_loss=0.5947 val_acc=0.750 val_macroF1=0.693 val_cancerRecall=0.749 (27.6s)
  [B-finetune] epoch 10/25 lr=1.0e-05 train_loss=0.4483 train_acc=0.820 val_loss=0.5996 val_acc=0.733 val_macroF1=0.673 val_cancerRecall=0.746 (27.6s)
  [B-finetune] epoch 11/25 lr=1.0e-05 train_loss=0.4364 train_acc=0.824 val_loss=0.6182 val_acc=0.740 val_macroF1=0.685 val_cancerRecall=0.743 (27.8s)
  [B-finetune] epoch 12/25 lr=5.0e-06 train_loss=0.4345 train_acc=0.832 val_loss=0.5697 val_acc=0.756 val_macroF1=0.680 val_cancerRecall=0.766 (27.7s)
  [B-finetune] epoch 13/25 lr=5.0e-06 train_loss=0.3997 train_acc=0.839 val_loss=0.5830 val_acc=0.758 val_macroF1=0.693 val_cancerRecall=0.763 (27.5s)
  [B-finetune] epoch 14/25 lr=5.0e-06 train_loss=0.3775 train_acc=0.855 val_loss=0.5320 val_acc=0.771 val_macroF1=0.706 val_cancerRecall=0.784 (27.8s)
  [B-finetune] epoch 15/25 lr=5.0e-06 train_loss=0.3789 train_acc=0.847 val_loss=0.5495 val_acc=0.773 val_macroF1=0.712 val_cancerRecall=0.781 (27.5s)
  [B-finetune] epoch 16/25 lr=5.0e-06 train_loss=0.3820 train_acc=0.843 val_loss=0.5159 val_acc=0.784 val_macroF1=0.710 val_cancerRecall=0.810 (27.7s)
  [B-finetune] epoch 17/25 lr=5.0e-06 train_loss=0.3429 train_acc=0.858 val_loss=0.5964 val_acc=0.767 val_macroF1=0.713 val_cancerRecall=0.763 (27.5s)
  [B-finetune] epoch 18/25 lr=5.0e-06 train_loss=0.3586 train_acc=0.856 val_loss=0.5481 val_acc=0.771 val_macroF1=0.707 val_cancerRecall=0.781 (27.6s)
  [B-finetune] epoch 19/25 lr=5.0e-06 train_loss=0.3456 train_acc=0.861 val_loss=0.5375 val_acc=0.784 val_macroF1=0.715 val_cancerRecall=0.804 (27.6s)
  [B-finetune] epoch 20/25 lr=5.0e-06 train_loss=0.3263 train_acc=0.872 val_loss=0.5484 val_acc=0.782 val_macroF1=0.715 val_cancerRecall=0.801 (27.5s)
  [B-finetune] epoch 21/25 lr=5.0e-06 train_loss=0.3195 train_acc=0.878 val_loss=0.5380 val_acc=0.779 val_macroF1=0.707 val_cancerRecall=0.798 (27.7s)
  [B-finetune] epoch 22/25 lr=5.0e-06 train_loss=0.3001 train_acc=0.887 val_loss=0.5887 val_acc=0.765 val_macroF1=0.700 val_cancerRecall=0.769 (27.5s)
  [B-finetune] epoch 23/25 lr=2.5e-06 train_loss=0.3123 train_acc=0.873 val_loss=0.5513 val_acc=0.773 val_macroF1=0.702 val_cancerRecall=0.789 (27.7s)
  [B-finetune] epoch 24/25 lr=2.5e-06 train_loss=0.3269 train_acc=0.881 val_loss=0.5961 val_acc=0.779 val_macroF1=0.718 val_cancerRecall=0.784 (27.7s)
  [B-finetune] epoch 25/25 lr=2.5e-06 train_loss=0.2949 train_acc=0.891 val_loss=0.5490 val_acc=0.788 val_macroF1=0.721 val_cancerRecall=0.807 (27.6s)
=== resnet50 fold 0 DONE -- best val macro-F1 = 0.7206 ===

=== resnet50 fold 1 === train=2090 val=522 class_weights=[2.552000045776367, 0.5090000033378601, 1.5520000457763672]
  [A-head] epoch 1/12 lr=1.0e-03 train_loss=0.8953 train_acc=0.646 val_loss=0.7263 val_acc=0.672 val_macroF1=0.572 val_cancerRecall=0.718 (75.4s)
  [A-head] epoch 2/12 lr=1.0e-03 train_loss=0.7807 train_acc=0.685 val_loss=0.7002 val_acc=0.692 val_macroF1=0.613 val_cancerRecall=0.718 (16.7s)
  [A-head] epoch 3/12 lr=1.0e-03 train_loss=0.7625 train_acc=0.684 val_loss=0.6408 val_acc=0.715 val_macroF1=0.634 val_cancerRecall=0.768 (16.4s)
  [A-head] epoch 4/12 lr=1.0e-03 train_loss=0.7316 train_acc=0.706 val_loss=0.6470 val_acc=0.716 val_macroF1=0.623 val_cancerRecall=0.751 (45.1s)
  [A-head] epoch 5/12 lr=1.0e-03 train_loss=0.7136 train_acc=0.707 val_loss=0.6522 val_acc=0.728 val_macroF1=0.644 val_cancerRecall=0.739 (20.4s)
  [A-head] epoch 6/12 lr=1.0e-03 train_loss=0.7173 train_acc=0.718 val_loss=0.6879 val_acc=0.703 val_macroF1=0.631 val_cancerRecall=0.698 (16.6s)
  [A-head] epoch 7/12 lr=1.0e-03 train_loss=0.6899 train_acc=0.725 val_loss=0.7029 val_acc=0.680 val_macroF1=0.628 val_cancerRecall=0.660 (17.8s)
  [A-head] epoch 8/12 lr=1.0e-03 train_loss=0.6905 train_acc=0.719 val_loss=0.7033 val_acc=0.688 val_macroF1=0.635 val_cancerRecall=0.666 (43.4s)
  [A-head] epoch 9/12 lr=1.0e-03 train_loss=0.6686 train_acc=0.736 val_loss=0.6881 val_acc=0.705 val_macroF1=0.637 val_cancerRecall=0.686 (38.7s)
  [A-head] epoch 10/12 lr=1.0e-03 train_loss=0.6891 train_acc=0.720 val_loss=0.6228 val_acc=0.711 val_macroF1=0.634 val_cancerRecall=0.739 (74.7s)
  [A-head] epoch 11/12 lr=1.0e-03 train_loss=0.6701 train_acc=0.727 val_loss=0.5965 val_acc=0.749 val_macroF1=0.661 val_cancerRecall=0.780 (24.4s)
  [A-head] epoch 12/12 lr=1.0e-03 train_loss=0.6556 train_acc=0.740 val_loss=0.6340 val_acc=0.722 val_macroF1=0.634 val_cancerRecall=0.727 (16.8s)
  [B-finetune] epoch 1/25 lr=1.0e-05 train_loss=0.6554 train_acc=0.749 val_loss=0.6495 val_acc=0.707 val_macroF1=0.651 val_cancerRecall=0.695 (29.6s)
  [B-finetune] epoch 2/25 lr=1.0e-05 train_loss=0.6117 train_acc=0.751 val_loss=0.7067 val_acc=0.693 val_macroF1=0.648 val_cancerRecall=0.666 (27.7s)
  [B-finetune] epoch 3/25 lr=1.0e-05 train_loss=0.5890 train_acc=0.768 val_loss=0.6668 val_acc=0.703 val_macroF1=0.649 val_cancerRecall=0.683 (27.6s)
  [B-finetune] epoch 4/25 lr=1.0e-05 train_loss=0.5661 train_acc=0.776 val_loss=0.6628 val_acc=0.713 val_macroF1=0.663 val_cancerRecall=0.692 (27.9s)
  [B-finetune] epoch 5/25 lr=1.0e-05 train_loss=0.5543 train_acc=0.773 val_loss=0.6398 val_acc=0.724 val_macroF1=0.668 val_cancerRecall=0.713 (27.9s)
  [B-finetune] epoch 6/25 lr=1.0e-05 train_loss=0.5445 train_acc=0.780 val_loss=0.6403 val_acc=0.724 val_macroF1=0.671 val_cancerRecall=0.698 (27.7s)
  [B-finetune] epoch 7/25 lr=1.0e-05 train_loss=0.5216 train_acc=0.789 val_loss=0.6265 val_acc=0.741 val_macroF1=0.677 val_cancerRecall=0.739 (27.6s)
  [B-finetune] epoch 8/25 lr=1.0e-05 train_loss=0.4970 train_acc=0.810 val_loss=0.6274 val_acc=0.739 val_macroF1=0.680 val_cancerRecall=0.733 (28.0s)
  [B-finetune] epoch 9/25 lr=1.0e-05 train_loss=0.4767 train_acc=0.805 val_loss=0.5641 val_acc=0.759 val_macroF1=0.688 val_cancerRecall=0.762 (27.8s)
  [B-finetune] epoch 10/25 lr=1.0e-05 train_loss=0.4612 train_acc=0.820 val_loss=0.5864 val_acc=0.747 val_macroF1=0.684 val_cancerRecall=0.742 (27.7s)
  [B-finetune] epoch 11/25 lr=1.0e-05 train_loss=0.4535 train_acc=0.813 val_loss=0.5485 val_acc=0.761 val_macroF1=0.695 val_cancerRecall=0.765 (27.7s)
  [B-finetune] epoch 12/25 lr=1.0e-05 train_loss=0.4252 train_acc=0.829 val_loss=0.5697 val_acc=0.759 val_macroF1=0.686 val_cancerRecall=0.760 (27.9s)
  [B-finetune] epoch 13/25 lr=1.0e-05 train_loss=0.4206 train_acc=0.835 val_loss=0.6006 val_acc=0.751 val_macroF1=0.685 val_cancerRecall=0.748 (27.9s)
  [B-finetune] epoch 14/25 lr=1.0e-05 train_loss=0.3921 train_acc=0.849 val_loss=0.6160 val_acc=0.755 val_macroF1=0.698 val_cancerRecall=0.742 (27.9s)
  [B-finetune] epoch 15/25 lr=1.0e-05 train_loss=0.3654 train_acc=0.860 val_loss=0.5710 val_acc=0.768 val_macroF1=0.696 val_cancerRecall=0.771 (27.6s)
  [B-finetune] epoch 16/25 lr=1.0e-05 train_loss=0.3404 train_acc=0.867 val_loss=0.6011 val_acc=0.762 val_macroF1=0.702 val_cancerRecall=0.751 (27.7s)
  [B-finetune] epoch 17/25 lr=1.0e-05 train_loss=0.3494 train_acc=0.867 val_loss=0.5424 val_acc=0.776 val_macroF1=0.714 val_cancerRecall=0.780 (27.6s)
  [B-finetune] epoch 18/25 lr=1.0e-05 train_loss=0.3191 train_acc=0.877 val_loss=0.5975 val_acc=0.747 val_macroF1=0.685 val_cancerRecall=0.745 (27.6s)
  [B-finetune] epoch 19/25 lr=1.0e-05 train_loss=0.3170 train_acc=0.879 val_loss=0.5292 val_acc=0.778 val_macroF1=0.702 val_cancerRecall=0.786 (27.6s)
  [B-finetune] epoch 20/25 lr=1.0e-05 train_loss=0.3120 train_acc=0.883 val_loss=0.5065 val_acc=0.791 val_macroF1=0.715 val_cancerRecall=0.809 (27.7s)
  [B-finetune] epoch 21/25 lr=1.0e-05 train_loss=0.2761 train_acc=0.892 val_loss=0.5506 val_acc=0.766 val_macroF1=0.697 val_cancerRecall=0.783 (27.5s)
  [B-finetune] epoch 22/25 lr=1.0e-05 train_loss=0.2707 train_acc=0.902 val_loss=0.5640 val_acc=0.761 val_macroF1=0.680 val_cancerRecall=0.777 (27.7s)
  [B-finetune] epoch 23/25 lr=1.0e-05 train_loss=0.2404 train_acc=0.911 val_loss=0.5715 val_acc=0.757 val_macroF1=0.691 val_cancerRecall=0.768 (27.5s)
  [B-finetune] epoch 24/25 lr=5.0e-06 train_loss=0.2382 train_acc=0.917 val_loss=0.5696 val_acc=0.761 val_macroF1=0.697 val_cancerRecall=0.757 (27.5s)
  [B-finetune] epoch 25/25 lr=5.0e-06 train_loss=0.2402 train_acc=0.907 val_loss=0.5122 val_acc=0.787 val_macroF1=0.713 val_cancerRecall=0.806 (27.5s)
=== resnet50 fold 1 DONE -- best val macro-F1 = 0.7150 ===

=== resnet50 fold 2 === train=2090 val=522 class_weights=[2.5429999828338623, 0.5099999904632568, 1.5520000457763672]
  [A-head] epoch 1/12 lr=1.0e-03 train_loss=0.8882 train_acc=0.623 val_loss=0.6744 val_acc=0.741 val_macroF1=0.622 val_cancerRecall=0.842 (54.0s)
  [A-head] epoch 2/12 lr=1.0e-03 train_loss=0.7879 train_acc=0.659 val_loss=0.6193 val_acc=0.755 val_macroF1=0.602 val_cancerRecall=0.877 (16.5s)
  [A-head] epoch 3/12 lr=1.0e-03 train_loss=0.7768 train_acc=0.681 val_loss=0.6132 val_acc=0.747 val_macroF1=0.630 val_cancerRecall=0.842 (16.5s)
  [A-head] epoch 4/12 lr=1.0e-03 train_loss=0.7375 train_acc=0.690 val_loss=0.5816 val_acc=0.774 val_macroF1=0.579 val_cancerRecall=0.918 (16.2s)
  [A-head] epoch 5/12 lr=1.0e-03 train_loss=0.7312 train_acc=0.706 val_loss=0.6337 val_acc=0.718 val_macroF1=0.638 val_cancerRecall=0.772 (16.5s)
  [A-head] epoch 6/12 lr=1.0e-03 train_loss=0.7210 train_acc=0.713 val_loss=0.7105 val_acc=0.695 val_macroF1=0.633 val_cancerRecall=0.708 (16.8s)
  [A-head] epoch 7/12 lr=1.0e-03 train_loss=0.6959 train_acc=0.717 val_loss=0.6364 val_acc=0.703 val_macroF1=0.624 val_cancerRecall=0.757 (16.6s)
  [A-head] epoch 8/12 lr=1.0e-03 train_loss=0.7018 train_acc=0.722 val_loss=0.5880 val_acc=0.747 val_macroF1=0.646 val_cancerRecall=0.813 (16.9s)
  [A-head] epoch 9/12 lr=1.0e-03 train_loss=0.6916 train_acc=0.733 val_loss=0.6222 val_acc=0.730 val_macroF1=0.656 val_cancerRecall=0.769 (16.3s)
  [A-head] epoch 10/12 lr=1.0e-03 train_loss=0.6762 train_acc=0.725 val_loss=0.6795 val_acc=0.707 val_macroF1=0.651 val_cancerRecall=0.705 (16.4s)
  [A-head] epoch 11/12 lr=1.0e-03 train_loss=0.6700 train_acc=0.722 val_loss=0.5709 val_acc=0.745 val_macroF1=0.651 val_cancerRecall=0.795 (16.5s)
  [A-head] epoch 12/12 lr=1.0e-03 train_loss=0.6750 train_acc=0.723 val_loss=0.6305 val_acc=0.705 val_macroF1=0.641 val_cancerRecall=0.725 (16.5s)
  [B-finetune] epoch 1/25 lr=1.0e-05 train_loss=0.6595 train_acc=0.746 val_loss=0.6561 val_acc=0.697 val_macroF1=0.635 val_cancerRecall=0.719 (27.7s)
  [B-finetune] epoch 2/25 lr=1.0e-05 train_loss=0.6240 train_acc=0.756 val_loss=0.5758 val_acc=0.736 val_macroF1=0.663 val_cancerRecall=0.766 (27.8s)
  [B-finetune] epoch 3/25 lr=1.0e-05 train_loss=0.6089 train_acc=0.768 val_loss=0.5918 val_acc=0.726 val_macroF1=0.660 val_cancerRecall=0.743 (27.9s)
  [B-finetune] epoch 4/25 lr=1.0e-05 train_loss=0.5770 train_acc=0.774 val_loss=0.5316 val_acc=0.739 val_macroF1=0.661 val_cancerRecall=0.775 (28.0s)
  [B-finetune] epoch 5/25 lr=1.0e-05 train_loss=0.5538 train_acc=0.775 val_loss=0.5377 val_acc=0.753 val_macroF1=0.681 val_cancerRecall=0.778 (27.8s)
  [B-finetune] epoch 6/25 lr=1.0e-05 train_loss=0.5574 train_acc=0.774 val_loss=0.5574 val_acc=0.755 val_macroF1=0.694 val_cancerRecall=0.766 (28.7s)
  [B-finetune] epoch 7/25 lr=1.0e-05 train_loss=0.5360 train_acc=0.780 val_loss=0.5621 val_acc=0.739 val_macroF1=0.681 val_cancerRecall=0.737 (41.5s)
  [B-finetune] epoch 8/25 lr=1.0e-05 train_loss=0.4967 train_acc=0.792 val_loss=0.5192 val_acc=0.759 val_macroF1=0.689 val_cancerRecall=0.766 (27.6s)
  [B-finetune] epoch 9/25 lr=1.0e-05 train_loss=0.5055 train_acc=0.790 val_loss=0.5395 val_acc=0.751 val_macroF1=0.692 val_cancerRecall=0.743 (27.9s)
  [B-finetune] epoch 10/25 lr=5.0e-06 train_loss=0.4771 train_acc=0.806 val_loss=0.5731 val_acc=0.743 val_macroF1=0.688 val_cancerRecall=0.737 (27.8s)
  [B-finetune] epoch 11/25 lr=5.0e-06 train_loss=0.4523 train_acc=0.818 val_loss=0.5205 val_acc=0.772 val_macroF1=0.711 val_cancerRecall=0.775 (27.8s)
  [B-finetune] epoch 12/25 lr=5.0e-06 train_loss=0.4460 train_acc=0.817 val_loss=0.5425 val_acc=0.749 val_macroF1=0.691 val_cancerRecall=0.749 (27.9s)
  [B-finetune] epoch 13/25 lr=5.0e-06 train_loss=0.4489 train_acc=0.821 val_loss=0.4725 val_acc=0.787 val_macroF1=0.707 val_cancerRecall=0.822 (27.9s)
  [B-finetune] epoch 14/25 lr=5.0e-06 train_loss=0.4350 train_acc=0.824 val_loss=0.4730 val_acc=0.785 val_macroF1=0.704 val_cancerRecall=0.816 (27.5s)
  [B-finetune] epoch 15/25 lr=2.5e-06 train_loss=0.4153 train_acc=0.833 val_loss=0.5376 val_acc=0.751 val_macroF1=0.695 val_cancerRecall=0.743 (27.7s)
  [B-finetune] epoch 16/25 lr=2.5e-06 train_loss=0.4029 train_acc=0.839 val_loss=0.5185 val_acc=0.741 val_macroF1=0.677 val_cancerRecall=0.740 (27.8s)
  [B-finetune] epoch 17/25 lr=2.5e-06 train_loss=0.4050 train_acc=0.843 val_loss=0.5312 val_acc=0.762 val_macroF1=0.706 val_cancerRecall=0.760 (28.0s)
  [B-finetune] early stopping at epoch 17 (no val macro-F1 improvement for 6 epochs)
=== resnet50 fold 2 DONE -- best val macro-F1 = 0.7110 ===

=== resnet50 fold 3 === train=2090 val=522 class_weights=[2.5429999828338623, 0.5099999904632568, 1.5520000457763672]
  [A-head] epoch 1/12 lr=1.0e-03 train_loss=0.8860 train_acc=0.620 val_loss=0.7267 val_acc=0.692 val_macroF1=0.606 val_cancerRecall=0.705 (60.4s)
  [A-head] epoch 2/12 lr=1.0e-03 train_loss=0.7862 train_acc=0.664 val_loss=0.6699 val_acc=0.718 val_macroF1=0.638 val_cancerRecall=0.746 (16.5s)
  [A-head] epoch 3/12 lr=1.0e-03 train_loss=0.7547 train_acc=0.686 val_loss=0.7012 val_acc=0.703 val_macroF1=0.628 val_cancerRecall=0.690 (16.2s)
  [A-head] epoch 4/12 lr=1.0e-03 train_loss=0.7305 train_acc=0.692 val_loss=0.6355 val_acc=0.743 val_macroF1=0.664 val_cancerRecall=0.754 (16.3s)
  [A-head] epoch 5/12 lr=1.0e-03 train_loss=0.7307 train_acc=0.693 val_loss=0.6860 val_acc=0.707 val_macroF1=0.643 val_cancerRecall=0.690 (16.2s)
  [A-head] epoch 6/12 lr=1.0e-03 train_loss=0.6978 train_acc=0.711 val_loss=0.6577 val_acc=0.716 val_macroF1=0.659 val_cancerRecall=0.719 (16.5s)
  [A-head] epoch 7/12 lr=1.0e-03 train_loss=0.6967 train_acc=0.708 val_loss=0.6743 val_acc=0.703 val_macroF1=0.651 val_cancerRecall=0.675 (16.6s)
  [A-head] epoch 8/12 lr=1.0e-03 train_loss=0.7217 train_acc=0.711 val_loss=0.6019 val_acc=0.741 val_macroF1=0.664 val_cancerRecall=0.751 (16.2s)
  [A-head] epoch 9/12 lr=1.0e-03 train_loss=0.6910 train_acc=0.723 val_loss=0.6918 val_acc=0.705 val_macroF1=0.661 val_cancerRecall=0.675 (16.4s)
  [A-head] epoch 10/12 lr=1.0e-03 train_loss=0.6884 train_acc=0.706 val_loss=0.6836 val_acc=0.699 val_macroF1=0.660 val_cancerRecall=0.664 (16.2s)
  [A-head] epoch 11/12 lr=1.0e-03 train_loss=0.6780 train_acc=0.724 val_loss=0.6543 val_acc=0.709 val_macroF1=0.660 val_cancerRecall=0.690 (16.4s)
  [A-head] epoch 12/12 lr=1.0e-03 train_loss=0.6656 train_acc=0.727 val_loss=0.6494 val_acc=0.722 val_macroF1=0.671 val_cancerRecall=0.699 (16.3s)
  [B-finetune] epoch 1/25 lr=1.0e-05 train_loss=0.6625 train_acc=0.717 val_loss=0.6282 val_acc=0.734 val_macroF1=0.673 val_cancerRecall=0.725 (27.7s)
  [B-finetune] epoch 2/25 lr=1.0e-05 train_loss=0.6309 train_acc=0.748 val_loss=0.6813 val_acc=0.707 val_macroF1=0.667 val_cancerRecall=0.673 (27.7s)
  [B-finetune] epoch 3/25 lr=1.0e-05 train_loss=0.5919 train_acc=0.759 val_loss=0.6497 val_acc=0.724 val_macroF1=0.680 val_cancerRecall=0.690 (27.6s)
  [B-finetune] epoch 4/25 lr=1.0e-05 train_loss=0.5910 train_acc=0.753 val_loss=0.6374 val_acc=0.716 val_macroF1=0.676 val_cancerRecall=0.681 (27.8s)
  [B-finetune] epoch 5/25 lr=1.0e-05 train_loss=0.5664 train_acc=0.768 val_loss=0.5754 val_acc=0.730 val_macroF1=0.666 val_cancerRecall=0.713 (27.7s)
  [B-finetune] epoch 6/25 lr=1.0e-05 train_loss=0.5334 train_acc=0.776 val_loss=0.6317 val_acc=0.718 val_macroF1=0.670 val_cancerRecall=0.690 (27.6s)
  [B-finetune] epoch 7/25 lr=5.0e-06 train_loss=0.5201 train_acc=0.785 val_loss=0.6751 val_acc=0.715 val_macroF1=0.670 val_cancerRecall=0.678 (27.6s)
  [B-finetune] epoch 8/25 lr=5.0e-06 train_loss=0.4971 train_acc=0.793 val_loss=0.6152 val_acc=0.736 val_macroF1=0.689 val_cancerRecall=0.708 (27.6s)
  [B-finetune] epoch 9/25 lr=5.0e-06 train_loss=0.4853 train_acc=0.800 val_loss=0.6284 val_acc=0.726 val_macroF1=0.673 val_cancerRecall=0.702 (27.5s)
  [B-finetune] epoch 10/25 lr=5.0e-06 train_loss=0.4790 train_acc=0.807 val_loss=0.6541 val_acc=0.734 val_macroF1=0.691 val_cancerRecall=0.699 (27.5s)
  [B-finetune] epoch 11/25 lr=5.0e-06 train_loss=0.4739 train_acc=0.804 val_loss=0.6256 val_acc=0.743 val_macroF1=0.697 val_cancerRecall=0.713 (27.7s)
  [B-finetune] epoch 12/25 lr=5.0e-06 train_loss=0.4522 train_acc=0.808 val_loss=0.6436 val_acc=0.741 val_macroF1=0.697 val_cancerRecall=0.708 (27.6s)
  [B-finetune] epoch 13/25 lr=5.0e-06 train_loss=0.4614 train_acc=0.804 val_loss=0.6978 val_acc=0.713 val_macroF1=0.673 val_cancerRecall=0.675 (27.6s)
  [B-finetune] epoch 14/25 lr=5.0e-06 train_loss=0.4448 train_acc=0.813 val_loss=0.6235 val_acc=0.739 val_macroF1=0.693 val_cancerRecall=0.711 (27.6s)
  [B-finetune] epoch 15/25 lr=2.5e-06 train_loss=0.4272 train_acc=0.817 val_loss=0.6617 val_acc=0.730 val_macroF1=0.684 val_cancerRecall=0.696 (27.5s)
  [B-finetune] epoch 16/25 lr=2.5e-06 train_loss=0.4248 train_acc=0.817 val_loss=0.6375 val_acc=0.747 val_macroF1=0.702 val_cancerRecall=0.716 (27.5s)
  [B-finetune] epoch 17/25 lr=2.5e-06 train_loss=0.4004 train_acc=0.832 val_loss=0.5908 val_acc=0.747 val_macroF1=0.698 val_cancerRecall=0.725 (27.6s)
  [B-finetune] epoch 18/25 lr=2.5e-06 train_loss=0.4112 train_acc=0.832 val_loss=0.5905 val_acc=0.739 val_macroF1=0.689 val_cancerRecall=0.716 (27.7s)
  [B-finetune] epoch 19/25 lr=2.5e-06 train_loss=0.4012 train_acc=0.838 val_loss=0.6099 val_acc=0.739 val_macroF1=0.692 val_cancerRecall=0.713 (27.6s)
  [B-finetune] epoch 20/25 lr=1.3e-06 train_loss=0.4045 train_acc=0.836 val_loss=0.6400 val_acc=0.747 val_macroF1=0.701 val_cancerRecall=0.719 (27.5s)
  [B-finetune] epoch 21/25 lr=1.3e-06 train_loss=0.3981 train_acc=0.835 val_loss=0.5945 val_acc=0.743 val_macroF1=0.692 val_cancerRecall=0.722 (27.5s)
  [B-finetune] epoch 22/25 lr=1.3e-06 train_loss=0.3947 train_acc=0.837 val_loss=0.6727 val_acc=0.734 val_macroF1=0.694 val_cancerRecall=0.696 (27.5s)
  [B-finetune] early stopping at epoch 22 (no val macro-F1 improvement for 6 epochs)
=== resnet50 fold 3 DONE -- best val macro-F1 = 0.7018 ===

=== resnet50 fold 4 === train=2090 val=522 class_weights=[2.5429999828338623, 0.5099999904632568, 1.5520000457763672]
  [A-head] epoch 1/12 lr=1.0e-03 train_loss=0.9039 train_acc=0.615 val_loss=0.6729 val_acc=0.745 val_macroF1=0.623 val_cancerRecall=0.795 (64.7s)
  [A-head] epoch 2/12 lr=1.0e-03 train_loss=0.7938 train_acc=0.651 val_loss=0.5915 val_acc=0.772 val_macroF1=0.640 val_cancerRecall=0.883 (16.4s)
  [A-head] epoch 3/12 lr=1.0e-03 train_loss=0.7653 train_acc=0.682 val_loss=0.6159 val_acc=0.762 val_macroF1=0.656 val_cancerRecall=0.804 (16.3s)
  [A-head] epoch 4/12 lr=1.0e-03 train_loss=0.7550 train_acc=0.666 val_loss=0.5821 val_acc=0.753 val_macroF1=0.654 val_cancerRecall=0.842 (16.4s)
  [A-head] epoch 5/12 lr=1.0e-03 train_loss=0.7316 train_acc=0.699 val_loss=0.5941 val_acc=0.768 val_macroF1=0.662 val_cancerRecall=0.801 (16.4s)
  [A-head] epoch 6/12 lr=1.0e-03 train_loss=0.7137 train_acc=0.701 val_loss=0.5436 val_acc=0.782 val_macroF1=0.672 val_cancerRecall=0.848 (16.6s)
  [A-head] epoch 7/12 lr=1.0e-03 train_loss=0.7130 train_acc=0.702 val_loss=0.6307 val_acc=0.745 val_macroF1=0.684 val_cancerRecall=0.731 (16.4s)
  [A-head] epoch 8/12 lr=1.0e-03 train_loss=0.6989 train_acc=0.706 val_loss=0.6239 val_acc=0.738 val_macroF1=0.661 val_cancerRecall=0.740 (16.4s)
  [A-head] epoch 9/12 lr=1.0e-03 train_loss=0.6977 train_acc=0.705 val_loss=0.6191 val_acc=0.741 val_macroF1=0.682 val_cancerRecall=0.731 (16.3s)
  [A-head] epoch 10/12 lr=1.0e-03 train_loss=0.6737 train_acc=0.710 val_loss=0.6357 val_acc=0.718 val_macroF1=0.664 val_cancerRecall=0.711 (16.3s)
  [A-head] epoch 11/12 lr=1.0e-03 train_loss=0.6816 train_acc=0.721 val_loss=0.5925 val_acc=0.747 val_macroF1=0.678 val_cancerRecall=0.743 (16.3s)
  [A-head] epoch 12/12 lr=1.0e-03 train_loss=0.6605 train_acc=0.741 val_loss=0.6615 val_acc=0.699 val_macroF1=0.648 val_cancerRecall=0.687 (16.3s)
  [B-finetune] epoch 1/25 lr=1.0e-05 train_loss=0.6565 train_acc=0.725 val_loss=0.6235 val_acc=0.722 val_macroF1=0.665 val_cancerRecall=0.711 (27.6s)
  [B-finetune] epoch 2/25 lr=1.0e-05 train_loss=0.6302 train_acc=0.740 val_loss=0.5811 val_acc=0.734 val_macroF1=0.665 val_cancerRecall=0.751 (28.9s)
  [B-finetune] epoch 3/25 lr=1.0e-05 train_loss=0.6070 train_acc=0.740 val_loss=0.5849 val_acc=0.751 val_macroF1=0.688 val_cancerRecall=0.740 (27.6s)
  [B-finetune] epoch 4/25 lr=1.0e-05 train_loss=0.5947 train_acc=0.750 val_loss=0.5709 val_acc=0.751 val_macroF1=0.683 val_cancerRecall=0.743 (27.6s)
  [B-finetune] epoch 5/25 lr=1.0e-05 train_loss=0.5658 train_acc=0.775 val_loss=0.5383 val_acc=0.753 val_macroF1=0.678 val_cancerRecall=0.754 (27.7s)
  [B-finetune] epoch 6/25 lr=1.0e-05 train_loss=0.5469 train_acc=0.777 val_loss=0.5510 val_acc=0.764 val_macroF1=0.703 val_cancerRecall=0.766 (27.5s)
  [B-finetune] epoch 7/25 lr=1.0e-05 train_loss=0.5337 train_acc=0.781 val_loss=0.5586 val_acc=0.745 val_macroF1=0.689 val_cancerRecall=0.719 (27.7s)
  [B-finetune] epoch 8/25 lr=1.0e-05 train_loss=0.5121 train_acc=0.786 val_loss=0.5764 val_acc=0.751 val_macroF1=0.692 val_cancerRecall=0.728 (27.6s)
  [B-finetune] epoch 9/25 lr=1.0e-05 train_loss=0.4972 train_acc=0.802 val_loss=0.5592 val_acc=0.762 val_macroF1=0.704 val_cancerRecall=0.749 (27.6s)
  [B-finetune] epoch 10/25 lr=1.0e-05 train_loss=0.4771 train_acc=0.804 val_loss=0.5559 val_acc=0.764 val_macroF1=0.705 val_cancerRecall=0.754 (27.7s)
  [B-finetune] epoch 11/25 lr=1.0e-05 train_loss=0.4596 train_acc=0.803 val_loss=0.5450 val_acc=0.768 val_macroF1=0.707 val_cancerRecall=0.754 (27.8s)
  [B-finetune] epoch 12/25 lr=1.0e-05 train_loss=0.4447 train_acc=0.825 val_loss=0.6239 val_acc=0.745 val_macroF1=0.693 val_cancerRecall=0.731 (27.7s)
  [B-finetune] epoch 13/25 lr=1.0e-05 train_loss=0.4197 train_acc=0.837 val_loss=0.5103 val_acc=0.780 val_macroF1=0.712 val_cancerRecall=0.784 (27.6s)
  [B-finetune] epoch 14/25 lr=1.0e-05 train_loss=0.4123 train_acc=0.841 val_loss=0.6018 val_acc=0.759 val_macroF1=0.705 val_cancerRecall=0.734 (27.6s)
  [B-finetune] epoch 15/25 lr=1.0e-05 train_loss=0.3842 train_acc=0.844 val_loss=0.5405 val_acc=0.778 val_macroF1=0.710 val_cancerRecall=0.781 (27.6s)
  [B-finetune] epoch 16/25 lr=1.0e-05 train_loss=0.3643 train_acc=0.853 val_loss=0.5002 val_acc=0.799 val_macroF1=0.725 val_cancerRecall=0.813 (27.9s)
  [B-finetune] epoch 17/25 lr=1.0e-05 train_loss=0.3409 train_acc=0.861 val_loss=0.5454 val_acc=0.782 val_macroF1=0.724 val_cancerRecall=0.772 (27.6s)
  [B-finetune] epoch 18/25 lr=1.0e-05 train_loss=0.3477 train_acc=0.866 val_loss=0.4889 val_acc=0.816 val_macroF1=0.748 val_cancerRecall=0.833 (27.6s)
  [B-finetune] epoch 19/25 lr=1.0e-05 train_loss=0.3082 train_acc=0.884 val_loss=0.5000 val_acc=0.810 val_macroF1=0.748 val_cancerRecall=0.819 (27.9s)
  [B-finetune] epoch 20/25 lr=1.0e-05 train_loss=0.3020 train_acc=0.879 val_loss=0.5134 val_acc=0.812 val_macroF1=0.735 val_cancerRecall=0.839 (28.2s)
  [B-finetune] epoch 21/25 lr=1.0e-05 train_loss=0.2777 train_acc=0.898 val_loss=0.5777 val_acc=0.787 val_macroF1=0.731 val_cancerRecall=0.781 (72.4s)
  [B-finetune] epoch 22/25 lr=5.0e-06 train_loss=0.2607 train_acc=0.908 val_loss=0.5783 val_acc=0.784 val_macroF1=0.727 val_cancerRecall=0.775 (50.7s)
  [B-finetune] epoch 23/25 lr=5.0e-06 train_loss=0.2497 train_acc=0.914 val_loss=0.5765 val_acc=0.780 val_macroF1=0.719 val_cancerRecall=0.775 (33.5s)
  [B-finetune] epoch 24/25 lr=5.0e-06 train_loss=0.2480 train_acc=0.908 val_loss=0.5614 val_acc=0.795 val_macroF1=0.727 val_cancerRecall=0.804 (27.7s)
  [B-finetune] early stopping at epoch 24 (no val macro-F1 improvement for 6 epochs)
=== resnet50 fold 4 DONE -- best val macro-F1 = 0.7483 ===

=== ALL FOLDS DONE ===
  efficientnet_b0_fold0: best val macro-F1 = 0.6776
  efficientnet_b0_fold1: best val macro-F1 = 0.6628
  efficientnet_b0_fold2: best val macro-F1 = 0.6928
  efficientnet_b0_fold3: best val macro-F1 = 0.6561
  efficientnet_b0_fold4: best val macro-F1 = 0.6990
  resnet50_fold0: best val macro-F1 = 0.7206
  resnet50_fold1: best val macro-F1 = 0.7150
  resnet50_fold2: best val macro-F1 = 0.7110
  resnet50_fold3: best val macro-F1 = 0.7018
  resnet50_fold4: best val macro-F1 = 0.7483
=== SELESAI: tiga varian augmentasi lengkap ===
