Device: cuda

=== efficientnet_b0 fold 0 === train=1930 val=483 class_weights=[2.365000009536743, 0.5230000019073486, 1.5]
  [A-head] epoch 1/12 lr=1.0e-03 train_loss=0.8392 train_acc=0.656 val_loss=0.5981 val_acc=0.735 val_macroF1=0.652 val_cancerRecall=0.802 (27.0s)
  [A-head] epoch 2/12 lr=1.0e-03 train_loss=0.7109 train_acc=0.692 val_loss=0.5642 val_acc=0.752 val_macroF1=0.692 val_cancerRecall=0.750 (18.5s)
  [A-head] epoch 3/12 lr=1.0e-03 train_loss=0.7136 train_acc=0.700 val_loss=0.5709 val_acc=0.752 val_macroF1=0.699 val_cancerRecall=0.724 (18.1s)
  [A-head] epoch 4/12 lr=1.0e-03 train_loss=0.6944 train_acc=0.703 val_loss=0.6013 val_acc=0.731 val_macroF1=0.684 val_cancerRecall=0.698 (18.1s)
  [A-head] epoch 5/12 lr=1.0e-03 train_loss=0.6771 train_acc=0.706 val_loss=0.5574 val_acc=0.745 val_macroF1=0.693 val_cancerRecall=0.701 (18.0s)
  [A-head] epoch 6/12 lr=1.0e-03 train_loss=0.6509 train_acc=0.725 val_loss=0.5572 val_acc=0.735 val_macroF1=0.686 val_cancerRecall=0.714 (18.2s)
  [A-head] epoch 7/12 lr=1.0e-03 train_loss=0.6542 train_acc=0.718 val_loss=0.5333 val_acc=0.749 val_macroF1=0.697 val_cancerRecall=0.721 (18.2s)
  [A-head] epoch 8/12 lr=1.0e-03 train_loss=0.6563 train_acc=0.721 val_loss=0.5656 val_acc=0.739 val_macroF1=0.688 val_cancerRecall=0.701 (18.0s)
  [A-head] epoch 9/12 lr=1.0e-03 train_loss=0.6351 train_acc=0.724 val_loss=0.5037 val_acc=0.766 val_macroF1=0.698 val_cancerRecall=0.766 (18.0s)
  [A-head] early stopping at epoch 9 (no val macro-F1 improvement for 6 epochs)
  [B-finetune] epoch 1/25 lr=1.0e-05 train_loss=0.6248 train_acc=0.735 val_loss=0.4954 val_acc=0.764 val_macroF1=0.701 val_cancerRecall=0.756 (21.3s)
  [B-finetune] epoch 2/25 lr=1.0e-05 train_loss=0.6131 train_acc=0.732 val_loss=0.5050 val_acc=0.749 val_macroF1=0.685 val_cancerRecall=0.737 (18.1s)
  [B-finetune] epoch 3/25 lr=1.0e-05 train_loss=0.6091 train_acc=0.733 val_loss=0.5090 val_acc=0.756 val_macroF1=0.696 val_cancerRecall=0.731 (18.0s)
  [B-finetune] epoch 4/25 lr=1.0e-05 train_loss=0.5883 train_acc=0.744 val_loss=0.4818 val_acc=0.764 val_macroF1=0.700 val_cancerRecall=0.744 (18.0s)
  [B-finetune] epoch 5/25 lr=5.0e-06 train_loss=0.6059 train_acc=0.735 val_loss=0.4753 val_acc=0.760 val_macroF1=0.693 val_cancerRecall=0.753 (18.0s)
  [B-finetune] epoch 6/25 lr=5.0e-06 train_loss=0.5978 train_acc=0.743 val_loss=0.4823 val_acc=0.766 val_macroF1=0.707 val_cancerRecall=0.740 (18.1s)
  [B-finetune] epoch 7/25 lr=5.0e-06 train_loss=0.5962 train_acc=0.735 val_loss=0.4648 val_acc=0.774 val_macroF1=0.710 val_cancerRecall=0.769 (18.1s)
  [B-finetune] epoch 8/25 lr=5.0e-06 train_loss=0.5579 train_acc=0.744 val_loss=0.4801 val_acc=0.760 val_macroF1=0.700 val_cancerRecall=0.734 (18.0s)
  [B-finetune] epoch 9/25 lr=5.0e-06 train_loss=0.5610 train_acc=0.749 val_loss=0.4685 val_acc=0.768 val_macroF1=0.702 val_cancerRecall=0.753 (18.1s)
  [B-finetune] epoch 10/25 lr=5.0e-06 train_loss=0.5835 train_acc=0.749 val_loss=0.4991 val_acc=0.752 val_macroF1=0.693 val_cancerRecall=0.721 (18.2s)
  [B-finetune] epoch 11/25 lr=2.5e-06 train_loss=0.5544 train_acc=0.753 val_loss=0.4830 val_acc=0.762 val_macroF1=0.706 val_cancerRecall=0.731 (18.1s)
  [B-finetune] epoch 12/25 lr=2.5e-06 train_loss=0.5669 train_acc=0.741 val_loss=0.4631 val_acc=0.764 val_macroF1=0.695 val_cancerRecall=0.753 (18.2s)
  [B-finetune] epoch 13/25 lr=2.5e-06 train_loss=0.5746 train_acc=0.741 val_loss=0.4897 val_acc=0.762 val_macroF1=0.708 val_cancerRecall=0.727 (18.3s)
  [B-finetune] early stopping at epoch 13 (no val macro-F1 improvement for 6 epochs)
=== efficientnet_b0 fold 0 DONE -- best val macro-F1 = 0.7102 ===

=== efficientnet_b0 fold 1 === train=1931 val=482 class_weights=[2.365999937057495, 0.5230000019073486, 1.5]
  [A-head] epoch 1/12 lr=1.0e-03 train_loss=0.8270 train_acc=0.662 val_loss=0.7292 val_acc=0.695 val_macroF1=0.614 val_cancerRecall=0.749 (18.2s)
  [A-head] epoch 2/12 lr=1.0e-03 train_loss=0.7121 train_acc=0.693 val_loss=0.7355 val_acc=0.674 val_macroF1=0.626 val_cancerRecall=0.638 (18.0s)
  [A-head] epoch 3/12 lr=1.0e-03 train_loss=0.6688 train_acc=0.715 val_loss=0.6708 val_acc=0.724 val_macroF1=0.651 val_cancerRecall=0.730 (18.0s)
  [A-head] epoch 4/12 lr=1.0e-03 train_loss=0.6876 train_acc=0.713 val_loss=0.6642 val_acc=0.726 val_macroF1=0.659 val_cancerRecall=0.723 (18.0s)
  [A-head] epoch 5/12 lr=1.0e-03 train_loss=0.6609 train_acc=0.729 val_loss=0.6813 val_acc=0.699 val_macroF1=0.644 val_cancerRecall=0.681 (18.0s)
  [A-head] epoch 6/12 lr=1.0e-03 train_loss=0.6597 train_acc=0.722 val_loss=0.6736 val_acc=0.697 val_macroF1=0.634 val_cancerRecall=0.687 (18.1s)
  [A-head] epoch 7/12 lr=1.0e-03 train_loss=0.6355 train_acc=0.734 val_loss=0.6755 val_acc=0.685 val_macroF1=0.631 val_cancerRecall=0.645 (18.0s)
  [A-head] epoch 8/12 lr=1.0e-03 train_loss=0.6424 train_acc=0.718 val_loss=0.6343 val_acc=0.739 val_macroF1=0.672 val_cancerRecall=0.743 (18.1s)
  [A-head] epoch 9/12 lr=1.0e-03 train_loss=0.6488 train_acc=0.720 val_loss=0.6730 val_acc=0.691 val_macroF1=0.646 val_cancerRecall=0.648 (18.1s)
  [A-head] epoch 10/12 lr=1.0e-03 train_loss=0.6196 train_acc=0.743 val_loss=0.6073 val_acc=0.726 val_macroF1=0.659 val_cancerRecall=0.726 (18.1s)
  [A-head] epoch 11/12 lr=1.0e-03 train_loss=0.6157 train_acc=0.741 val_loss=0.6352 val_acc=0.718 val_macroF1=0.664 val_cancerRecall=0.687 (18.1s)
  [A-head] epoch 12/12 lr=1.0e-03 train_loss=0.6049 train_acc=0.740 val_loss=0.6195 val_acc=0.720 val_macroF1=0.662 val_cancerRecall=0.704 (18.1s)
  [B-finetune] epoch 1/25 lr=1.0e-05 train_loss=0.5924 train_acc=0.750 val_loss=0.6101 val_acc=0.722 val_macroF1=0.666 val_cancerRecall=0.700 (18.1s)
  [B-finetune] epoch 2/25 lr=1.0e-05 train_loss=0.5953 train_acc=0.745 val_loss=0.6030 val_acc=0.720 val_macroF1=0.668 val_cancerRecall=0.687 (18.2s)
  [B-finetune] epoch 3/25 lr=1.0e-05 train_loss=0.5964 train_acc=0.748 val_loss=0.6147 val_acc=0.720 val_macroF1=0.670 val_cancerRecall=0.681 (18.1s)
  [B-finetune] epoch 4/25 lr=1.0e-05 train_loss=0.5724 train_acc=0.762 val_loss=0.6153 val_acc=0.718 val_macroF1=0.665 val_cancerRecall=0.684 (18.1s)
  [B-finetune] epoch 5/25 lr=1.0e-05 train_loss=0.5750 train_acc=0.747 val_loss=0.6368 val_acc=0.687 val_macroF1=0.643 val_cancerRecall=0.625 (18.1s)
  [B-finetune] epoch 6/25 lr=1.0e-05 train_loss=0.5705 train_acc=0.748 val_loss=0.6097 val_acc=0.710 val_macroF1=0.661 val_cancerRecall=0.664 (18.1s)
  [B-finetune] epoch 7/25 lr=5.0e-06 train_loss=0.5397 train_acc=0.763 val_loss=0.5910 val_acc=0.716 val_macroF1=0.668 val_cancerRecall=0.668 (18.1s)
  [B-finetune] epoch 8/25 lr=5.0e-06 train_loss=0.5575 train_acc=0.760 val_loss=0.5864 val_acc=0.730 val_macroF1=0.677 val_cancerRecall=0.694 (18.1s)
  [B-finetune] epoch 9/25 lr=5.0e-06 train_loss=0.5342 train_acc=0.774 val_loss=0.5819 val_acc=0.730 val_macroF1=0.676 val_cancerRecall=0.694 (18.1s)
  [B-finetune] epoch 10/25 lr=5.0e-06 train_loss=0.5447 train_acc=0.763 val_loss=0.6306 val_acc=0.699 val_macroF1=0.653 val_cancerRecall=0.635 (18.2s)
  [B-finetune] epoch 11/25 lr=5.0e-06 train_loss=0.5388 train_acc=0.760 val_loss=0.5939 val_acc=0.726 val_macroF1=0.679 val_cancerRecall=0.671 (18.0s)
  [B-finetune] epoch 12/25 lr=5.0e-06 train_loss=0.5579 train_acc=0.749 val_loss=0.5833 val_acc=0.732 val_macroF1=0.684 val_cancerRecall=0.684 (18.1s)
  [B-finetune] epoch 13/25 lr=5.0e-06 train_loss=0.5385 train_acc=0.767 val_loss=0.5817 val_acc=0.722 val_macroF1=0.677 val_cancerRecall=0.664 (18.0s)
  [B-finetune] epoch 14/25 lr=5.0e-06 train_loss=0.5360 train_acc=0.766 val_loss=0.5760 val_acc=0.743 val_macroF1=0.694 val_cancerRecall=0.697 (17.9s)
  [B-finetune] epoch 15/25 lr=5.0e-06 train_loss=0.5457 train_acc=0.773 val_loss=0.5976 val_acc=0.728 val_macroF1=0.684 val_cancerRecall=0.668 (18.1s)
  [B-finetune] epoch 16/25 lr=5.0e-06 train_loss=0.5190 train_acc=0.769 val_loss=0.6103 val_acc=0.724 val_macroF1=0.679 val_cancerRecall=0.664 (18.1s)
  [B-finetune] epoch 17/25 lr=5.0e-06 train_loss=0.5288 train_acc=0.765 val_loss=0.5883 val_acc=0.741 val_macroF1=0.691 val_cancerRecall=0.694 (18.2s)
  [B-finetune] epoch 18/25 lr=2.5e-06 train_loss=0.5193 train_acc=0.767 val_loss=0.5815 val_acc=0.739 val_macroF1=0.684 val_cancerRecall=0.700 (18.2s)
  [B-finetune] epoch 19/25 lr=2.5e-06 train_loss=0.5336 train_acc=0.763 val_loss=0.5770 val_acc=0.745 val_macroF1=0.692 val_cancerRecall=0.704 (18.1s)
  [B-finetune] epoch 20/25 lr=2.5e-06 train_loss=0.5191 train_acc=0.767 val_loss=0.5652 val_acc=0.745 val_macroF1=0.697 val_cancerRecall=0.697 (18.0s)
  [B-finetune] epoch 21/25 lr=2.5e-06 train_loss=0.5150 train_acc=0.776 val_loss=0.5657 val_acc=0.745 val_macroF1=0.687 val_cancerRecall=0.713 (18.0s)
  [B-finetune] epoch 22/25 lr=2.5e-06 train_loss=0.5333 train_acc=0.783 val_loss=0.5839 val_acc=0.734 val_macroF1=0.688 val_cancerRecall=0.681 (18.0s)
  [B-finetune] epoch 23/25 lr=2.5e-06 train_loss=0.5022 train_acc=0.775 val_loss=0.5662 val_acc=0.741 val_macroF1=0.694 val_cancerRecall=0.691 (18.1s)
  [B-finetune] epoch 24/25 lr=2.5e-06 train_loss=0.5263 train_acc=0.766 val_loss=0.5640 val_acc=0.747 val_macroF1=0.699 val_cancerRecall=0.700 (18.1s)
  [B-finetune] epoch 25/25 lr=2.5e-06 train_loss=0.5071 train_acc=0.775 val_loss=0.5803 val_acc=0.728 val_macroF1=0.687 val_cancerRecall=0.668 (18.2s)
=== efficientnet_b0 fold 1 DONE -- best val macro-F1 = 0.6988 ===

=== efficientnet_b0 fold 2 === train=1930 val=483 class_weights=[2.365000009536743, 0.5230000019073486, 1.503000020980835]
  [A-head] epoch 1/12 lr=1.0e-03 train_loss=0.8469 train_acc=0.635 val_loss=0.7777 val_acc=0.679 val_macroF1=0.636 val_cancerRecall=0.651 (18.2s)
  [A-head] epoch 2/12 lr=1.0e-03 train_loss=0.7175 train_acc=0.708 val_loss=0.8101 val_acc=0.667 val_macroF1=0.629 val_cancerRecall=0.616 (18.1s)
  [A-head] epoch 3/12 lr=1.0e-03 train_loss=0.6717 train_acc=0.704 val_loss=0.7266 val_acc=0.683 val_macroF1=0.637 val_cancerRecall=0.655 (18.1s)
  [A-head] epoch 4/12 lr=1.0e-03 train_loss=0.6565 train_acc=0.719 val_loss=0.6859 val_acc=0.704 val_macroF1=0.635 val_cancerRecall=0.697 (18.0s)
  [A-head] epoch 5/12 lr=1.0e-03 train_loss=0.6606 train_acc=0.719 val_loss=0.7432 val_acc=0.683 val_macroF1=0.643 val_cancerRecall=0.629 (18.0s)
  [A-head] epoch 6/12 lr=1.0e-03 train_loss=0.6365 train_acc=0.727 val_loss=0.7064 val_acc=0.704 val_macroF1=0.660 val_cancerRecall=0.668 (18.1s)
  [A-head] epoch 7/12 lr=1.0e-03 train_loss=0.6358 train_acc=0.727 val_loss=0.6758 val_acc=0.718 val_macroF1=0.654 val_cancerRecall=0.723 (18.1s)
  [A-head] epoch 8/12 lr=1.0e-03 train_loss=0.6375 train_acc=0.735 val_loss=0.7129 val_acc=0.704 val_macroF1=0.657 val_cancerRecall=0.678 (18.1s)
  [A-head] epoch 9/12 lr=1.0e-03 train_loss=0.6413 train_acc=0.737 val_loss=0.6750 val_acc=0.718 val_macroF1=0.671 val_cancerRecall=0.681 (18.0s)
  [A-head] epoch 10/12 lr=1.0e-03 train_loss=0.6133 train_acc=0.733 val_loss=0.6898 val_acc=0.710 val_macroF1=0.663 val_cancerRecall=0.681 (18.1s)
  [A-head] epoch 11/12 lr=1.0e-03 train_loss=0.6127 train_acc=0.737 val_loss=0.6825 val_acc=0.716 val_macroF1=0.668 val_cancerRecall=0.687 (18.1s)
  [A-head] epoch 12/12 lr=1.0e-03 train_loss=0.6144 train_acc=0.730 val_loss=0.6589 val_acc=0.712 val_macroF1=0.646 val_cancerRecall=0.700 (18.0s)
  [B-finetune] epoch 1/25 lr=1.0e-05 train_loss=0.6197 train_acc=0.754 val_loss=0.6595 val_acc=0.725 val_macroF1=0.674 val_cancerRecall=0.694 (18.2s)
  [B-finetune] epoch 2/25 lr=1.0e-05 train_loss=0.5733 train_acc=0.755 val_loss=0.6565 val_acc=0.716 val_macroF1=0.667 val_cancerRecall=0.684 (18.1s)
  [B-finetune] epoch 3/25 lr=1.0e-05 train_loss=0.5904 train_acc=0.750 val_loss=0.6451 val_acc=0.712 val_macroF1=0.655 val_cancerRecall=0.700 (18.2s)
  [B-finetune] epoch 4/25 lr=1.0e-05 train_loss=0.5697 train_acc=0.753 val_loss=0.6462 val_acc=0.723 val_macroF1=0.672 val_cancerRecall=0.697 (18.1s)
  [B-finetune] epoch 5/25 lr=1.0e-05 train_loss=0.5578 train_acc=0.754 val_loss=0.6559 val_acc=0.729 val_macroF1=0.686 val_cancerRecall=0.681 (18.1s)
  [B-finetune] epoch 6/25 lr=1.0e-05 train_loss=0.5531 train_acc=0.759 val_loss=0.6309 val_acc=0.727 val_macroF1=0.680 val_cancerRecall=0.687 (18.1s)
  [B-finetune] epoch 7/25 lr=1.0e-05 train_loss=0.5582 train_acc=0.759 val_loss=0.6454 val_acc=0.727 val_macroF1=0.681 val_cancerRecall=0.687 (18.0s)
  [B-finetune] epoch 8/25 lr=1.0e-05 train_loss=0.5465 train_acc=0.756 val_loss=0.6395 val_acc=0.735 val_macroF1=0.690 val_cancerRecall=0.691 (18.0s)
  [B-finetune] epoch 9/25 lr=1.0e-05 train_loss=0.5383 train_acc=0.773 val_loss=0.6446 val_acc=0.733 val_macroF1=0.693 val_cancerRecall=0.684 (18.0s)
  [B-finetune] epoch 10/25 lr=1.0e-05 train_loss=0.5432 train_acc=0.763 val_loss=0.6184 val_acc=0.733 val_macroF1=0.687 val_cancerRecall=0.697 (18.1s)
  [B-finetune] epoch 11/25 lr=1.0e-05 train_loss=0.5236 train_acc=0.763 val_loss=0.6180 val_acc=0.735 val_macroF1=0.690 val_cancerRecall=0.697 (18.1s)
  [B-finetune] epoch 12/25 lr=1.0e-05 train_loss=0.5297 train_acc=0.772 val_loss=0.6390 val_acc=0.729 val_macroF1=0.689 val_cancerRecall=0.674 (18.0s)
  [B-finetune] epoch 13/25 lr=1.0e-05 train_loss=0.5279 train_acc=0.752 val_loss=0.6216 val_acc=0.737 val_macroF1=0.696 val_cancerRecall=0.687 (18.1s)
  [B-finetune] epoch 14/25 lr=1.0e-05 train_loss=0.5012 train_acc=0.788 val_loss=0.6202 val_acc=0.731 val_macroF1=0.687 val_cancerRecall=0.684 (18.1s)
  [B-finetune] epoch 15/25 lr=1.0e-05 train_loss=0.5167 train_acc=0.772 val_loss=0.5995 val_acc=0.733 val_macroF1=0.683 val_cancerRecall=0.710 (18.0s)
  [B-finetune] epoch 16/25 lr=1.0e-05 train_loss=0.5031 train_acc=0.786 val_loss=0.6208 val_acc=0.729 val_macroF1=0.684 val_cancerRecall=0.694 (18.1s)
  [B-finetune] epoch 17/25 lr=5.0e-06 train_loss=0.4950 train_acc=0.777 val_loss=0.6237 val_acc=0.733 val_macroF1=0.695 val_cancerRecall=0.678 (18.0s)
  [B-finetune] epoch 18/25 lr=5.0e-06 train_loss=0.5085 train_acc=0.776 val_loss=0.6161 val_acc=0.733 val_macroF1=0.690 val_cancerRecall=0.687 (18.1s)
  [B-finetune] epoch 19/25 lr=5.0e-06 train_loss=0.4965 train_acc=0.782 val_loss=0.6125 val_acc=0.733 val_macroF1=0.690 val_cancerRecall=0.687 (18.0s)
  [B-finetune] early stopping at epoch 19 (no val macro-F1 improvement for 6 epochs)
=== efficientnet_b0 fold 2 DONE -- best val macro-F1 = 0.6961 ===

=== efficientnet_b0 fold 3 === train=1930 val=483 class_weights=[2.365000009536743, 0.5230000019073486, 1.5]
  [A-head] epoch 1/12 lr=1.0e-03 train_loss=0.8480 train_acc=0.656 val_loss=0.6459 val_acc=0.745 val_macroF1=0.683 val_cancerRecall=0.750 (17.9s)
  [A-head] epoch 2/12 lr=1.0e-03 train_loss=0.7427 train_acc=0.684 val_loss=0.6072 val_acc=0.770 val_macroF1=0.706 val_cancerRecall=0.756 (18.1s)
  [A-head] epoch 3/12 lr=1.0e-03 train_loss=0.6799 train_acc=0.704 val_loss=0.5784 val_acc=0.778 val_macroF1=0.711 val_cancerRecall=0.766 (18.1s)
  [A-head] epoch 4/12 lr=1.0e-03 train_loss=0.6946 train_acc=0.698 val_loss=0.5601 val_acc=0.774 val_macroF1=0.702 val_cancerRecall=0.773 (18.1s)
  [A-head] epoch 5/12 lr=1.0e-03 train_loss=0.6766 train_acc=0.702 val_loss=0.5590 val_acc=0.774 val_macroF1=0.693 val_cancerRecall=0.789 (18.0s)
  [A-head] epoch 6/12 lr=1.0e-03 train_loss=0.6446 train_acc=0.711 val_loss=0.5527 val_acc=0.758 val_macroF1=0.683 val_cancerRecall=0.766 (18.0s)
  [A-head] epoch 7/12 lr=1.0e-03 train_loss=0.6459 train_acc=0.728 val_loss=0.5979 val_acc=0.723 val_macroF1=0.668 val_cancerRecall=0.708 (18.0s)
  [A-head] epoch 8/12 lr=1.0e-03 train_loss=0.6558 train_acc=0.716 val_loss=0.5814 val_acc=0.739 val_macroF1=0.677 val_cancerRecall=0.734 (18.0s)
  [A-head] epoch 9/12 lr=1.0e-03 train_loss=0.6415 train_acc=0.708 val_loss=0.5816 val_acc=0.737 val_macroF1=0.676 val_cancerRecall=0.724 (18.1s)
  [A-head] early stopping at epoch 9 (no val macro-F1 improvement for 6 epochs)
  [B-finetune] epoch 1/25 lr=1.0e-05 train_loss=0.6281 train_acc=0.719 val_loss=0.5459 val_acc=0.747 val_macroF1=0.683 val_cancerRecall=0.740 (18.2s)
  [B-finetune] epoch 2/25 lr=1.0e-05 train_loss=0.6108 train_acc=0.728 val_loss=0.5716 val_acc=0.743 val_macroF1=0.678 val_cancerRecall=0.734 (18.1s)
  [B-finetune] epoch 3/25 lr=1.0e-05 train_loss=0.6113 train_acc=0.728 val_loss=0.5655 val_acc=0.752 val_macroF1=0.688 val_cancerRecall=0.737 (18.1s)
  [B-finetune] epoch 4/25 lr=1.0e-05 train_loss=0.5761 train_acc=0.742 val_loss=0.5438 val_acc=0.758 val_macroF1=0.694 val_cancerRecall=0.744 (18.2s)
  [B-finetune] epoch 5/25 lr=1.0e-05 train_loss=0.5989 train_acc=0.735 val_loss=0.5509 val_acc=0.754 val_macroF1=0.695 val_cancerRecall=0.737 (18.1s)
  [B-finetune] epoch 6/25 lr=1.0e-05 train_loss=0.5819 train_acc=0.730 val_loss=0.5370 val_acc=0.760 val_macroF1=0.694 val_cancerRecall=0.747 (18.2s)
  [B-finetune] epoch 7/25 lr=1.0e-05 train_loss=0.5601 train_acc=0.745 val_loss=0.5243 val_acc=0.762 val_macroF1=0.697 val_cancerRecall=0.750 (18.0s)
  [B-finetune] epoch 8/25 lr=1.0e-05 train_loss=0.5625 train_acc=0.740 val_loss=0.5413 val_acc=0.760 val_macroF1=0.704 val_cancerRecall=0.737 (18.1s)
  [B-finetune] epoch 9/25 lr=1.0e-05 train_loss=0.5433 train_acc=0.754 val_loss=0.5273 val_acc=0.752 val_macroF1=0.688 val_cancerRecall=0.737 (18.2s)
  [B-finetune] epoch 10/25 lr=1.0e-05 train_loss=0.5524 train_acc=0.752 val_loss=0.5104 val_acc=0.758 val_macroF1=0.696 val_cancerRecall=0.744 (18.1s)
  [B-finetune] epoch 11/25 lr=1.0e-05 train_loss=0.5386 train_acc=0.760 val_loss=0.4980 val_acc=0.760 val_macroF1=0.686 val_cancerRecall=0.763 (18.1s)
  [B-finetune] epoch 12/25 lr=5.0e-06 train_loss=0.5467 train_acc=0.752 val_loss=0.5206 val_acc=0.754 val_macroF1=0.691 val_cancerRecall=0.737 (18.2s)
  [B-finetune] epoch 13/25 lr=5.0e-06 train_loss=0.5117 train_acc=0.767 val_loss=0.5287 val_acc=0.749 val_macroF1=0.694 val_cancerRecall=0.727 (18.1s)
  [B-finetune] epoch 14/25 lr=5.0e-06 train_loss=0.5350 train_acc=0.751 val_loss=0.5033 val_acc=0.754 val_macroF1=0.687 val_cancerRecall=0.747 (18.2s)
  [B-finetune] early stopping at epoch 14 (no val macro-F1 improvement for 6 epochs)
=== efficientnet_b0 fold 3 DONE -- best val macro-F1 = 0.7109 ===

=== efficientnet_b0 fold 4 === train=1931 val=482 class_weights=[2.365999937057495, 0.5230000019073486, 1.5]
  [A-head] epoch 1/12 lr=1.0e-03 train_loss=0.8595 train_acc=0.633 val_loss=0.7407 val_acc=0.730 val_macroF1=0.656 val_cancerRecall=0.769 (18.2s)
  [A-head] epoch 2/12 lr=1.0e-03 train_loss=0.7298 train_acc=0.689 val_loss=0.7671 val_acc=0.712 val_macroF1=0.662 val_cancerRecall=0.691 (18.2s)
  [A-head] epoch 3/12 lr=1.0e-03 train_loss=0.6895 train_acc=0.690 val_loss=0.7666 val_acc=0.707 val_macroF1=0.668 val_cancerRecall=0.671 (18.1s)
  [A-head] epoch 4/12 lr=1.0e-03 train_loss=0.6797 train_acc=0.696 val_loss=0.7761 val_acc=0.703 val_macroF1=0.655 val_cancerRecall=0.655 (18.1s)
  [A-head] epoch 5/12 lr=1.0e-03 train_loss=0.6550 train_acc=0.718 val_loss=0.7307 val_acc=0.728 val_macroF1=0.685 val_cancerRecall=0.687 (18.2s)
  [A-head] epoch 6/12 lr=1.0e-03 train_loss=0.6633 train_acc=0.717 val_loss=0.7089 val_acc=0.724 val_macroF1=0.666 val_cancerRecall=0.700 (18.1s)
  [A-head] epoch 7/12 lr=1.0e-03 train_loss=0.6426 train_acc=0.723 val_loss=0.7376 val_acc=0.710 val_macroF1=0.661 val_cancerRecall=0.671 (18.1s)
  [A-head] epoch 8/12 lr=1.0e-03 train_loss=0.6249 train_acc=0.725 val_loss=0.7171 val_acc=0.720 val_macroF1=0.669 val_cancerRecall=0.700 (18.0s)
  [A-head] epoch 9/12 lr=1.0e-03 train_loss=0.6123 train_acc=0.743 val_loss=0.7065 val_acc=0.722 val_macroF1=0.663 val_cancerRecall=0.720 (18.1s)
  [A-head] epoch 10/12 lr=1.0e-03 train_loss=0.6397 train_acc=0.729 val_loss=0.7066 val_acc=0.718 val_macroF1=0.664 val_cancerRecall=0.697 (18.0s)
  [A-head] epoch 11/12 lr=1.0e-03 train_loss=0.6247 train_acc=0.724 val_loss=0.7508 val_acc=0.714 val_macroF1=0.667 val_cancerRecall=0.668 (18.1s)
  [A-head] early stopping at epoch 11 (no val macro-F1 improvement for 6 epochs)
  [B-finetune] epoch 1/25 lr=1.0e-05 train_loss=0.6153 train_acc=0.717 val_loss=0.7298 val_acc=0.716 val_macroF1=0.656 val_cancerRecall=0.694 (18.2s)
  [B-finetune] epoch 2/25 lr=1.0e-05 train_loss=0.5970 train_acc=0.734 val_loss=0.7003 val_acc=0.728 val_macroF1=0.664 val_cancerRecall=0.717 (18.2s)
  [B-finetune] epoch 3/25 lr=1.0e-05 train_loss=0.5867 train_acc=0.734 val_loss=0.6806 val_acc=0.741 val_macroF1=0.680 val_cancerRecall=0.726 (18.1s)
  [B-finetune] epoch 4/25 lr=1.0e-05 train_loss=0.5651 train_acc=0.745 val_loss=0.7168 val_acc=0.728 val_macroF1=0.671 val_cancerRecall=0.694 (18.1s)
  [B-finetune] epoch 5/25 lr=1.0e-05 train_loss=0.5836 train_acc=0.737 val_loss=0.6622 val_acc=0.759 val_macroF1=0.693 val_cancerRecall=0.752 (18.0s)
  [B-finetune] epoch 6/25 lr=1.0e-05 train_loss=0.5755 train_acc=0.748 val_loss=0.6777 val_acc=0.751 val_macroF1=0.686 val_cancerRecall=0.749 (18.1s)
  [B-finetune] epoch 7/25 lr=1.0e-05 train_loss=0.5533 train_acc=0.746 val_loss=0.6592 val_acc=0.761 val_macroF1=0.699 val_cancerRecall=0.749 (18.1s)
  [B-finetune] epoch 8/25 lr=1.0e-05 train_loss=0.5719 train_acc=0.745 val_loss=0.6610 val_acc=0.761 val_macroF1=0.693 val_cancerRecall=0.759 (18.3s)
  [B-finetune] epoch 9/25 lr=1.0e-05 train_loss=0.5528 train_acc=0.743 val_loss=0.6773 val_acc=0.753 val_macroF1=0.693 val_cancerRecall=0.736 (18.1s)
  [B-finetune] epoch 10/25 lr=1.0e-05 train_loss=0.5624 train_acc=0.753 val_loss=0.6643 val_acc=0.753 val_macroF1=0.693 val_cancerRecall=0.736 (18.1s)
  [B-finetune] epoch 11/25 lr=5.0e-06 train_loss=0.5434 train_acc=0.755 val_loss=0.6495 val_acc=0.763 val_macroF1=0.699 val_cancerRecall=0.759 (18.2s)
  [B-finetune] epoch 12/25 lr=5.0e-06 train_loss=0.5549 train_acc=0.762 val_loss=0.6542 val_acc=0.761 val_macroF1=0.697 val_cancerRecall=0.756 (18.1s)
  [B-finetune] epoch 13/25 lr=5.0e-06 train_loss=0.5167 train_acc=0.767 val_loss=0.6517 val_acc=0.763 val_macroF1=0.701 val_cancerRecall=0.752 (18.2s)
  [B-finetune] epoch 14/25 lr=5.0e-06 train_loss=0.5284 train_acc=0.752 val_loss=0.6560 val_acc=0.761 val_macroF1=0.698 val_cancerRecall=0.752 (18.1s)
  [B-finetune] epoch 15/25 lr=5.0e-06 train_loss=0.5236 train_acc=0.760 val_loss=0.6544 val_acc=0.753 val_macroF1=0.689 val_cancerRecall=0.743 (18.1s)
  [B-finetune] epoch 16/25 lr=5.0e-06 train_loss=0.5218 train_acc=0.761 val_loss=0.6639 val_acc=0.745 val_macroF1=0.690 val_cancerRecall=0.713 (18.1s)
  [B-finetune] epoch 17/25 lr=2.5e-06 train_loss=0.5206 train_acc=0.771 val_loss=0.6466 val_acc=0.751 val_macroF1=0.687 val_cancerRecall=0.739 (18.2s)
  [B-finetune] epoch 18/25 lr=2.5e-06 train_loss=0.5063 train_acc=0.778 val_loss=0.6485 val_acc=0.753 val_macroF1=0.693 val_cancerRecall=0.736 (18.1s)
  [B-finetune] epoch 19/25 lr=2.5e-06 train_loss=0.5348 train_acc=0.757 val_loss=0.6478 val_acc=0.757 val_macroF1=0.690 val_cancerRecall=0.752 (18.1s)
  [B-finetune] early stopping at epoch 19 (no val macro-F1 improvement for 6 epochs)
=== efficientnet_b0 fold 4 DONE -- best val macro-F1 = 0.7010 ===

=== resnet50 fold 0 === train=1930 val=483 class_weights=[2.365000009536743, 0.5230000019073486, 1.5]
  [A-head] epoch 1/12 lr=1.0e-03 train_loss=0.9181 train_acc=0.633 val_loss=0.7117 val_acc=0.735 val_macroF1=0.623 val_cancerRecall=0.799 (19.0s)
  [A-head] epoch 2/12 lr=1.0e-03 train_loss=0.7788 train_acc=0.694 val_loss=0.6982 val_acc=0.725 val_macroF1=0.669 val_cancerRecall=0.711 (18.1s)
  [A-head] epoch 3/12 lr=1.0e-03 train_loss=0.7349 train_acc=0.703 val_loss=0.6871 val_acc=0.718 val_macroF1=0.671 val_cancerRecall=0.675 (18.3s)
  [A-head] epoch 4/12 lr=1.0e-03 train_loss=0.7181 train_acc=0.711 val_loss=0.6610 val_acc=0.739 val_macroF1=0.693 val_cancerRecall=0.708 (18.2s)
  [A-head] epoch 5/12 lr=1.0e-03 train_loss=0.6965 train_acc=0.721 val_loss=0.6515 val_acc=0.729 val_macroF1=0.682 val_cancerRecall=0.698 (18.3s)
  [A-head] epoch 6/12 lr=1.0e-03 train_loss=0.6930 train_acc=0.717 val_loss=0.6353 val_acc=0.720 val_macroF1=0.676 val_cancerRecall=0.692 (18.3s)
  [A-head] epoch 7/12 lr=1.0e-03 train_loss=0.6736 train_acc=0.712 val_loss=0.5845 val_acc=0.747 val_macroF1=0.691 val_cancerRecall=0.737 (18.2s)
  [A-head] epoch 8/12 lr=1.0e-03 train_loss=0.6646 train_acc=0.721 val_loss=0.6175 val_acc=0.725 val_macroF1=0.682 val_cancerRecall=0.692 (18.3s)
  [A-head] epoch 9/12 lr=1.0e-03 train_loss=0.6577 train_acc=0.725 val_loss=0.5772 val_acc=0.739 val_macroF1=0.688 val_cancerRecall=0.734 (18.2s)
  [A-head] epoch 10/12 lr=1.0e-03 train_loss=0.6512 train_acc=0.713 val_loss=0.5746 val_acc=0.743 val_macroF1=0.695 val_cancerRecall=0.727 (18.4s)
  [A-head] epoch 11/12 lr=1.0e-03 train_loss=0.6384 train_acc=0.729 val_loss=0.6205 val_acc=0.704 val_macroF1=0.660 val_cancerRecall=0.669 (18.2s)
  [A-head] epoch 12/12 lr=1.0e-03 train_loss=0.6297 train_acc=0.726 val_loss=0.5994 val_acc=0.720 val_macroF1=0.679 val_cancerRecall=0.682 (18.2s)
  [B-finetune] epoch 1/25 lr=1.0e-05 train_loss=0.6227 train_acc=0.727 val_loss=0.5951 val_acc=0.716 val_macroF1=0.671 val_cancerRecall=0.692 (19.3s)
  [B-finetune] epoch 2/25 lr=1.0e-05 train_loss=0.6103 train_acc=0.748 val_loss=0.5927 val_acc=0.720 val_macroF1=0.678 val_cancerRecall=0.685 (18.4s)
  [B-finetune] epoch 3/25 lr=1.0e-05 train_loss=0.5599 train_acc=0.761 val_loss=0.5313 val_acc=0.747 val_macroF1=0.691 val_cancerRecall=0.750 (18.4s)
  [B-finetune] epoch 4/25 lr=1.0e-05 train_loss=0.5621 train_acc=0.758 val_loss=0.5564 val_acc=0.737 val_macroF1=0.688 val_cancerRecall=0.731 (18.4s)
  [B-finetune] epoch 5/25 lr=1.0e-05 train_loss=0.5476 train_acc=0.762 val_loss=0.5667 val_acc=0.716 val_macroF1=0.674 val_cancerRecall=0.695 (18.4s)
  [B-finetune] epoch 6/25 lr=1.0e-05 train_loss=0.5312 train_acc=0.767 val_loss=0.5547 val_acc=0.727 val_macroF1=0.680 val_cancerRecall=0.711 (18.4s)
  [B-finetune] epoch 7/25 lr=5.0e-06 train_loss=0.5253 train_acc=0.769 val_loss=0.5801 val_acc=0.708 val_macroF1=0.666 val_cancerRecall=0.682 (18.3s)
  [B-finetune] epoch 8/25 lr=5.0e-06 train_loss=0.5034 train_acc=0.785 val_loss=0.5242 val_acc=0.749 val_macroF1=0.702 val_cancerRecall=0.734 (18.4s)
  [B-finetune] epoch 9/25 lr=5.0e-06 train_loss=0.4993 train_acc=0.770 val_loss=0.5233 val_acc=0.756 val_macroF1=0.712 val_cancerRecall=0.724 (18.4s)
  [B-finetune] epoch 10/25 lr=5.0e-06 train_loss=0.5034 train_acc=0.777 val_loss=0.4798 val_acc=0.762 val_macroF1=0.705 val_cancerRecall=0.763 (18.4s)
  [B-finetune] epoch 11/25 lr=5.0e-06 train_loss=0.5001 train_acc=0.785 val_loss=0.5161 val_acc=0.752 val_macroF1=0.705 val_cancerRecall=0.734 (18.3s)
  [B-finetune] epoch 12/25 lr=5.0e-06 train_loss=0.5001 train_acc=0.783 val_loss=0.5304 val_acc=0.749 val_macroF1=0.704 val_cancerRecall=0.724 (18.5s)
  [B-finetune] epoch 13/25 lr=2.5e-06 train_loss=0.4920 train_acc=0.785 val_loss=0.5235 val_acc=0.745 val_macroF1=0.700 val_cancerRecall=0.737 (18.5s)
  [B-finetune] epoch 14/25 lr=2.5e-06 train_loss=0.4830 train_acc=0.783 val_loss=0.4940 val_acc=0.752 val_macroF1=0.700 val_cancerRecall=0.750 (18.4s)
  [B-finetune] epoch 15/25 lr=2.5e-06 train_loss=0.4674 train_acc=0.791 val_loss=0.4903 val_acc=0.756 val_macroF1=0.701 val_cancerRecall=0.760 (18.6s)
  [B-finetune] early stopping at epoch 15 (no val macro-F1 improvement for 6 epochs)
=== resnet50 fold 0 DONE -- best val macro-F1 = 0.7116 ===

=== resnet50 fold 1 === train=1931 val=482 class_weights=[2.365999937057495, 0.5230000019073486, 1.5]
  [A-head] epoch 1/12 lr=1.0e-03 train_loss=0.9126 train_acc=0.627 val_loss=0.7808 val_acc=0.697 val_macroF1=0.616 val_cancerRecall=0.736 (18.4s)
  [A-head] epoch 2/12 lr=1.0e-03 train_loss=0.7663 train_acc=0.706 val_loss=0.7852 val_acc=0.693 val_macroF1=0.619 val_cancerRecall=0.713 (18.3s)
  [A-head] epoch 3/12 lr=1.0e-03 train_loss=0.7187 train_acc=0.724 val_loss=0.7871 val_acc=0.687 val_macroF1=0.635 val_cancerRecall=0.655 (18.3s)
  [A-head] epoch 4/12 lr=1.0e-03 train_loss=0.6935 train_acc=0.733 val_loss=0.7739 val_acc=0.685 val_macroF1=0.629 val_cancerRecall=0.651 (18.3s)
  [A-head] epoch 5/12 lr=1.0e-03 train_loss=0.6938 train_acc=0.727 val_loss=0.7816 val_acc=0.680 val_macroF1=0.634 val_cancerRecall=0.638 (18.3s)
  [A-head] epoch 6/12 lr=1.0e-03 train_loss=0.6655 train_acc=0.724 val_loss=0.7573 val_acc=0.683 val_macroF1=0.631 val_cancerRecall=0.651 (18.3s)
  [A-head] epoch 7/12 lr=1.0e-03 train_loss=0.6588 train_acc=0.733 val_loss=0.7822 val_acc=0.705 val_macroF1=0.669 val_cancerRecall=0.645 (18.3s)
  [A-head] epoch 8/12 lr=1.0e-03 train_loss=0.6616 train_acc=0.738 val_loss=0.8636 val_acc=0.658 val_macroF1=0.629 val_cancerRecall=0.583 (18.4s)
  [A-head] epoch 9/12 lr=1.0e-03 train_loss=0.6281 train_acc=0.736 val_loss=0.8201 val_acc=0.678 val_macroF1=0.648 val_cancerRecall=0.603 (18.2s)
  [A-head] epoch 10/12 lr=1.0e-03 train_loss=0.6333 train_acc=0.738 val_loss=0.7589 val_acc=0.678 val_macroF1=0.635 val_cancerRecall=0.658 (18.3s)
  [A-head] epoch 11/12 lr=1.0e-03 train_loss=0.6205 train_acc=0.746 val_loss=0.7474 val_acc=0.683 val_macroF1=0.640 val_cancerRecall=0.658 (18.3s)
  [A-head] epoch 12/12 lr=1.0e-03 train_loss=0.6133 train_acc=0.747 val_loss=0.7435 val_acc=0.701 val_macroF1=0.659 val_cancerRecall=0.651 (18.3s)
  [B-finetune] epoch 1/25 lr=1.0e-05 train_loss=0.6038 train_acc=0.740 val_loss=0.7673 val_acc=0.687 val_macroF1=0.654 val_cancerRecall=0.622 (18.6s)
  [B-finetune] epoch 2/25 lr=1.0e-05 train_loss=0.5779 train_acc=0.753 val_loss=0.8023 val_acc=0.680 val_macroF1=0.647 val_cancerRecall=0.609 (18.4s)
  [B-finetune] epoch 3/25 lr=1.0e-05 train_loss=0.5540 train_acc=0.767 val_loss=0.7721 val_acc=0.701 val_macroF1=0.663 val_cancerRecall=0.645 (18.6s)
  [B-finetune] epoch 4/25 lr=1.0e-05 train_loss=0.5405 train_acc=0.764 val_loss=0.7541 val_acc=0.699 val_macroF1=0.663 val_cancerRecall=0.648 (18.7s)
  [B-finetune] epoch 5/25 lr=1.0e-05 train_loss=0.5280 train_acc=0.774 val_loss=0.7133 val_acc=0.705 val_macroF1=0.667 val_cancerRecall=0.651 (19.4s)
  [B-finetune] epoch 6/25 lr=1.0e-05 train_loss=0.5031 train_acc=0.772 val_loss=0.7471 val_acc=0.710 val_macroF1=0.671 val_cancerRecall=0.655 (18.9s)
  [B-finetune] epoch 7/25 lr=1.0e-05 train_loss=0.5005 train_acc=0.779 val_loss=0.6943 val_acc=0.718 val_macroF1=0.673 val_cancerRecall=0.674 (18.7s)
  [B-finetune] epoch 8/25 lr=1.0e-05 train_loss=0.5079 train_acc=0.783 val_loss=0.7312 val_acc=0.714 val_macroF1=0.670 val_cancerRecall=0.678 (18.7s)
  [B-finetune] epoch 9/25 lr=1.0e-05 train_loss=0.4781 train_acc=0.793 val_loss=0.7034 val_acc=0.720 val_macroF1=0.677 val_cancerRecall=0.671 (18.7s)
  [B-finetune] epoch 10/25 lr=1.0e-05 train_loss=0.4812 train_acc=0.793 val_loss=0.7160 val_acc=0.710 val_macroF1=0.669 val_cancerRecall=0.661 (18.6s)
  [B-finetune] epoch 11/25 lr=1.0e-05 train_loss=0.4775 train_acc=0.799 val_loss=0.7332 val_acc=0.712 val_macroF1=0.677 val_cancerRecall=0.648 (18.7s)
  [B-finetune] epoch 12/25 lr=1.0e-05 train_loss=0.4499 train_acc=0.811 val_loss=0.6948 val_acc=0.726 val_macroF1=0.683 val_cancerRecall=0.684 (18.8s)
  [B-finetune] epoch 13/25 lr=1.0e-05 train_loss=0.4421 train_acc=0.815 val_loss=0.6435 val_acc=0.737 val_macroF1=0.692 val_cancerRecall=0.691 (18.8s)
  [B-finetune] epoch 14/25 lr=1.0e-05 train_loss=0.4385 train_acc=0.801 val_loss=0.6499 val_acc=0.732 val_macroF1=0.688 val_cancerRecall=0.700 (18.8s)
  [B-finetune] epoch 15/25 lr=1.0e-05 train_loss=0.4391 train_acc=0.808 val_loss=0.6687 val_acc=0.732 val_macroF1=0.694 val_cancerRecall=0.681 (18.7s)
  [B-finetune] epoch 16/25 lr=1.0e-05 train_loss=0.4287 train_acc=0.814 val_loss=0.6602 val_acc=0.737 val_macroF1=0.697 val_cancerRecall=0.691 (18.7s)
  [B-finetune] epoch 17/25 lr=1.0e-05 train_loss=0.4234 train_acc=0.815 val_loss=0.6358 val_acc=0.737 val_macroF1=0.688 val_cancerRecall=0.704 (18.6s)
  [B-finetune] epoch 18/25 lr=1.0e-05 train_loss=0.4077 train_acc=0.822 val_loss=0.6522 val_acc=0.741 val_macroF1=0.696 val_cancerRecall=0.704 (18.6s)
  [B-finetune] epoch 19/25 lr=1.0e-05 train_loss=0.4050 train_acc=0.823 val_loss=0.6236 val_acc=0.755 val_macroF1=0.708 val_cancerRecall=0.726 (18.7s)
  [B-finetune] epoch 20/25 lr=1.0e-05 train_loss=0.4010 train_acc=0.829 val_loss=0.6192 val_acc=0.743 val_macroF1=0.690 val_cancerRecall=0.726 (18.7s)
  [B-finetune] epoch 21/25 lr=1.0e-05 train_loss=0.3787 train_acc=0.828 val_loss=0.6516 val_acc=0.751 val_macroF1=0.706 val_cancerRecall=0.720 (18.5s)
  [B-finetune] epoch 22/25 lr=1.0e-05 train_loss=0.3795 train_acc=0.835 val_loss=0.6572 val_acc=0.745 val_macroF1=0.693 val_cancerRecall=0.730 (18.8s)
  [B-finetune] epoch 23/25 lr=1.0e-05 train_loss=0.3533 train_acc=0.854 val_loss=0.6610 val_acc=0.759 val_macroF1=0.711 val_cancerRecall=0.730 (18.6s)
  [B-finetune] epoch 24/25 lr=1.0e-05 train_loss=0.3835 train_acc=0.830 val_loss=0.6348 val_acc=0.751 val_macroF1=0.708 val_cancerRecall=0.710 (18.6s)
  [B-finetune] epoch 25/25 lr=1.0e-05 train_loss=0.3535 train_acc=0.866 val_loss=0.5938 val_acc=0.766 val_macroF1=0.715 val_cancerRecall=0.743 (18.6s)
=== resnet50 fold 1 DONE -- best val macro-F1 = 0.7150 ===

=== resnet50 fold 2 === train=1930 val=483 class_weights=[2.365000009536743, 0.5230000019073486, 1.503000020980835]
  [A-head] epoch 1/12 lr=1.0e-03 train_loss=0.9138 train_acc=0.652 val_loss=0.8095 val_acc=0.687 val_macroF1=0.590 val_cancerRecall=0.726 (18.3s)
  [A-head] epoch 2/12 lr=1.0e-03 train_loss=0.7845 train_acc=0.694 val_loss=0.7270 val_acc=0.700 val_macroF1=0.632 val_cancerRecall=0.700 (18.3s)
  [A-head] epoch 3/12 lr=1.0e-03 train_loss=0.7163 train_acc=0.732 val_loss=0.7735 val_acc=0.675 val_macroF1=0.628 val_cancerRecall=0.619 (18.3s)
  [A-head] epoch 4/12 lr=1.0e-03 train_loss=0.7113 train_acc=0.713 val_loss=0.7386 val_acc=0.685 val_macroF1=0.642 val_cancerRecall=0.625 (18.3s)
  [A-head] epoch 5/12 lr=1.0e-03 train_loss=0.6800 train_acc=0.739 val_loss=0.8480 val_acc=0.640 val_macroF1=0.618 val_cancerRecall=0.554 (18.3s)
  [A-head] epoch 6/12 lr=1.0e-03 train_loss=0.6578 train_acc=0.743 val_loss=0.7844 val_acc=0.665 val_macroF1=0.634 val_cancerRecall=0.596 (18.2s)
  [A-head] epoch 7/12 lr=1.0e-03 train_loss=0.6483 train_acc=0.736 val_loss=0.7349 val_acc=0.679 val_macroF1=0.637 val_cancerRecall=0.645 (18.3s)
  [A-head] epoch 8/12 lr=1.0e-03 train_loss=0.6505 train_acc=0.732 val_loss=0.7435 val_acc=0.679 val_macroF1=0.641 val_cancerRecall=0.622 (18.3s)
  [A-head] epoch 9/12 lr=1.0e-03 train_loss=0.6373 train_acc=0.752 val_loss=0.7236 val_acc=0.677 val_macroF1=0.630 val_cancerRecall=0.638 (18.4s)
  [A-head] epoch 10/12 lr=1.0e-03 train_loss=0.6344 train_acc=0.736 val_loss=0.7380 val_acc=0.683 val_macroF1=0.645 val_cancerRecall=0.622 (18.4s)
  [A-head] epoch 11/12 lr=1.0e-03 train_loss=0.6059 train_acc=0.749 val_loss=0.7455 val_acc=0.679 val_macroF1=0.643 val_cancerRecall=0.638 (18.4s)
  [A-head] epoch 12/12 lr=1.0e-03 train_loss=0.6204 train_acc=0.737 val_loss=0.7266 val_acc=0.677 val_macroF1=0.633 val_cancerRecall=0.625 (18.4s)
  [B-finetune] epoch 1/25 lr=1.0e-05 train_loss=0.5997 train_acc=0.746 val_loss=0.7461 val_acc=0.675 val_macroF1=0.640 val_cancerRecall=0.606 (18.7s)
  [B-finetune] epoch 2/25 lr=1.0e-05 train_loss=0.5896 train_acc=0.745 val_loss=0.6811 val_acc=0.706 val_macroF1=0.660 val_cancerRecall=0.664 (18.5s)
  [B-finetune] epoch 3/25 lr=1.0e-05 train_loss=0.5639 train_acc=0.758 val_loss=0.6641 val_acc=0.708 val_macroF1=0.663 val_cancerRecall=0.671 (18.6s)
  [B-finetune] epoch 4/25 lr=1.0e-05 train_loss=0.5149 train_acc=0.781 val_loss=0.6484 val_acc=0.718 val_macroF1=0.669 val_cancerRecall=0.687 (18.6s)
  [B-finetune] epoch 5/25 lr=1.0e-05 train_loss=0.5241 train_acc=0.767 val_loss=0.7067 val_acc=0.706 val_macroF1=0.666 val_cancerRecall=0.661 (18.4s)
  [B-finetune] epoch 6/25 lr=1.0e-05 train_loss=0.5256 train_acc=0.778 val_loss=0.6785 val_acc=0.712 val_macroF1=0.672 val_cancerRecall=0.661 (18.6s)
  [B-finetune] epoch 7/25 lr=1.0e-05 train_loss=0.4935 train_acc=0.784 val_loss=0.7035 val_acc=0.698 val_macroF1=0.664 val_cancerRecall=0.635 (18.7s)
  [B-finetune] epoch 8/25 lr=1.0e-05 train_loss=0.5099 train_acc=0.784 val_loss=0.6655 val_acc=0.720 val_macroF1=0.679 val_cancerRecall=0.684 (18.6s)
  [B-finetune] epoch 9/25 lr=1.0e-05 train_loss=0.5069 train_acc=0.782 val_loss=0.6951 val_acc=0.710 val_macroF1=0.674 val_cancerRecall=0.658 (18.6s)
  [B-finetune] epoch 10/25 lr=1.0e-05 train_loss=0.4781 train_acc=0.795 val_loss=0.6759 val_acc=0.714 val_macroF1=0.678 val_cancerRecall=0.664 (18.7s)
  [B-finetune] epoch 11/25 lr=1.0e-05 train_loss=0.4666 train_acc=0.792 val_loss=0.6399 val_acc=0.720 val_macroF1=0.677 val_cancerRecall=0.687 (18.6s)
  [B-finetune] epoch 12/25 lr=5.0e-06 train_loss=0.4714 train_acc=0.791 val_loss=0.6702 val_acc=0.710 val_macroF1=0.671 val_cancerRecall=0.668 (18.7s)
  [B-finetune] epoch 13/25 lr=5.0e-06 train_loss=0.4498 train_acc=0.803 val_loss=0.6422 val_acc=0.725 val_macroF1=0.682 val_cancerRecall=0.694 (18.4s)
  [B-finetune] epoch 14/25 lr=5.0e-06 train_loss=0.4402 train_acc=0.802 val_loss=0.6372 val_acc=0.720 val_macroF1=0.677 val_cancerRecall=0.687 (18.5s)
  [B-finetune] epoch 15/25 lr=5.0e-06 train_loss=0.4472 train_acc=0.813 val_loss=0.6319 val_acc=0.723 val_macroF1=0.678 val_cancerRecall=0.697 (18.5s)
  [B-finetune] epoch 16/25 lr=5.0e-06 train_loss=0.4414 train_acc=0.807 val_loss=0.6373 val_acc=0.731 val_macroF1=0.686 val_cancerRecall=0.704 (18.6s)
  [B-finetune] epoch 17/25 lr=5.0e-06 train_loss=0.4342 train_acc=0.806 val_loss=0.6360 val_acc=0.735 val_macroF1=0.691 val_cancerRecall=0.700 (18.5s)
  [B-finetune] epoch 18/25 lr=5.0e-06 train_loss=0.4274 train_acc=0.811 val_loss=0.6199 val_acc=0.739 val_macroF1=0.695 val_cancerRecall=0.707 (18.6s)
  [B-finetune] epoch 19/25 lr=5.0e-06 train_loss=0.4177 train_acc=0.812 val_loss=0.6132 val_acc=0.752 val_macroF1=0.706 val_cancerRecall=0.723 (18.5s)
  [B-finetune] epoch 20/25 lr=5.0e-06 train_loss=0.4453 train_acc=0.816 val_loss=0.6164 val_acc=0.745 val_macroF1=0.697 val_cancerRecall=0.723 (18.5s)
  [B-finetune] epoch 21/25 lr=5.0e-06 train_loss=0.4295 train_acc=0.809 val_loss=0.6057 val_acc=0.743 val_macroF1=0.698 val_cancerRecall=0.713 (18.6s)
  [B-finetune] epoch 22/25 lr=5.0e-06 train_loss=0.4056 train_acc=0.826 val_loss=0.6411 val_acc=0.727 val_macroF1=0.682 val_cancerRecall=0.700 (18.5s)
  [B-finetune] epoch 23/25 lr=2.5e-06 train_loss=0.4146 train_acc=0.819 val_loss=0.6245 val_acc=0.733 val_macroF1=0.689 val_cancerRecall=0.697 (18.5s)
  [B-finetune] epoch 24/25 lr=2.5e-06 train_loss=0.4140 train_acc=0.813 val_loss=0.6336 val_acc=0.723 val_macroF1=0.678 val_cancerRecall=0.694 (18.5s)
  [B-finetune] epoch 25/25 lr=2.5e-06 train_loss=0.4156 train_acc=0.823 val_loss=0.6129 val_acc=0.741 val_macroF1=0.692 val_cancerRecall=0.726 (18.4s)
  [B-finetune] early stopping at epoch 25 (no val macro-F1 improvement for 6 epochs)
=== resnet50 fold 2 DONE -- best val macro-F1 = 0.7057 ===

=== resnet50 fold 3 === train=1930 val=483 class_weights=[2.365000009536743, 0.5230000019073486, 1.5]
  [A-head] epoch 1/12 lr=1.0e-03 train_loss=0.9173 train_acc=0.622 val_loss=0.7138 val_acc=0.733 val_macroF1=0.596 val_cancerRecall=0.782 (18.3s)
  [A-head] epoch 2/12 lr=1.0e-03 train_loss=0.8093 train_acc=0.691 val_loss=0.6721 val_acc=0.766 val_macroF1=0.693 val_cancerRecall=0.766 (18.4s)
  [A-head] epoch 3/12 lr=1.0e-03 train_loss=0.7332 train_acc=0.704 val_loss=0.6469 val_acc=0.743 val_macroF1=0.682 val_cancerRecall=0.714 (18.3s)
  [A-head] epoch 4/12 lr=1.0e-03 train_loss=0.7291 train_acc=0.713 val_loss=0.6627 val_acc=0.718 val_macroF1=0.665 val_cancerRecall=0.669 (18.2s)
  [A-head] epoch 5/12 lr=1.0e-03 train_loss=0.6789 train_acc=0.715 val_loss=0.5950 val_acc=0.735 val_macroF1=0.676 val_cancerRecall=0.708 (18.3s)
  [A-head] epoch 6/12 lr=1.0e-03 train_loss=0.6983 train_acc=0.709 val_loss=0.6120 val_acc=0.723 val_macroF1=0.674 val_cancerRecall=0.679 (18.3s)
  [A-head] epoch 7/12 lr=1.0e-03 train_loss=0.6781 train_acc=0.718 val_loss=0.6213 val_acc=0.716 val_macroF1=0.667 val_cancerRecall=0.666 (18.3s)
  [A-head] epoch 8/12 lr=1.0e-03 train_loss=0.6679 train_acc=0.710 val_loss=0.6469 val_acc=0.712 val_macroF1=0.664 val_cancerRecall=0.656 (18.3s)
  [A-head] early stopping at epoch 8 (no val macro-F1 improvement for 6 epochs)
  [B-finetune] epoch 1/25 lr=1.0e-05 train_loss=0.6451 train_acc=0.735 val_loss=0.6113 val_acc=0.723 val_macroF1=0.680 val_cancerRecall=0.659 (18.6s)
  [B-finetune] epoch 2/25 lr=1.0e-05 train_loss=0.6104 train_acc=0.731 val_loss=0.5663 val_acc=0.754 val_macroF1=0.705 val_cancerRecall=0.708 (18.5s)
  [B-finetune] epoch 3/25 lr=1.0e-05 train_loss=0.6018 train_acc=0.733 val_loss=0.5972 val_acc=0.733 val_macroF1=0.684 val_cancerRecall=0.679 (18.6s)
  [B-finetune] epoch 4/25 lr=1.0e-05 train_loss=0.5776 train_acc=0.745 val_loss=0.6068 val_acc=0.731 val_macroF1=0.687 val_cancerRecall=0.672 (18.6s)
  [B-finetune] epoch 5/25 lr=1.0e-05 train_loss=0.5672 train_acc=0.750 val_loss=0.5833 val_acc=0.733 val_macroF1=0.695 val_cancerRecall=0.672 (18.6s)
  [B-finetune] epoch 6/25 lr=5.0e-06 train_loss=0.5380 train_acc=0.754 val_loss=0.5637 val_acc=0.739 val_macroF1=0.691 val_cancerRecall=0.685 (18.5s)
  [B-finetune] epoch 7/25 lr=5.0e-06 train_loss=0.5319 train_acc=0.757 val_loss=0.5654 val_acc=0.735 val_macroF1=0.695 val_cancerRecall=0.669 (18.4s)
  [B-finetune] epoch 8/25 lr=5.0e-06 train_loss=0.5293 train_acc=0.757 val_loss=0.5712 val_acc=0.741 val_macroF1=0.701 val_cancerRecall=0.685 (18.5s)
  [B-finetune] early stopping at epoch 8 (no val macro-F1 improvement for 6 epochs)
=== resnet50 fold 3 DONE -- best val macro-F1 = 0.7053 ===

=== resnet50 fold 4 === train=1931 val=482 class_weights=[2.365999937057495, 0.5230000019073486, 1.5]
  [A-head] epoch 1/12 lr=1.0e-03 train_loss=0.9170 train_acc=0.603 val_loss=0.8781 val_acc=0.689 val_macroF1=0.617 val_cancerRecall=0.710 (18.3s)
  [A-head] epoch 2/12 lr=1.0e-03 train_loss=0.7691 train_acc=0.691 val_loss=0.7703 val_acc=0.728 val_macroF1=0.657 val_cancerRecall=0.739 (18.7s)
  [A-head] epoch 3/12 lr=1.0e-03 train_loss=0.7368 train_acc=0.716 val_loss=0.8052 val_acc=0.701 val_macroF1=0.641 val_cancerRecall=0.678 (18.3s)
  [A-head] epoch 4/12 lr=1.0e-03 train_loss=0.7010 train_acc=0.717 val_loss=0.7444 val_acc=0.724 val_macroF1=0.663 val_cancerRecall=0.710 (18.3s)
  [A-head] epoch 5/12 lr=1.0e-03 train_loss=0.6972 train_acc=0.716 val_loss=0.7591 val_acc=0.699 val_macroF1=0.640 val_cancerRecall=0.674 (18.3s)
  [A-head] epoch 6/12 lr=1.0e-03 train_loss=0.6941 train_acc=0.716 val_loss=0.7499 val_acc=0.705 val_macroF1=0.644 val_cancerRecall=0.687 (18.3s)
  [A-head] epoch 7/12 lr=1.0e-03 train_loss=0.6628 train_acc=0.733 val_loss=0.7888 val_acc=0.687 val_macroF1=0.639 val_cancerRecall=0.638 (18.4s)
  [A-head] epoch 8/12 lr=1.0e-03 train_loss=0.6690 train_acc=0.732 val_loss=0.7998 val_acc=0.693 val_macroF1=0.654 val_cancerRecall=0.638 (18.3s)
  [A-head] epoch 9/12 lr=1.0e-03 train_loss=0.6444 train_acc=0.722 val_loss=0.7842 val_acc=0.697 val_macroF1=0.658 val_cancerRecall=0.635 (18.5s)
  [A-head] epoch 10/12 lr=1.0e-03 train_loss=0.6426 train_acc=0.722 val_loss=0.7286 val_acc=0.710 val_macroF1=0.670 val_cancerRecall=0.664 (18.3s)
  [A-head] epoch 11/12 lr=1.0e-03 train_loss=0.6379 train_acc=0.727 val_loss=0.7056 val_acc=0.712 val_macroF1=0.673 val_cancerRecall=0.687 (18.2s)
  [A-head] epoch 12/12 lr=1.0e-03 train_loss=0.6179 train_acc=0.746 val_loss=0.7475 val_acc=0.712 val_macroF1=0.680 val_cancerRecall=0.651 (18.2s)
  [B-finetune] epoch 1/25 lr=1.0e-05 train_loss=0.6199 train_acc=0.740 val_loss=0.6895 val_acc=0.732 val_macroF1=0.688 val_cancerRecall=0.700 (18.5s)
  [B-finetune] epoch 2/25 lr=1.0e-05 train_loss=0.6039 train_acc=0.734 val_loss=0.6910 val_acc=0.732 val_macroF1=0.698 val_cancerRecall=0.678 (18.5s)
  [B-finetune] epoch 3/25 lr=1.0e-05 train_loss=0.5763 train_acc=0.746 val_loss=0.6585 val_acc=0.732 val_macroF1=0.692 val_cancerRecall=0.691 (18.5s)
  [B-finetune] epoch 4/25 lr=1.0e-05 train_loss=0.5755 train_acc=0.748 val_loss=0.6625 val_acc=0.722 val_macroF1=0.677 val_cancerRecall=0.697 (18.6s)
  [B-finetune] epoch 5/25 lr=1.0e-05 train_loss=0.5389 train_acc=0.763 val_loss=0.6697 val_acc=0.720 val_macroF1=0.679 val_cancerRecall=0.691 (18.4s)
  [B-finetune] epoch 6/25 lr=5.0e-06 train_loss=0.5346 train_acc=0.772 val_loss=0.6421 val_acc=0.734 val_macroF1=0.693 val_cancerRecall=0.710 (18.5s)
  [B-finetune] epoch 7/25 lr=5.0e-06 train_loss=0.5195 train_acc=0.761 val_loss=0.6641 val_acc=0.707 val_macroF1=0.670 val_cancerRecall=0.668 (18.5s)
  [B-finetune] epoch 8/25 lr=5.0e-06 train_loss=0.5229 train_acc=0.764 val_loss=0.6447 val_acc=0.726 val_macroF1=0.684 val_cancerRecall=0.704 (18.4s)
  [B-finetune] early stopping at epoch 8 (no val macro-F1 improvement for 6 epochs)
=== resnet50 fold 4 DONE -- best val macro-F1 = 0.6978 ===

=== ALL FOLDS DONE ===
  efficientnet_b0_fold0: best val macro-F1 = 0.7102
  efficientnet_b0_fold1: best val macro-F1 = 0.6988
  efficientnet_b0_fold2: best val macro-F1 = 0.6961
  efficientnet_b0_fold3: best val macro-F1 = 0.7109
  efficientnet_b0_fold4: best val macro-F1 = 0.7010
  resnet50_fold0: best val macro-F1 = 0.7116
  resnet50_fold1: best val macro-F1 = 0.7150
  resnet50_fold2: best val macro-F1 = 0.7057
  resnet50_fold3: best val macro-F1 = 0.7053
  resnet50_fold4: best val macro-F1 = 0.6978
